T 1 2.47 max 2.47 acc 1.00 ema 1.00 evals 7 cpu 2.06 maxcpu 2.06
T 2 1.51 max 2.47 acc 1.00 ema 1.00 evals 12 cpu 1.51 maxcpu 2.06
T 3 1.82 max 2.47 acc 1.00 ema 1.00 evals 22 cpu 1.75 maxcpu 2.06
T 4 2.87 max 2.87 acc 1.00 ema 1.00 evals 32 cpu 2.71 maxcpu 2.71
T 5 2.99 max 2.99 acc 1.00 ema 1.00 evals 32 cpu 2.83 maxcpu 2.83
T 6 4.13 max 4.13 acc 1.00 ema 1.00 evals 32 cpu 4.12 maxcpu 4.12
T 7 3.94 max 4.13 acc 1.00 ema 1.00 evals 37 cpu 3.61 maxcpu 4.12
T 8 3.65 max 4.13 acc 1.00 ema 1.00 evals 38 cpu 3.44 maxcpu 4.12
T 9 5.86 max 5.86 acc 1.00 ema 1.00 evals 38 cpu 4.92 maxcpu 4.92
T 10 3.96 max 5.86 acc 1.00 ema 1.00 evals 40 cpu 3.84 maxcpu 4.92
T 11 5.99 max 5.99 acc 0.95 ema 0.98 evals 47 cpu 5.97 maxcpu 5.97
T 12 4.60 max 5.99 acc 0.94 ema 1.00 evals 47 cpu 4.51 maxcpu 5.97
T 13 8.63 max 8.63 acc 0.93 ema 0.97 evals 74 cpu 7.90 maxcpu 7.90
T 14 8.99 max 8.99 acc 0.98 ema 0.98 evals 77 cpu 8.99 maxcpu 8.99
T 15 10.74 max 10.74 acc 0.96 ema 0.97 evals 96 cpu 10.74 maxcpu 10.74
T 16 11.17 max 11.17 acc 1.00 ema 0.98 evals 81 cpu 9.49 maxcpu 10.74
T 17 9.51 max 11.17 acc 0.99 ema 0.98 evals 86 cpu 9.51 maxcpu 10.74
T 18 8.60 max 11.17 acc 1.00 ema 0.99 evals 89 cpu 8.59 maxcpu 10.74
T 19 11.53 max 11.53 acc 1.00 ema 0.99 evals 100 cpu 11.53 maxcpu 11.53
T 20 14.50 max 14.50 acc 1.00 ema 1.00 evals 97 cpu 10.76 maxcpu 11.53
T 21 21.38 max 21.38 acc 1.00 ema 1.00 evals 103 cpu 12.61 maxcpu 12.61
T 22 22.84 max 22.84 acc 1.00 ema 1.00 evals 92 cpu 10.40 maxcpu 12.61
T 23 9.47 max 22.84 acc 1.00 ema 1.00 evals 81 cpu 8.35 maxcpu 12.61
T 24 13.68 max 22.84 acc 1.00 ema 1.00 evals 90 cpu 10.43 maxcpu 12.61
T 25 9.89 max 22.84 acc 1.00 ema 1.00 evals 82 cpu 9.87 maxcpu 12.61
T 26 9.90 max 22.84 acc 1.00 ema 1.00 evals 95 cpu 9.78 maxcpu 12.61
T 27 12.30 max 22.84 acc 1.00 ema 1.00 evals 99 cpu 11.58 maxcpu 12.61
T 28 11.42 max 22.84 acc 1.00 ema 1.00 evals 90 cpu 11.39 maxcpu 12.61
T 29 9.93 max 22.84 acc 1.00 ema 1.00 evals 98 cpu 9.92 maxcpu 12.61
T 30 13.15 max 22.84 acc 1.00 ema 1.00 evals 107 cpu 12.82 maxcpu 12.82
T 31 15.18 max 22.84 acc 1.00 ema 1.00 evals 122 cpu 13.28 maxcpu 13.28
T 32 20.74 max 22.84 acc 0.97 ema 0.99 evals 108 cpu 13.20 maxcpu 13.28
T 33 12.50 max 22.84 acc 1.00 ema 0.99 evals 96 cpu 9.67 maxcpu 13.28
T 34 18.98 max 22.84 acc 1.00 ema 1.00 evals 112 cpu 13.59 maxcpu 13.59
T 35 32.29 max 32.29 acc 1.00 ema 1.00 evals 112 cpu 12.09 maxcpu 13.59
T 36 17.09 max 32.29 acc 1.00 ema 1.00 evals 104 cpu 11.24 maxcpu 13.59
T 37 9.16 max 32.29 acc 1.00 ema 1.00 evals 97 cpu 8.87 maxcpu 13.59
T 38 9.52 max 32.29 acc 1.00 ema 1.00 evals 103 cpu 9.30 maxcpu 13.59
T 39 12.11 max 32.29 acc 1.00 ema 1.00 evals 103 cpu 12.07 maxcpu 13.59
T 40 10.46 max 32.29 acc 1.00 ema 1.00 evals 92 cpu 8.25 maxcpu 13.59
T 41 12.79 max 32.29 acc 1.00 ema 1.00 evals 87 cpu 10.71 maxcpu 13.59
T 42 11.27 max 32.29 acc 1.00 ema 1.00 evals 114 cpu 11.15 maxcpu 13.59
T 43 10.94 max 32.29 acc 1.00 ema 1.00 evals 88 cpu 10.61 maxcpu 13.59
T 44 17.38 max 32.29 acc 1.00 ema 1.00 evals 89 cpu 9.18 maxcpu 13.59
T 45 9.50 max 32.29 acc 1.00 ema 1.00 evals 71 cpu 9.21 maxcpu 13.59
T 46 15.81 max 32.29 acc 1.00 ema 1.00 evals 100 cpu 11.32 maxcpu 13.59
T 47 10.88 max 32.29 acc 1.00 ema 1.00 evals 103 cpu 10.88 maxcpu 13.59
T 48 20.38 max 32.29 acc 1.00 ema 1.00 evals 114 cpu 11.58 maxcpu 13.59
T 49 17.53 max 32.29 acc 1.00 ema 1.00 evals 118 cpu 12.68 maxcpu 13.59
T 50 14.08 max 32.29 acc 1.00 ema 1.00 evals 107 cpu 10.44 maxcpu 13.59
T 51 25.73 max 32.29 acc 1.00 ema 1.00 evals 111 cpu 12.69 maxcpu 13.59
T 52 13.72 max 32.29 acc 1.00 ema 1.00 evals 107 cpu 9.98 maxcpu 13.59
T 53 50.42 max 50.42 acc 1.00 ema 1.00 evals 99 cpu 11.96 maxcpu 13.59
T 54 8.62 max 50.42 acc 1.00 ema 1.00 evals 78 cpu 7.47 maxcpu 13.59
T 55 6.59 max 50.42 acc 1.00 ema 1.00 evals 69 cpu 6.52 maxcpu 13.59
T 56 7.85 max 50.42 acc 1.00 ema 1.00 evals 84 cpu 7.85 maxcpu 13.59
T 57 8.32 max 50.42 acc 1.00 ema 1.00 evals 100 cpu 8.26 maxcpu 13.59
T 58 7.87 max 50.42 acc 1.00 ema 1.00 evals 94 cpu 7.86 maxcpu 13.59
T 59 7.49 max 50.42 acc 1.00 ema 1.00 evals 87 cpu 7.46 maxcpu 13.59
T 60 8.42 max 50.42 acc 1.00 ema 1.00 evals 97 cpu 8.29 maxcpu 13.59
T 61 7.80 max 50.42 acc 1.00 ema 1.00 evals 97 cpu 7.80 maxcpu 13.59
T 62 7.09 max 50.42 acc 1.00 ema 1.00 evals 84 cpu 7.08 maxcpu 13.59
T 63 20.01 max 50.42 acc 1.00 ema 1.00 evals 97 cpu 11.48 maxcpu 13.59
T 64 8.67 max 50.42 acc 1.00 ema 1.00 evals 73 cpu 8.67 maxcpu 13.59
T 65 20.70 max 50.42 acc 1.00 ema 1.00 evals 95 cpu 11.01 maxcpu 13.59
T 66 15.25 max 50.42 acc 1.00 ema 1.00 evals 93 cpu 10.82 maxcpu 13.59
T 67 8.91 max 50.42 acc 1.00 ema 1.00 evals 80 cpu 8.80 maxcpu 13.59
T 68 11.00 max 50.42 acc 0.97 ema 0.99 evals 93 cpu 9.66 maxcpu 13.59
T 69 14.93 max 50.42 acc 1.00 ema 0.99 evals 83 cpu 9.79 maxcpu 13.59
T 70 11.58 max 50.42 acc 1.00 ema 1.00 evals 76 cpu 8.47 maxcpu 13.59
T 71 12.07 max 50.42 acc 1.00 ema 1.00 evals 98 cpu 11.02 maxcpu 13.59
T 72 7.90 max 50.42 acc 0.95 ema 0.98 evals 99 cpu 7.86 maxcpu 13.59
T 73 6.87 max 50.42 acc 1.00 ema 0.99 evals 75 cpu 6.47 maxcpu 13.59
T 74 7.65 max 50.42 acc 1.00 ema 0.99 evals 97 cpu 7.54 maxcpu 13.59
T 75 7.37 max 50.42 acc 1.00 ema 1.00 evals 68 cpu 7.37 maxcpu 13.59
T 76 8.75 max 50.42 acc 1.00 ema 1.00 evals 74 cpu 8.74 maxcpu 13.59
