T 1 2.36 max 2.36 acc 1.00 ema 1.00 evals 7 cpu 2.04 maxcpu 2.04
T 2 1.24 max 2.36 acc 1.00 ema 1.00 evals 12 cpu 1.23 maxcpu 2.04
T 3 2.00 max 2.36 acc 1.00 ema 1.00 evals 22 cpu 1.85 maxcpu 2.04
T 4 3.09 max 3.09 acc 1.00 ema 1.00 evals 32 cpu 2.91 maxcpu 2.91
T 5 3.67 max 3.67 acc 1.00 ema 1.00 evals 32 cpu 3.33 maxcpu 3.33
T 6 3.96 max 3.96 acc 1.00 ema 1.00 evals 32 cpu 3.86 maxcpu 3.86
T 7 3.29 max 3.96 acc 1.00 ema 1.00 evals 37 cpu 3.25 maxcpu 3.86
T 8 3.41 max 3.96 acc 1.00 ema 1.00 evals 38 cpu 3.36 maxcpu 3.86
T 9 3.71 max 3.96 acc 1.00 ema 1.00 evals 38 cpu 3.54 maxcpu 3.86
T 10 4.52 max 4.52 acc 1.00 ema 1.00 evals 40 cpu 4.04 maxcpu 4.04
T 11 5.16 max 5.16 acc 1.00 ema 1.00 evals 47 cpu 5.09 maxcpu 5.09
T 12 6.44 max 6.44 acc 1.00 ema 1.00 evals 48 cpu 6.43 maxcpu 6.43
T 13 9.16 max 9.16 acc 1.00 ema 1.00 evals 74 cpu 9.10 maxcpu 9.10
T 14 7.08 max 9.16 acc 1.00 ema 1.00 evals 79 cpu 6.90 maxcpu 9.10
T 15 11.37 max 11.37 acc 1.00 ema 1.00 evals 110 cpu 11.28 maxcpu 11.28
T 16 12.85 max 12.85 acc 0.99 ema 0.99 evals 94 cpu 9.07 maxcpu 11.28
T 17 9.93 max 12.85 acc 0.99 ema 0.99 evals 89 cpu 9.93 maxcpu 11.28
T 18 13.11 max 13.11 acc 1.00 ema 0.99 evals 111 cpu 10.03 maxcpu 11.28
T 19 11.52 max 13.11 acc 1.00 ema 1.00 evals 107 cpu 11.20 maxcpu 11.28
T 20 19.57 max 19.57 acc 1.00 ema 1.00 evals 104 cpu 11.27 maxcpu 11.28
T 21 19.56 max 19.57 acc 1.00 ema 1.00 evals 95 cpu 10.18 maxcpu 11.28
T 22 10.33 max 19.57 acc 1.00 ema 1.00 evals 95 cpu 10.03 maxcpu 11.28
T 23 15.07 max 19.57 acc 1.00 ema 1.00 evals 100 cpu 11.54 maxcpu 11.54
T 24 11.15 max 19.57 acc 1.00 ema 1.00 evals 94 cpu 11.12 maxcpu 11.54
T 25 9.93 max 19.57 acc 1.00 ema 1.00 evals 104 cpu 9.92 maxcpu 11.54
T 26 12.66 max 19.57 acc 1.00 ema 1.00 evals 105 cpu 12.66 maxcpu 12.66
T 27 15.13 max 19.57 acc 0.95 ema 0.98 evals 129 cpu 14.64 maxcpu 14.64
T 28 16.90 max 19.57 acc 1.00 ema 0.99 evals 123 cpu 14.60 maxcpu 14.64
T 29 17.22 max 19.57 acc 1.00 ema 0.99 evals 140 cpu 17.22 maxcpu 17.22
T 30 20.88 max 20.88 acc 0.92 ema 0.96 evals 140 cpu 15.82 maxcpu 17.22
T 31 13.81 max 20.88 acc 1.00 ema 0.98 evals 112 cpu 12.16 maxcpu 17.22
T 32 14.11 max 20.88 acc 0.90 ema 0.95 evals 112 cpu 13.98 maxcpu 17.22
T 33 45.05 max 45.05 acc 0.99 ema 0.96 evals 125 cpu 14.28 maxcpu 17.22
T 34 11.81 max 45.05 acc 0.95 ema 0.96 evals 102 cpu 11.34 maxcpu 17.22
T 35 18.94 max 45.05 acc 1.00 ema 0.97 evals 122 cpu 14.27 maxcpu 17.22
T 36 13.38 max 45.05 acc 1.00 ema 0.98 evals 126 cpu 12.62 maxcpu 17.22
T 37 14.96 max 45.05 acc 1.00 ema 0.99 evals 131 cpu 12.62 maxcpu 17.22
T 38 16.87 max 45.05 acc 0.99 ema 0.99 evals 120 cpu 11.83 maxcpu 17.22
T 39 13.29 max 45.05 acc 1.00 ema 0.99 evals 118 cpu 11.34 maxcpu 17.22
T 40 14.58 max 45.05 acc 0.94 ema 0.97 evals 121 cpu 13.53 maxcpu 17.22
T 41 16.30 max 45.05 acc 1.00 ema 0.98 evals 108 cpu 10.43 maxcpu 17.22
T 42 28.85 max 45.05 acc 1.00 ema 0.99 evals 103 cpu 11.88 maxcpu 17.22
T 43 11.87 max 45.05 acc 1.00 ema 0.99 evals 101 cpu 11.87 maxcpu 17.22
T 44 29.56 max 45.05 acc 1.00 ema 1.00 evals 93 cpu 9.46 maxcpu 17.22
T 45 9.15 max 45.05 acc 1.00 ema 1.00 evals 80 cpu 9.15 maxcpu 17.22
T 46 18.09 max 45.05 acc 1.00 ema 1.00 evals 93 cpu 11.81 maxcpu 17.22
T 47 10.17 max 45.05 acc 1.00 ema 1.00 evals 87 cpu 10.17 maxcpu 17.22
T 48 14.10 max 45.05 acc 0.87 ema 0.95 evals 115 cpu 13.63 maxcpu 17.22
T 49 28.30 max 45.05 acc 0.99 ema 0.96 evals 123 cpu 14.11 maxcpu 17.22
T 50 46.08 max 46.08 acc 1.00 ema 0.98 evals 109 cpu 14.01 maxcpu 17.22
T 51 24.90 max 46.08 acc 1.00 ema 0.99 evals 117 cpu 11.92 maxcpu 17.22
T 52 39.52 max 46.08 acc 1.00 ema 0.99 evals 125 cpu 14.98 maxcpu 17.22
T 53 14.86 max 46.08 acc 1.00 ema 1.00 evals 127 cpu 14.85 maxcpu 17.22
T 54 13.73 max 46.08 acc 1.00 ema 1.00 evals 100 cpu 12.21 maxcpu 17.22
T 55 47.87 max 47.87 acc 1.00 ema 1.00 evals 126 cpu 15.66 maxcpu 17.22
T 56 14.35 max 47.87 acc 0.93 ema 0.97 evals 107 cpu 12.99 maxcpu 17.22
T 57 13.68 max 47.87 acc 0.89 ema 0.94 evals 116 cpu 13.68 maxcpu 17.22
T 58 19.28 max 47.87 acc 0.92 ema 0.93 evals 105 cpu 12.07 maxcpu 17.22
T 59 12.74 max 47.87 acc 0.98 ema 0.95 evals 104 cpu 12.74 maxcpu 17.22
T 60 11.94 max 47.87 acc 0.96 ema 0.96 evals 89 cpu 10.86 maxcpu 17.22
T 61 12.99 max 47.87 acc 0.98 ema 0.97 evals 104 cpu 12.62 maxcpu 17.22
T 62 36.09 max 47.87 acc 1.00 ema 0.98 evals 92 cpu 10.45 maxcpu 17.22
T 63 13.25 max 47.87 acc 1.00 ema 0.99 evals 108 cpu 13.25 maxcpu 17.22
T 64 12.48 max 47.87 acc 1.00 ema 0.99 evals 103 cpu 12.48 maxcpu 17.22
T 65 18.06 max 47.87 acc 0.96 ema 0.98 evals 104 cpu 11.76 maxcpu 17.22
T 66 33.55 max 47.87 acc 0.94 ema 0.96 evals 127 cpu 15.62 maxcpu 17.22
T 67 21.79 max 47.87 acc 1.00 ema 0.98 evals 121 cpu 13.30 maxcpu 17.22
T 68 15.63 max 47.87 acc 1.00 ema 0.99 evals 124 cpu 15.33 maxcpu 17.22
T 69 11.91 max 47.87 acc 1.00 ema 0.99 evals 96 cpu 11.91 maxcpu 17.22
T 70 12.55 max 47.87 acc 1.00 ema 1.00 evals 113 cpu 11.99 maxcpu 17.22
T 71 10.48 max 47.87 acc 1.00 ema 1.00 evals 109 cpu 10.35 maxcpu 17.22
T 72 9.15 max 47.87 acc 1.00 ema 1.00 evals 99 cpu 8.47 maxcpu 17.22
T 73 10.12 max 47.87 acc 1.00 ema 1.00 evals 89 cpu 10.09 maxcpu 17.22
T 74 10.00 max 47.87 acc 1.00 ema 1.00 evals 106 cpu 10.00 maxcpu 17.22
T 75 12.97 max 47.87 acc 1.00 ema 1.00 evals 107 cpu 12.08 maxcpu 17.22
T 76 11.35 max 47.87 acc 1.00 ema 1.00 evals 120 cpu 10.86 maxcpu 17.22
T 77 11.79 max 47.87 acc 1.00 ema 1.00 evals 121 cpu 11.79 maxcpu 17.22
T 78 13.67 max 47.87 acc 1.00 ema 1.00 evals 120 cpu 13.53 maxcpu 17.22
T 79 13.92 max 47.87 acc 1.00 ema 1.00 evals 107 cpu 12.32 maxcpu 17.22
T 80 11.60 max 47.87 acc 1.00 ema 1.00 evals 96 cpu 11.32 maxcpu 17.22
T 81 7.54 max 47.87 acc 1.00 ema 1.00 evals 64 cpu 6.17 maxcpu 17.22
T 82 9.54 max 47.87 acc 1.00 ema 1.00 evals 69 cpu 8.82 maxcpu 17.22
T 83 9.77 max 47.87 acc 1.00 ema 1.00 evals 80 cpu 9.75 maxcpu 17.22
T 84 10.95 max 47.87 acc 1.00 ema 1.00 evals 88 cpu 10.54 maxcpu 17.22
