T 1 1.75 max 1.75 acc 1.00 ema 1.00 evals 7 cpu 1.75 maxcpu 1.75
T 2 1.78 max 1.78 acc 1.00 ema 1.00 evals 12 cpu 1.64 maxcpu 1.75
T 3 1.74 max 1.78 acc 1.00 ema 1.00 evals 22 cpu 1.74 maxcpu 1.75
T 4 2.93 max 2.93 acc 1.00 ema 1.00 evals 32 cpu 2.85 maxcpu 2.85
T 5 2.95 max 2.95 acc 0.70 ema 1.00 evals 32 cpu 2.90 maxcpu 2.90
T 6 2.83 max 2.95 acc 1.00 ema 1.00 evals 32 cpu 2.70 maxcpu 2.90
T 7 3.60 max 3.60 acc 1.00 ema 1.00 evals 37 cpu 3.55 maxcpu 3.55
T 8 3.90 max 3.90 acc 1.00 ema 1.00 evals 38 cpu 3.78 maxcpu 3.78
T 9 5.36 max 5.36 acc 1.00 ema 1.00 evals 38 cpu 4.59 maxcpu 4.59
T 10 5.10 max 5.36 acc 1.00 ema 1.00 evals 41 cpu 4.53 maxcpu 4.59
T 11 4.07 max 5.36 acc 1.00 ema 1.00 evals 45 cpu 4.01 maxcpu 4.59
T 12 6.43 max 6.43 acc 1.00 ema 1.00 evals 49 cpu 6.43 maxcpu 6.43
T 13 8.08 max 8.08 acc 0.84 ema 0.94 evals 67 cpu 7.72 maxcpu 7.72
T 14 9.40 max 9.40 acc 0.95 ema 0.94 evals 77 cpu 9.40 maxcpu 9.40
T 15 10.70 max 10.70 acc 1.00 ema 0.97 evals 90 cpu 10.48 maxcpu 10.48
T 16 19.08 max 19.08 acc 0.98 ema 0.97 evals 77 cpu 9.14 maxcpu 10.48
T 17 7.29 max 19.08 acc 0.97 ema 0.97 evals 78 cpu 7.16 maxcpu 10.48
T 18 8.75 max 19.08 acc 1.00 ema 0.98 evals 75 cpu 8.75 maxcpu 10.48
T 19 8.34 max 19.08 acc 1.00 ema 0.99 evals 68 cpu 8.24 maxcpu 10.48
T 20 8.38 max 19.08 acc 1.00 ema 0.99 evals 69 cpu 7.18 maxcpu 10.48
T 21 8.70 max 19.08 acc 1.00 ema 1.00 evals 88 cpu 8.68 maxcpu 10.48
T 22 12.01 max 19.08 acc 1.00 ema 1.00 evals 102 cpu 11.49 maxcpu 11.49
T 23 32.90 max 32.90 acc 0.94 ema 0.98 evals 83 cpu 8.54 maxcpu 11.49
T 24 10.43 max 32.90 acc 0.96 ema 0.97 evals 87 cpu 10.43 maxcpu 11.49
T 25 11.99 max 32.90 acc 0.96 ema 0.97 evals 106 cpu 11.91 maxcpu 11.91
T 26 11.97 max 32.90 acc 1.00 ema 0.98 evals 108 cpu 11.76 maxcpu 11.91
T 27 8.74 max 32.90 acc 1.00 ema 0.99 evals 96 cpu 8.74 maxcpu 11.91
T 28 10.34 max 32.90 acc 1.00 ema 0.99 evals 89 cpu 10.34 maxcpu 11.91
T 29 9.29 max 32.90 acc 1.00 ema 1.00 evals 81 cpu 9.29 maxcpu 11.91
T 30 9.42 max 32.90 acc 1.00 ema 1.00 evals 107 cpu 9.42 maxcpu 11.91
T 31 10.57 max 32.90 acc 1.00 ema 1.00 evals 95 cpu 10.57 maxcpu 11.91
T 32 9.46 max 32.90 acc 1.00 ema 1.00 evals 81 cpu 9.36 maxcpu 11.91
T 33 9.02 max 32.90 acc 1.00 ema 1.00 evals 88 cpu 8.65 maxcpu 11.91
T 34 13.56 max 32.90 acc 1.00 ema 1.00 evals 95 cpu 10.16 maxcpu 11.91
T 35 9.84 max 32.90 acc 1.00 ema 1.00 evals 81 cpu 8.52 maxcpu 11.91
T 36 10.49 max 32.90 acc 1.00 ema 1.00 evals 81 cpu 8.90 maxcpu 11.91
T 37 8.92 max 32.90 acc 1.00 ema 1.00 evals 75 cpu 8.92 maxcpu 11.91
T 38 7.31 max 32.90 acc 1.00 ema 1.00 evals 73 cpu 7.15 maxcpu 11.91
T 39 11.97 max 32.90 acc 1.00 ema 1.00 evals 73 cpu 9.00 maxcpu 11.91
T 40 24.23 max 32.90 acc 1.00 ema 1.00 evals 73 cpu 7.56 maxcpu 11.91
T 41 17.15 max 32.90 acc 0.87 ema 0.95 evals 87 cpu 9.95 maxcpu 11.91
T 42 9.80 max 32.90 acc 1.00 ema 0.97 evals 106 cpu 9.27 maxcpu 11.91
T 43 13.45 max 32.90 acc 0.89 ema 0.94 evals 109 cpu 12.42 maxcpu 12.42
T 44 9.55 max 32.90 acc 1.00 ema 0.96 evals 99 cpu 9.53 maxcpu 12.42
T 45 11.55 max 32.90 acc 1.00 ema 0.98 evals 90 cpu 10.09 maxcpu 12.42
T 46 7.53 max 32.90 acc 1.00 ema 0.99 evals 77 cpu 7.37 maxcpu 12.42
T 47 11.59 max 32.90 acc 1.00 ema 0.99 evals 101 cpu 11.59 maxcpu 12.42
T 48 11.19 max 32.90 acc 1.00 ema 1.00 evals 100 cpu 10.46 maxcpu 12.42
T 49 10.90 max 32.90 acc 0.91 ema 0.96 evals 100 cpu 10.79 maxcpu 12.42
T 50 13.33 max 32.90 acc 1.00 ema 0.98 evals 120 cpu 13.33 maxcpu 13.33
T 51 35.39 max 35.39 acc 1.00 ema 0.99 evals 95 cpu 9.31 maxcpu 13.33
T 52 19.38 max 35.39 acc 1.00 ema 0.99 evals 94 cpu 10.64 maxcpu 13.33
T 53 12.54 max 35.39 acc 1.00 ema 1.00 evals 102 cpu 12.52 maxcpu 13.33
T 54 13.29 max 35.39 acc 1.00 ema 1.00 evals 106 cpu 10.71 maxcpu 13.33
T 55 12.78 max 35.39 acc 1.00 ema 1.00 evals 95 cpu 9.00 maxcpu 13.33
T 56 10.11 max 35.39 acc 1.00 ema 1.00 evals 78 cpu 10.11 maxcpu 13.33
T 57 40.67 max 40.67 acc 1.00 ema 1.00 evals 120 cpu 15.43 maxcpu 15.43
T 58 23.61 max 40.67 acc 1.00 ema 1.00 evals 125 cpu 12.56 maxcpu 15.43
T 59 36.78 max 40.67 acc 1.00 ema 1.00 evals 127 cpu 15.68 maxcpu 15.68
T 60 18.50 max 40.67 acc 1.00 ema 1.00 evals 130 cpu 14.18 maxcpu 15.68
T 61 22.10 max 40.67 acc 1.00 ema 1.00 evals 117 cpu 12.91 maxcpu 15.68
T 62 12.99 max 40.67 acc 1.00 ema 1.00 evals 100 cpu 11.54 maxcpu 15.68
T 63 21.05 max 40.67 acc 1.00 ema 1.00 evals 96 cpu 11.67 maxcpu 15.68
T 64 12.08 max 40.67 acc 1.00 ema 1.00 evals 100 cpu 11.10 maxcpu 15.68
T 65 12.02 max 40.67 acc 1.00 ema 1.00 evals 104 cpu 12.01 maxcpu 15.68
T 66 9.69 max 40.67 acc 1.00 ema 1.00 evals 77 cpu 9.48 maxcpu 15.68
T 67 11.76 max 40.67 acc 1.00 ema 1.00 evals 100 cpu 11.56 maxcpu 15.68
T 68 28.16 max 40.67 acc 1.00 ema 1.00 evals 114 cpu 13.38 maxcpu 15.68
T 69 7.38 max 40.67 acc 1.00 ema 1.00 evals 94 cpu 7.38 maxcpu 15.68
T 70 6.46 max 40.67 acc 1.00 ema 1.00 evals 73 cpu 6.12 maxcpu 15.68
T 71 7.64 max 40.67 acc 1.00 ema 1.00 evals 96 cpu 7.33 maxcpu 15.68
T 72 8.09 max 40.67 acc 1.00 ema 1.00 evals 70 cpu 8.09 maxcpu 15.68
T 73 6.81 max 40.67 acc 0.98 ema 0.99 evals 63 cpu 6.82 maxcpu 15.68
T 74 23.36 max 40.67 acc 1.00 ema 0.99 evals 71 cpu 6.99 maxcpu 15.68
T 75 9.70 max 40.67 acc 1.00 ema 1.00 evals 73 cpu 8.89 maxcpu 15.68
T 76 11.01 max 40.67 acc 1.00 ema 1.00 evals 78 cpu 8.29 maxcpu 15.68
T 77 10.83 max 40.67 acc 1.00 ema 1.00 evals 71 cpu 8.35 maxcpu 15.68
T 78 9.68 max 40.67 acc 1.00 ema 1.00 evals 70 cpu 8.61 maxcpu 15.68
T 79 9.76 max 40.67 acc 1.00 ema 1.00 evals 72 cpu 8.85 maxcpu 15.68
T 80 9.08 max 40.67 acc 0.96 ema 0.98 evals 73 cpu 8.86 maxcpu 15.68
T 81 7.40 max 40.67 acc 1.00 ema 0.99 evals 75 cpu 7.03 maxcpu 15.68
T 82 10.17 max 40.67 acc 1.00 ema 0.99 evals 84 cpu 10.17 maxcpu 15.68
T 83 20.67 max 40.67 acc 1.00 ema 1.00 evals 106 cpu 12.19 maxcpu 15.68
T 84 15.57 max 40.67 acc 1.00 ema 1.00 evals 96 cpu 11.16 maxcpu 15.68
T 85 8.83 max 40.67 acc 1.00 ema 1.00 evals 91 cpu 8.79 maxcpu 15.68
T 86 6.76 max 40.67 acc 1.00 ema 1.00 evals 60 cpu 6.74 maxcpu 15.68
T 87 8.95 max 40.67 acc 1.00 ema 1.00 evals 74 cpu 8.91 maxcpu 15.68
T 88 5.98 max 40.67 acc 1.00 ema 1.00 evals 69 cpu 5.92 maxcpu 15.68
T 89 8.99 max 40.67 acc 1.00 ema 1.00 evals 77 cpu 8.42 maxcpu 15.68
T 90 8.86 max 40.67 acc 1.00 ema 1.00 evals 83 cpu 8.86 maxcpu 15.68
