T 1 4.73 max 4.73 acc 1.00 ema 1.00 evals 7
T 2 5.95 max 5.95 acc 1.00 ema 1.00 evals 12
T 3 6.43 max 6.43 acc 1.00 ema 1.00 evals 22
T 4 11.77 max 11.77 acc 1.00 ema 1.00 evals 32
T 5 13.78 max 13.78 acc 1.00 ema 1.00 evals 30
T 6 10.47 max 13.78 acc 1.00 ema 1.00 evals 30
T 7 14.45 max 14.45 acc 1.00 ema 1.00 evals 35
T 8 23.82 max 23.82 acc 1.00 ema 1.00 evals 36
T 9 16.90 max 23.82 acc 1.00 ema 1.00 evals 36
T 10 11.09 max 23.82 acc 1.00 ema 1.00 evals 38
T 11 16.56 max 23.82 acc 1.00 ema 1.00 evals 45
T 12 15.27 max 23.82 acc 1.00 ema 1.00 evals 46
T 13 52.65 max 52.65 acc 1.00 ema 1.00 evals 58
T 14 41.44 max 52.65 acc 1.00 ema 1.00 evals 77
T 15 50.16 max 52.65 acc 1.00 ema 1.00 evals 98
T 16 34.57 max 52.65 acc 0.99 ema 1.00 evals 92
T 17 27.19 max 52.65 acc 0.99 ema 0.99 evals 87
T 18 28.73 max 52.65 acc 1.00 ema 1.00 evals 109
T 19 50.26 max 52.65 acc 1.00 ema 1.00 evals 53
T 20 50.99 max 52.65 acc 1.00 ema 1.00 evals 79
T 21 33.05 max 52.65 acc 1.00 ema 1.00 evals 93
T 22 50.09 max 52.65 acc 1.00 ema 1.00 evals 93
T 23 50.34 max 52.65 acc 1.00 ema 1.00 evals 83
T 24 41.82 max 52.65 acc 1.00 ema 1.00 evals 93
T 25 50.03 max 52.65 acc 1.00 ema 1.00 evals 98
T 26 51.68 max 52.65 acc 1.00 ema 1.00 evals 57
T 27 50.14 max 52.65 acc 0.95 ema 0.98 evals 98
T 28 50.04 max 52.65 acc 1.00 ema 0.99 evals 62
T 29 65.13 max 65.13 acc 1.00 ema 0.99 evals 98
T 30 50.24 max 65.13 acc 1.00 ema 0.99 evals 47
T 31 50.17 max 65.13 acc 1.00 ema 1.00 evals 95
T 32 50.17 max 65.13 acc 0.96 ema 0.98 evals 85
T 33 48.90 max 65.13 acc 0.99 ema 0.98 evals 102
T 34 50.38 max 65.13 acc 1.00 ema 0.99 evals 67
T 35 50.05 max 65.13 acc 0.99 ema 0.99 evals 86
T 36 50.18 max 65.13 acc 1.00 ema 0.99 evals 113
T 37 64.10 max 65.13 acc 0.97 ema 0.99 evals 66
T 38 50.62 max 65.13 acc 0.97 ema 0.98 evals 72
T 39 51.10 max 65.13 acc 0.95 ema 0.97 evals 33
T 40 69.28 max 69.28 acc 0.99 ema 0.98 evals 90
T 41 50.06 max 69.28 acc 0.92 ema 0.96 evals 101
T 42 50.14 max 69.28 acc 1.00 ema 0.97 evals 125
T 43 71.81 max 71.81 acc 1.00 ema 0.98 evals 88
T 44 51.79 max 71.81 acc 1.00 ema 0.99 evals 80
T 45 51.64 max 71.81 acc 0.88 ema 0.95 evals 66
T 46 36.04 max 71.81 acc 1.00 ema 0.97 evals 100
T 47 29.86 max 71.81 acc 1.00 ema 0.98 evals 68
T 48 39.52 max 71.81 acc 1.00 ema 0.98 evals 78
T 49 50.15 max 71.81 acc 1.00 ema 0.99 evals 78
T 50 41.54 max 71.81 acc 0.93 ema 0.97 evals 108
T 51 49.69 max 71.81 acc 1.00 ema 0.98 evals 107
T 52 50.60 max 71.81 acc 1.00 ema 0.99 evals 116
T 53 58.99 max 71.81 acc 1.00 ema 0.99 evals 59
T 54 45.25 max 71.81 acc 0.99 ema 0.99 evals 113
T 55 50.03 max 71.81 acc 0.99 ema 0.99 evals 86
T 56 50.36 max 71.81 acc 0.99 ema 0.99 evals 77
T 57 50.65 max 71.81 acc 1.00 ema 0.99 evals 96
T 58 51.44 max 71.81 acc 1.00 ema 0.99 evals 62
T 59 41.96 max 71.81 acc 1.00 ema 1.00 evals 104
T 60 50.29 max 71.81 acc 1.00 ema 1.00 evals 95
T 61 50.12 max 71.81 acc 1.00 ema 1.00 evals 101
T 62 51.92 max 71.81 acc 1.00 ema 1.00 evals 85
T 63 51.40 max 71.81 acc 1.00 ema 1.00 evals 87
T 64 50.16 max 71.81 acc 1.00 ema 1.00 evals 40
T 65 50.11 max 71.81 acc 1.00 ema 1.00 evals 63
T 66 50.19 max 71.81 acc 1.00 ema 1.00 evals 71
T 67 51.98 max 71.81 acc 0.98 ema 0.99 evals 50
T 68 50.74 max 71.81 acc 1.00 ema 1.00 evals 77
T 69 50.20 max 71.81 acc 1.00 ema 1.00 evals 98
T 70 50.29 max 71.81 acc 1.00 ema 1.00 evals 105
T 71 44.38 max 71.81 acc 0.97 ema 0.99 evals 93
T 72 44.31 max 71.81 acc 0.82 ema 0.94 evals 95
T 73 50.16 max 71.81 acc 0.97 ema 0.95 evals 121
T 74 46.60 max 71.81 acc 1.00 ema 0.96 evals 103
T 75 66.39 max 71.81 acc 1.00 ema 0.97 evals 80
T 76 60.47 max 71.81 acc 1.00 ema 0.98 evals 60
T 77 53.14 max 71.81 acc 1.00 ema 0.99 evals 100
T 78 50.04 max 71.81 acc 1.00 ema 0.99 evals 68
T 79 50.08 max 71.81 acc 1.00 ema 0.99 evals 39
T 80 50.58 max 71.81 acc 1.00 ema 1.00 evals 93
T 81 46.67 max 71.81 acc 1.00 ema 1.00 evals 115
T 82 52.80 max 71.81 acc 0.98 ema 0.99 evals 37
T 83 50.52 max 71.81 acc 0.91 ema 0.97 evals 94
T 84 50.37 max 71.81 acc 1.00 ema 0.98 evals 86
T 85 35.25 max 71.81 acc 0.91 ema 0.96 evals 83
T 86 38.93 max 71.81 acc 1.00 ema 0.97 evals 79
T 87 51.99 max 71.81 acc 1.00 ema 0.98 evals 52
T 88 26.10 max 71.81 acc 1.00 ema 0.99 evals 69
T 89 29.12 max 71.81 acc 1.00 ema 0.99 evals 83
T 90 42.99 max 71.81 acc 1.00 ema 0.99 evals 102
T 91 39.00 max 71.81 acc 1.00 ema 0.99 evals 97
T 92 38.89 max 71.81 acc 1.00 ema 1.00 evals 105
T 93 31.93 max 71.81 acc 1.00 ema 1.00 evals 90
T 94 40.49 max 71.81 acc 1.00 ema 1.00 evals 108
T 95 40.55 max 71.81 acc 0.98 ema 0.99 evals 107
T 96 35.82 max 71.81 acc 0.81 ema 0.94 evals 107
T 97 41.83 max 71.81 acc 1.00 ema 0.96 evals 108
T 98 33.64 max 71.81 acc 1.00 ema 0.97 evals 94
T 99 42.26 max 71.81 acc 1.00 ema 0.98 evals 113
T 100 42.76 max 71.81 acc 1.00 ema 0.99 evals 114
T 101 61.52 max 71.81 acc 0.98 ema 0.99 evals 69
T 102 49.97 max 71.81 acc 1.00 ema 0.99 evals 89
T 103 48.94 max 71.81 acc 0.92 ema 0.97 evals 83
T 104 50.23 max 71.81 acc 0.91 ema 0.95 evals 46
T 105 50.37 max 71.81 acc 1.00 ema 0.97 evals 39
T 106 45.72 max 71.81 acc 1.00 ema 0.98 evals 96
T 107 43.84 max 71.81 acc 1.00 ema 0.98 evals 99
T 108 44.94 max 71.81 acc 1.00 ema 0.99 evals 92
T 109 50.33 max 71.81 acc 1.00 ema 0.99 evals 104
T 110 50.19 max 71.81 acc 1.00 ema 0.99 evals 110
T 111 45.78 max 71.81 acc 1.00 ema 1.00 evals 113
T 112 51.79 max 71.81 acc 1.00 ema 1.00 evals 91
T 113 50.41 max 71.81 acc 1.00 ema 1.00 evals 109
T 114 43.20 max 71.81 acc 1.00 ema 1.00 evals 110
T 115 34.40 max 71.81 acc 1.00 ema 1.00 evals 108
T 116 30.73 max 71.81 acc 1.00 ema 1.00 evals 91
T 117 22.14 max 71.81 acc 1.00 ema 1.00 evals 60
T 118 25.74 max 71.81 acc 1.00 ema 1.00 evals 71
T 119 30.01 max 71.81 acc 1.00 ema 1.00 evals 85
T 120 38.43 max 71.81 acc 1.00 ema 1.00 evals 98
T 121 30.94 max 71.81 acc 1.00 ema 1.00 evals 76
T 122 47.35 max 71.81 acc 1.00 ema 1.00 evals 118
T 123 62.97 max 71.81 acc 1.00 ema 1.00 evals 55
T 124 36.99 max 71.81 acc 0.96 ema 0.99 evals 85
T 125 51.22 max 71.81 acc 1.00 ema 0.99 evals 75
T 126 42.73 max 71.81 acc 1.00 ema 0.99 evals 110
T 127 36.01 max 71.81 acc 1.00 ema 1.00 evals 109
T 128 39.23 max 71.81 acc 1.00 ema 1.00 evals 102
T 129 31.59 max 71.81 acc 1.00 ema 1.00 evals 85
T 130 36.12 max 71.81 acc 1.00 ema 1.00 evals 93
T 131 50.30 max 71.81 acc 1.00 ema 1.00 evals 108
T 132 50.15 max 71.81 acc 1.00 ema 1.00 evals 125
T 133 50.10 max 71.81 acc 1.00 ema 1.00 evals 132
T 134 39.91 max 71.81 acc 1.00 ema 1.00 evals 102
T 135 46.34 max 71.81 acc 1.00 ema 1.00 evals 119
T 136 51.06 max 71.81 acc 1.00 ema 1.00 evals 109
T 137 34.06 max 71.81 acc 1.00 ema 1.00 evals 114
T 138 37.28 max 71.81 acc 1.00 ema 1.00 evals 119
T 139 30.92 max 71.81 acc 1.00 ema 1.00 evals 103
T 140 37.20 max 71.81 acc 1.00 ema 1.00 evals 77
T 141 23.10 max 71.81 acc 1.00 ema 1.00 evals 71
