T 1 12.45 max 12.45 acc 1.00 ema 1.00 evals 7
T 2 8.54 max 12.45 acc 0.00 ema 0.70 evals 12
T 3 16.18 max 16.18 acc 0.20 ema 0.55 evals 22
T 4 11.18 max 16.18 acc 0.57 ema 0.56 evals 32
T 5 18.42 max 18.42 acc 0.33 ema 0.49 evals 30
T 6 14.70 max 18.42 acc 0.73 ema 0.56 evals 30
T 7 14.98 max 18.42 acc 0.47 ema 0.53 evals 35
T 8 9.10 max 18.42 acc 0.35 ema 0.48 evals 36
T 9 10.08 max 18.42 acc 0.32 ema 0.43 evals 33
T 10 13.74 max 18.42 acc 0.48 ema 0.45 evals 35
T 11 15.79 max 18.42 acc 0.41 ema 0.44 evals 38
T 12 27.22 max 27.22 acc 0.28 ema 0.39 evals 54
T 13 50.04 max 50.04 acc 0.38 ema 0.39 evals 44
T 14 50.11 max 50.11 acc 0.21 ema 0.33 evals 89
T 15 28.81 max 50.11 acc 0.55 ema 0.40 evals 94
T 16 33.70 max 50.11 acc 0.65 ema 0.47 evals 91
T 17 33.97 max 50.11 acc 0.46 ema 0.47 evals 96
T 18 42.98 max 50.11 acc 0.69 ema 0.54 evals 101
T 19 46.73 max 50.11 acc 0.53 ema 0.53 evals 89
T 20 52.54 max 52.54 acc 0.51 ema 0.53 evals 71
T 21 37.34 max 52.54 acc 0.54 ema 0.53 evals 75
T 22 43.04 max 52.54 acc 0.43 ema 0.50 evals 98
T 23 49.19 max 52.54 acc 0.45 ema 0.49 evals 86
T 24 40.21 max 52.54 acc 0.29 ema 0.43 evals 88
T 25 51.30 max 52.54 acc 0.48 ema 0.44 evals 64
T 26 50.06 max 52.54 acc 0.49 ema 0.46 evals 63
T 27 32.06 max 52.54 acc 0.47 ema 0.46 evals 86
T 28 50.23 max 52.54 acc 0.35 ema 0.43 evals 91
T 29 50.65 max 52.54 acc 0.57 ema 0.47 evals 91
T 30 50.64 max 52.54 acc 0.64 ema 0.52 evals 61
T 31 50.21 max 52.54 acc 0.57 ema 0.54 evals 65
T 32 51.21 max 52.54 acc 0.50 ema 0.53 evals 80
T 33 50.60 max 52.54 acc 0.67 ema 0.57 evals 92
T 34 52.72 max 52.72 acc 0.47 ema 0.54 evals 101
T 35 54.00 max 54.00 acc 0.55 ema 0.54 evals 62
T 36 53.39 max 54.00 acc 0.19 ema 0.44 evals 117
T 37 50.35 max 54.00 acc 0.39 ema 0.42 evals 54
T 38 50.11 max 54.00 acc 0.32 ema 0.39 evals 78
T 39 53.87 max 54.00 acc 0.46 ema 0.41 evals 55
T 40 50.90 max 54.00 acc 0.41 ema 0.41 evals 68
T 41 50.06 max 54.00 acc 0.52 ema 0.44 evals 67
T 42 53.26 max 54.00 acc 0.63 ema 0.50 evals 85
T 43 50.48 max 54.00 acc 0.51 ema 0.50 evals 91
T 44 50.13 max 54.00 acc 0.60 ema 0.53 evals 80
T 45 53.40 max 54.00 acc 0.67 ema 0.57 evals 60
T 46 50.22 max 54.00 acc 0.52 ema 0.56 evals 90
T 47 50.24 max 54.00 acc 0.48 ema 0.54 evals 64
T 48 53.48 max 54.00 acc 0.62 ema 0.56 evals 92
T 49 50.16 max 54.00 acc 0.67 ema 0.60 evals 79
T 50 50.05 max 54.00 acc 0.62 ema 0.60 evals 110
T 51 54.45 max 54.45 acc 0.77 ema 0.65 evals 82
T 52 54.97 max 54.97 acc 0.57 ema 0.63 evals 91
T 53 54.39 max 54.97 acc 0.49 ema 0.58 evals 96
T 54 50.49 max 54.97 acc 0.49 ema 0.56 evals 71
T 55 50.85 max 54.97 acc 0.38 ema 0.50 evals 91
T 56 50.18 max 54.97 acc 0.66 ema 0.55 evals 89
T 57 58.62 max 58.62 acc 0.87 ema 0.65 evals 92
T 58 50.18 max 58.62 acc 0.70 ema 0.66 evals 56
T 59 50.08 max 58.62 acc 0.49 ema 0.61 evals 99
T 60 51.16 max 58.62 acc 0.40 ema 0.55 evals 91
T 61 50.34 max 58.62 acc 0.50 ema 0.53 evals 100
T 62 50.07 max 58.62 acc 0.24 ema 0.45 evals 90
T 63 74.37 max 74.37 acc 0.54 ema 0.47 evals 58
T 64 50.49 max 74.37 acc 0.69 ema 0.54 evals 70
T 65 50.34 max 74.37 acc 0.40 ema 0.50 evals 69
T 66 50.03 max 74.37 acc 0.44 ema 0.48 evals 63
T 67 50.20 max 74.37 acc 0.33 ema 0.44 evals 42
T 68 50.54 max 74.37 acc 0.53 ema 0.46 evals 70
T 69 53.73 max 74.37 acc 0.45 ema 0.46 evals 101
T 70 58.05 max 74.37 acc 0.22 ema 0.39 evals 116
T 71 50.16 max 74.37 acc 0.45 ema 0.41 evals 104
T 72 50.10 max 74.37 acc 0.26 ema 0.36 evals 69
T 73 50.19 max 74.37 acc 0.54 ema 0.41 evals 115
T 74 51.96 max 74.37 acc 0.45 ema 0.42 evals 86
T 75 50.19 max 74.37 acc 0.37 ema 0.41 evals 59
T 76 50.74 max 74.37 acc 0.39 ema 0.40 evals 74
T 77 50.24 max 74.37 acc 0.69 ema 0.49 evals 63
T 78 50.28 max 74.37 acc 0.48 ema 0.49 evals 51
T 79 52.41 max 74.37 acc 0.56 ema 0.51 evals 64
T 80 50.85 max 74.37 acc 0.44 ema 0.49 evals 83
T 81 50.33 max 74.37 acc 0.36 ema 0.45 evals 52
T 82 50.37 max 74.37 acc 0.42 ema 0.44 evals 107
T 83 50.30 max 74.37 acc 0.29 ema 0.39 evals 104
