T 1 7.38 max 7.38 acc 1.00 ema 1.00 evals 7
T 2 4.04 max 7.38 acc 1.00 ema 1.00 evals 12
T 3 5.90 max 7.38 acc 1.00 ema 1.00 evals 22
T 4 10.38 max 10.38 acc 1.00 ema 1.00 evals 32
T 5 8.77 max 10.38 acc 1.00 ema 1.00 evals 30
T 6 16.33 max 16.33 acc 1.00 ema 1.00 evals 30
T 7 16.85 max 16.85 acc 1.00 ema 1.00 evals 35
T 8 9.74 max 16.85 acc 1.00 ema 1.00 evals 36
T 9 13.37 max 16.85 acc 1.00 ema 1.00 evals 36
T 10 12.18 max 16.85 acc 1.00 ema 1.00 evals 38
T 11 26.61 max 26.61 acc 0.95 ema 0.99 evals 45
T 12 16.60 max 26.61 acc 0.94 ema 0.97 evals 45
T 13 30.60 max 30.60 acc 0.77 ema 0.91 evals 72
T 14 36.73 max 36.73 acc 0.79 ema 0.87 evals 75
T 15 43.70 max 43.70 acc 0.84 ema 0.86 evals 94
T 16 41.76 max 43.70 acc 0.94 ema 0.89 evals 79
T 17 35.29 max 43.70 acc 0.82 ema 0.87 evals 84
T 18 35.78 max 43.70 acc 0.82 ema 0.85 evals 83
T 19 37.49 max 43.70 acc 0.87 ema 0.86 evals 100
T 20 49.15 max 49.15 acc 0.46 ema 0.74 evals 97
T 21 50.11 max 50.11 acc 0.79 ema 0.75 evals 92
T 22 46.75 max 50.11 acc 0.70 ema 0.74 evals 89
T 23 50.06 max 50.11 acc 0.57 ema 0.69 evals 84
T 24 63.78 max 63.78 acc 0.94 ema 0.76 evals 93
T 25 48.22 max 63.78 acc 0.83 ema 0.78 evals 97
T 26 53.31 max 63.78 acc 0.81 ema 0.79 evals 62
T 27 41.82 max 63.78 acc 0.86 ema 0.81 evals 88
T 28 50.04 max 63.78 acc 0.77 ema 0.80 evals 83
T 29 52.18 max 63.78 acc 0.77 ema 0.79 evals 70
T 30 50.25 max 63.78 acc 0.71 ema 0.77 evals 65
T 31 50.20 max 63.78 acc 0.65 ema 0.73 evals 79
T 32 50.25 max 63.78 acc 0.78 ema 0.75 evals 83
T 33 40.25 max 63.78 acc 0.64 ema 0.72 evals 86
T 34 35.29 max 63.78 acc 0.64 ema 0.69 evals 94
T 35 35.11 max 63.78 acc 0.56 ema 0.65 evals 95
T 36 50.09 max 63.78 acc 0.53 ema 0.62 evals 49
T 37 54.37 max 63.78 acc 0.68 ema 0.63 evals 55
T 38 41.04 max 63.78 acc 0.67 ema 0.64 evals 88
T 39 48.91 max 63.78 acc 0.62 ema 0.64 evals 108
T 40 69.68 max 69.68 acc 0.75 ema 0.67 evals 69
T 41 45.80 max 69.68 acc 0.59 ema 0.65 evals 116
T 42 52.30 max 69.68 acc 0.84 ema 0.71 evals 55
T 43 50.20 max 69.68 acc 0.64 ema 0.69 evals 99
T 44 48.60 max 69.68 acc 0.58 ema 0.66 evals 95
T 45 50.71 max 69.68 acc 0.68 ema 0.66 evals 57
T 46 45.20 max 69.68 acc 0.78 ema 0.70 evals 94
T 47 39.79 max 69.68 acc 0.65 ema 0.68 evals 81
T 48 20.55 max 69.68 acc 0.71 ema 0.69 evals 72
T 49 50.28 max 69.68 acc 0.70 ema 0.69 evals 68
T 50 36.19 max 69.68 acc 0.81 ema 0.73 evals 68
T 51 42.65 max 69.68 acc 0.55 ema 0.67 evals 95
T 52 33.88 max 69.68 acc 0.81 ema 0.72 evals 83
T 53 34.79 max 69.68 acc 0.61 ema 0.68 evals 100
T 54 43.61 max 69.68 acc 0.73 ema 0.70 evals 95
T 55 43.17 max 69.68 acc 0.58 ema 0.66 evals 81
T 56 63.62 max 69.68 acc 0.75 ema 0.69 evals 79
T 57 51.46 max 69.68 acc 0.46 ema 0.62 evals 93
T 58 41.47 max 69.68 acc 0.72 ema 0.65 evals 95
T 59 54.14 max 69.68 acc 0.77 ema 0.68 evals 98
T 60 38.75 max 69.68 acc 0.73 ema 0.70 evals 91
T 61 50.50 max 69.68 acc 0.74 ema 0.71 evals 28
T 62 30.90 max 69.68 acc 0.54 ema 0.66 evals 74
T 63 38.30 max 69.68 acc 0.55 ema 0.63 evals 104
T 64 50.44 max 69.68 acc 0.68 ema 0.64 evals 98
T 65 49.19 max 69.68 acc 0.56 ema 0.62 evals 106
T 66 50.16 max 69.68 acc 0.76 ema 0.66 evals 82
T 67 50.44 max 69.68 acc 0.54 ema 0.63 evals 65
T 68 52.96 max 69.68 acc 0.70 ema 0.65 evals 65
T 69 50.12 max 69.68 acc 0.51 ema 0.61 evals 91
T 70 50.20 max 69.68 acc 0.54 ema 0.59 evals 53
T 71 50.92 max 69.68 acc 0.75 ema 0.64 evals 79
T 72 50.86 max 69.68 acc 0.86 ema 0.70 evals 52
T 73 50.19 max 69.68 acc 0.76 ema 0.72 evals 84
T 74 53.78 max 69.68 acc 0.81 ema 0.75 evals 99
T 75 46.41 max 69.68 acc 0.79 ema 0.76 evals 115
T 76 50.33 max 69.68 acc 0.64 ema 0.72 evals 101
T 77 50.32 max 69.68 acc 0.62 ema 0.69 evals 107
T 78 29.49 max 69.68 acc 0.54 ema 0.65 evals 95
T 79 50.12 max 69.68 acc 0.58 ema 0.63 evals 99
T 80 47.95 max 69.68 acc 0.64 ema 0.63 evals 111
T 81 55.19 max 69.68 acc 0.64 ema 0.63 evals 72
T 82 42.41 max 69.68 acc 0.75 ema 0.67 evals 99
T 83 50.09 max 69.68 acc 0.71 ema 0.68 evals 54
T 84 52.25 max 69.68 acc 0.68 ema 0.68 evals 62
T 85 50.73 max 69.68 acc 0.66 ema 0.67 evals 100
T 86 50.69 max 69.68 acc 0.79 ema 0.71 evals 65
T 87 47.36 max 69.68 acc 0.71 ema 0.71 evals 118
T 88 50.94 max 69.68 acc 0.72 ema 0.71 evals 95
T 89 53.87 max 69.68 acc 0.86 ema 0.76 evals 52
T 90 50.23 max 69.68 acc 0.63 ema 0.72 evals 88
T 91 50.05 max 69.68 acc 0.87 ema 0.76 evals 96
T 92 29.97 max 69.68 acc 0.87 ema 0.79 evals 90
T 93 24.08 max 69.68 acc 0.72 ema 0.77 evals 65
T 94 22.95 max 69.68 acc 0.93 ema 0.82 evals 68
T 95 24.61 max 69.68 acc 0.88 ema 0.84 evals 77
T 96 28.42 max 69.68 acc 0.84 ema 0.84 evals 89
T 97 30.92 max 69.68 acc 0.94 ema 0.87 evals 83
T 98 22.51 max 69.68 acc 0.75 ema 0.83 evals 65
T 99 17.98 max 69.68 acc 0.89 ema 0.85 evals 62
T 100 23.13 max 69.68 acc 0.62 ema 0.78 evals 74
T 101 29.31 max 69.68 acc 0.83 ema 0.80 evals 83
T 102 30.22 max 69.68 acc 0.75 ema 0.78 evals 83
T 103 31.38 max 69.68 acc 0.75 ema 0.77 evals 86
T 104 32.30 max 69.68 acc 0.65 ema 0.74 evals 104
T 105 29.97 max 69.68 acc 0.81 ema 0.76 evals 97
T 106 27.82 max 69.68 acc 0.80 ema 0.77 evals 90
T 107 41.52 max 69.68 acc 0.84 ema 0.79 evals 102
T 108 52.63 max 69.68 acc 0.91 ema 0.83 evals 65
T 109 41.72 max 69.68 acc 0.91 ema 0.85 evals 84
T 110 36.82 max 69.68 acc 0.67 ema 0.80 evals 72
T 111 50.21 max 69.68 acc 0.85 ema 0.81 evals 64
T 112 56.21 max 69.68 acc 0.73 ema 0.79 evals 65
T 113 28.64 max 69.68 acc 0.63 ema 0.74 evals 69
T 114 27.60 max 69.68 acc 0.85 ema 0.77 evals 70
T 115 31.40 max 69.68 acc 0.75 ema 0.77 evals 69
T 116 25.80 max 69.68 acc 0.95 ema 0.82 evals 67
T 117 41.87 max 69.68 acc 1.00 ema 0.87 evals 71
