T 1 9.13 max 9.13 acc 1.00 ema 1.00 evals 7
T 2 6.03 max 9.13 acc 1.00 ema 1.00 evals 12
T 3 5.67 max 9.13 acc 1.00 ema 1.00 evals 22
T 4 14.74 max 14.74 acc 1.00 ema 1.00 evals 32
T 5 13.16 max 14.74 acc 0.70 ema 0.91 evals 30
T 6 10.38 max 14.74 acc 0.80 ema 0.88 evals 30
T 7 11.78 max 14.74 acc 0.83 ema 0.86 evals 35
T 8 8.60 max 14.74 acc 0.87 ema 0.87 evals 36
T 9 9.72 max 14.74 acc 0.72 ema 0.82 evals 36
T 10 33.78 max 33.78 acc 0.95 ema 0.86 evals 39
T 11 11.39 max 33.78 acc 0.85 ema 0.86 evals 44
T 12 22.74 max 33.78 acc 0.77 ema 0.83 evals 52
T 13 32.42 max 33.78 acc 0.66 ema 0.78 evals 49
T 14 45.78 max 45.78 acc 0.69 ema 0.75 evals 67
T 15 38.03 max 45.78 acc 0.92 ema 0.80 evals 70
T 16 32.70 max 45.78 acc 0.75 ema 0.79 evals 79
T 17 28.65 max 45.78 acc 0.76 ema 0.78 evals 91
T 18 40.36 max 45.78 acc 0.92 ema 0.82 evals 94
T 19 43.31 max 45.78 acc 0.97 ema 0.87 evals 80
T 20 40.35 max 45.78 acc 0.93 ema 0.88 evals 83
T 21 21.22 max 45.78 acc 0.97 ema 0.91 evals 75
T 22 31.00 max 45.78 acc 0.95 ema 0.92 evals 77
T 23 46.67 max 46.67 acc 0.91 ema 0.92 evals 81
T 24 36.73 max 46.67 acc 0.83 ema 0.89 evals 91
T 25 50.68 max 50.68 acc 0.86 ema 0.88 evals 72
T 26 51.94 max 51.94 acc 0.92 ema 0.89 evals 70
T 27 50.12 max 51.94 acc 0.77 ema 0.86 evals 78
T 28 35.70 max 51.94 acc 0.77 ema 0.83 evals 79
T 29 50.13 max 51.94 acc 0.80 ema 0.82 evals 69
T 30 51.73 max 51.94 acc 0.69 ema 0.78 evals 89
T 31 46.01 max 51.94 acc 0.63 ema 0.74 evals 86
T 32 50.81 max 51.94 acc 0.65 ema 0.71 evals 75
T 33 50.20 max 51.94 acc 0.52 ema 0.65 evals 68
T 34 31.49 max 51.94 acc 0.72 ema 0.67 evals 78
T 35 48.03 max 51.94 acc 0.81 ema 0.72 evals 81
T 36 41.37 max 51.94 acc 0.68 ema 0.71 evals 81
T 37 50.22 max 51.94 acc 0.72 ema 0.71 evals 83
T 38 39.46 max 51.94 acc 0.59 ema 0.67 evals 92
T 39 55.00 max 55.00 acc 0.60 ema 0.65 evals 56
T 40 40.60 max 55.00 acc 0.70 ema 0.67 evals 80
T 41 50.76 max 55.00 acc 0.82 ema 0.71 evals 64
T 42 50.32 max 55.00 acc 0.85 ema 0.76 evals 56
T 43 40.91 max 55.00 acc 0.70 ema 0.74 evals 98
T 44 52.47 max 55.00 acc 0.61 ema 0.70 evals 89
T 45 52.84 max 55.00 acc 0.70 ema 0.70 evals 64
T 46 53.09 max 55.00 acc 0.88 ema 0.76 evals 62
T 47 50.05 max 55.00 acc 0.97 ema 0.82 evals 67
T 48 49.65 max 55.00 acc 0.82 ema 0.82 evals 107
T 49 25.41 max 55.00 acc 0.83 ema 0.82 evals 77
T 50 27.91 max 55.00 acc 0.91 ema 0.85 evals 74
T 51 50.10 max 55.00 acc 0.74 ema 0.81 evals 73
T 52 50.31 max 55.00 acc 0.72 ema 0.79 evals 70
T 53 46.68 max 55.00 acc 0.60 ema 0.73 evals 89
T 54 38.83 max 55.00 acc 0.76 ema 0.74 evals 103
T 55 36.55 max 55.00 acc 0.70 ema 0.73 evals 106
T 56 50.17 max 55.00 acc 0.59 ema 0.68 evals 87
T 57 43.76 max 55.00 acc 0.78 ema 0.71 evals 104
T 58 50.27 max 55.00 acc 0.70 ema 0.71 evals 53
T 59 38.77 max 55.00 acc 0.76 ema 0.73 evals 94
T 60 50.26 max 55.00 acc 0.74 ema 0.73 evals 78
T 61 40.56 max 55.00 acc 0.92 ema 0.79 evals 86
T 62 50.44 max 55.00 acc 0.69 ema 0.76 evals 71
T 63 50.26 max 55.00 acc 0.86 ema 0.79 evals 87
T 64 53.80 max 55.00 acc 0.68 ema 0.76 evals 92
T 65 50.20 max 55.00 acc 0.98 ema 0.82 evals 118
T 66 55.72 max 55.72 acc 0.96 ema 0.86 evals 102
T 67 50.44 max 55.72 acc 0.81 ema 0.85 evals 73
T 68 51.62 max 55.72 acc 0.75 ema 0.82 evals 44
T 69 55.01 max 55.72 acc 0.59 ema 0.75 evals 106
T 70 51.17 max 55.72 acc 0.82 ema 0.77 evals 84
T 71 59.09 max 59.09 acc 0.89 ema 0.81 evals 64
T 72 50.83 max 59.09 acc 0.74 ema 0.79 evals 33
T 73 43.51 max 59.09 acc 0.90 ema 0.82 evals 96
T 74 48.00 max 59.09 acc 0.80 ema 0.82 evals 99
T 75 50.02 max 59.09 acc 0.62 ema 0.76 evals 106
T 76 50.23 max 59.09 acc 0.57 ema 0.70 evals 97
T 77 50.06 max 59.09 acc 0.53 ema 0.65 evals 85
T 78 41.28 max 59.09 acc 0.76 ema 0.68 evals 96
T 79 45.93 max 59.09 acc 0.75 ema 0.70 evals 97
T 80 48.23 max 59.09 acc 0.71 ema 0.71 evals 86
T 81 54.70 max 59.09 acc 0.66 ema 0.69 evals 71
T 82 50.16 max 59.09 acc 0.85 ema 0.74 evals 70
T 83 50.02 max 59.09 acc 0.60 ema 0.70 evals 57
T 84 51.96 max 59.09 acc 0.70 ema 0.70 evals 45
T 85 50.49 max 59.09 acc 0.79 ema 0.73 evals 95
T 86 50.07 max 59.09 acc 0.80 ema 0.75 evals 51
