T 1 1.70 max 1.70 acc 1.00 ema 1.00 evals 4 cpu 1.64 maxcpu 1.64
T 2 1.14 max 1.70 acc 1.00 ema 1.00 evals 11 cpu 1.11 maxcpu 1.64
T 3 0.95 max 1.70 acc 1.00 ema 1.00 evals 16 cpu 0.95 maxcpu 1.64
T 4 1.31 max 1.70 acc 0.83 ema 0.93 evals 28 cpu 1.31 maxcpu 1.64
T 5 2.71 max 2.71 acc 0.88 ema 0.91 evals 29 cpu 2.62 maxcpu 2.62
T 6 2.78 max 2.78 acc 0.75 ema 0.88 evals 30 cpu 2.77 maxcpu 2.77
T 7 3.53 max 3.53 acc 0.87 ema 0.87 evals 36 cpu 3.12 maxcpu 3.12
T 8 2.87 max 3.53 acc 1.00 ema 0.92 evals 35 cpu 2.51 maxcpu 3.12
T 9 3.21 max 3.53 acc 0.97 ema 0.94 evals 32 cpu 3.20 maxcpu 3.20
T 10 2.45 max 3.53 acc 0.89 ema 0.92 evals 31 cpu 2.12 maxcpu 3.20
T 11 2.69 max 3.53 acc 0.67 ema 0.82 evals 32 cpu 2.64 maxcpu 3.20
T 12 1.93 max 3.53 acc 0.69 ema 0.77 evals 31 cpu 1.93 maxcpu 3.20
T 13 3.19 max 3.53 acc 0.85 ema 0.80 evals 30 cpu 3.15 maxcpu 3.20
T 14 5.08 max 5.08 acc 0.63 ema 0.73 evals 55 cpu 4.81 maxcpu 4.81
T 15 8.24 max 8.24 acc 0.61 ema 0.68 evals 79 cpu 7.20 maxcpu 7.20
T 16 5.34 max 8.24 acc 0.46 ema 0.59 evals 76 cpu 5.25 maxcpu 7.20
T 17 4.09 max 8.24 acc 0.56 ema 0.58 evals 69 cpu 4.08 maxcpu 7.20
T 18 5.86 max 8.24 acc 0.43 ema 0.52 evals 95 cpu 5.81 maxcpu 7.20
T 19 8.69 max 8.69 acc 0.55 ema 0.53 evals 88 cpu 8.60 maxcpu 8.60
T 20 59.35 max 59.35 acc 0.61 ema 0.57 evals 81 cpu 6.10 maxcpu 8.60
T 21 6.52 max 59.35 acc 0.52 ema 0.55 evals 91 cpu 6.52 maxcpu 8.60
T 22 5.56 max 59.35 acc 0.41 ema 0.49 evals 91 cpu 5.56 maxcpu 8.60
T 23 7.42 max 59.35 acc 0.26 ema 0.40 evals 106 cpu 7.07 maxcpu 8.60
T 24 97.21 max 97.21 acc 0.62 ema 0.49 evals 91 cpu 11.34 maxcpu 11.34
T 25 10.55 max 97.21 acc 0.49 ema 0.49 evals 105 cpu 9.16 maxcpu 11.34
T 26 44.63 max 97.21 acc 0.69 ema 0.57 evals 99 cpu 12.10 maxcpu 12.10
T 27 14.69 max 97.21 acc 0.60 ema 0.58 evals 118 cpu 11.46 maxcpu 12.10
T 28 10.44 max 97.21 acc 0.29 ema 0.52 evals 104 cpu 8.60 maxcpu 12.10
T 29 9.15 max 97.21 acc 0.72 ema 0.60 evals 103 cpu 8.21 maxcpu 12.10
T 30 9.46 max 97.21 acc 0.45 ema 0.54 evals 82 cpu 7.47 maxcpu 12.10
T 31 4.82 max 97.21 acc 0.48 ema 0.52 evals 73 cpu 4.81 maxcpu 12.10
T 32 4.42 max 97.21 acc 0.66 ema 0.57 evals 59 cpu 4.24 maxcpu 12.10
T 33 6.50 max 97.21 acc 0.44 ema 0.52 evals 73 cpu 6.01 maxcpu 12.10
T 34 133.43 max 133.43 acc 0.72 ema 0.60 evals 104 cpu 10.65 maxcpu 12.10
T 35 7.50 max 133.43 acc 0.57 ema 0.59 evals 103 cpu 7.08 maxcpu 12.10
T 36 7.67 max 133.43 acc 0.58 ema 0.58 evals 101 cpu 7.47 maxcpu 12.10
T 37 5.46 max 133.43 acc 0.37 ema 0.50 evals 90 cpu 5.44 maxcpu 12.10
T 38 24.61 max 133.43 acc 0.54 ema 0.51 evals 101 cpu 11.39 maxcpu 12.10
T 39 8.84 max 133.43 acc 0.57 ema 0.54 evals 110 cpu 7.88 maxcpu 12.10
T 40 11.76 max 133.43 acc 0.60 ema 0.56 evals 91 cpu 8.24 maxcpu 12.10
T 41 6.77 max 133.43 acc 0.49 ema 0.63 evals 105 cpu 6.68 maxcpu 12.10
T 42 5.51 max 133.43 acc 0.67 ema 0.64 evals 94 cpu 5.51 maxcpu 12.10
T 43 6.59 max 133.43 acc 0.69 ema 0.66 evals 102 cpu 6.59 maxcpu 12.10
T 44 5.97 max 133.43 acc 0.52 ema 0.61 evals 86 cpu 5.89 maxcpu 12.10
T 45 6.12 max 133.43 acc 0.63 ema 0.61 evals 88 cpu 5.91 maxcpu 12.10
T 46 4.42 max 133.43 acc 0.36 ema 0.51 evals 78 cpu 4.42 maxcpu 12.10
T 47 7.51 max 133.43 acc 0.57 ema 0.53 evals 73 cpu 7.47 maxcpu 12.10
T 48 8.11 max 133.43 acc 0.67 ema 0.66 evals 75 cpu 7.84 maxcpu 12.10
T 49 8.38 max 133.43 acc 0.33 ema 0.53 evals 76 cpu 8.10 maxcpu 12.10
T 50 8.38 max 133.43 acc 0.68 ema 0.59 evals 72 cpu 8.22 maxcpu 12.10
T 51 6.13 max 133.43 acc 0.43 ema 0.63 evals 67 cpu 5.95 maxcpu 12.10
T 52 9.38 max 133.43 acc 0.37 ema 0.53 evals 78 cpu 9.32 maxcpu 12.10
T 53 5.41 max 133.43 acc 0.77 ema 0.62 evals 69 cpu 5.39 maxcpu 12.10
T 54 8.75 max 133.43 acc 0.24 ema 0.47 evals 72 cpu 8.55 maxcpu 12.10
T 55 7.77 max 133.43 acc 0.72 ema 0.57 evals 85 cpu 7.62 maxcpu 12.10
T 56 9.78 max 133.43 acc 0.70 ema 0.62 evals 78 cpu 9.18 maxcpu 12.10
T 57 168.07 max 168.07 acc 0.49 ema 0.57 evals 86 cpu 7.73 maxcpu 12.10
T 58 48.97 max 168.07 acc 0.39 ema 0.53 evals 110 cpu 12.14 maxcpu 12.14
T 59 9.09 max 168.07 acc 0.57 ema 0.55 evals 103 cpu 8.31 maxcpu 12.14
T 60 10.01 max 168.07 acc 0.38 ema 0.50 evals 114 cpu 9.13 maxcpu 12.14
T 61 13.42 max 168.07 acc 0.42 ema 0.47 evals 117 cpu 10.68 maxcpu 12.14
T 62 7.75 max 168.07 acc 0.42 ema 0.45 evals 125 cpu 7.73 maxcpu 12.14
T 63 10.19 max 168.07 acc 0.66 ema 0.53 evals 127 cpu 9.55 maxcpu 12.14
T 64 68.88 max 168.07 acc 0.40 ema 0.50 evals 145 cpu 11.57 maxcpu 12.14
T 65 30.48 max 168.07 acc 0.61 ema 0.55 evals 141 cpu 12.54 maxcpu 12.54
T 66 9.26 max 168.07 acc 0.53 ema 0.54 evals 135 cpu 8.66 maxcpu 12.54
T 67 14.76 max 168.07 acc 0.52 ema 0.56 evals 138 cpu 12.37 maxcpu 12.54
T 68 7.49 max 168.07 acc 0.36 ema 0.48 evals 106 cpu 6.85 maxcpu 12.54
T 69 8.89 max 168.07 acc 0.48 ema 0.51 evals 137 cpu 8.81 maxcpu 12.54
T 70 9.69 max 168.07 acc 0.23 ema 0.51 evals 134 cpu 9.48 maxcpu 12.54
T 71 10.14 max 168.07 acc 0.66 ema 0.57 evals 148 cpu 9.46 maxcpu 12.54
T 72 106.80 max 168.07 acc 0.67 ema 0.61 evals 129 cpu 11.20 maxcpu 12.54
T 73 13.35 max 168.07 acc 0.79 ema 0.68 evals 120 cpu 8.33 maxcpu 12.54
T 74 15.67 max 168.07 acc 0.72 ema 0.70 evals 119 cpu 10.19 maxcpu 12.54
T 75 70.70 max 168.07 acc 0.65 ema 0.68 evals 124 cpu 11.81 maxcpu 12.54
T 76 9.61 max 168.07 acc 0.50 ema 0.65 evals 100 cpu 6.62 maxcpu 12.54
T 77 6.88 max 168.07 acc 0.53 ema 0.60 evals 106 cpu 6.69 maxcpu 12.54
T 78 33.33 max 168.07 acc 0.54 ema 0.58 evals 121 cpu 8.79 maxcpu 12.54
T 79 7.48 max 168.07 acc 0.54 ema 0.56 evals 117 cpu 7.07 maxcpu 12.54
T 80 7.27 max 168.07 acc 0.66 ema 0.60 evals 107 cpu 6.88 maxcpu 12.54
T 81 6.68 max 168.07 acc 0.57 ema 0.59 evals 103 cpu 6.68 maxcpu 12.54
T 82 12.87 max 168.07 acc 0.43 ema 0.52 evals 105 cpu 8.78 maxcpu 12.54
T 83 8.60 max 168.07 acc 0.53 ema 0.53 evals 92 cpu 7.17 maxcpu 12.54
T 84 11.39 max 168.07 acc 0.51 ema 0.52 evals 95 cpu 8.85 maxcpu 12.54
T 85 7.50 max 168.07 acc 0.33 ema 0.44 evals 97 cpu 6.53 maxcpu 12.54
T 86 11.50 max 168.07 acc 0.18 ema 0.37 evals 108 cpu 10.74 maxcpu 12.54
T 87 10.62 max 168.07 acc 0.48 ema 0.41 evals 121 cpu 8.77 maxcpu 12.54
T 88 13.17 max 168.07 acc 0.42 ema 0.42 evals 97 cpu 10.28 maxcpu 12.54
T 89 11.19 max 168.07 acc 0.26 ema 0.35 evals 95 cpu 9.67 maxcpu 12.54
T 90 7.81 max 168.07 acc 0.32 ema 0.38 evals 100 cpu 7.81 maxcpu 12.54
T 91 7.39 max 168.07 acc 0.63 ema 0.48 evals 84 cpu 7.08 maxcpu 12.54
T 92 10.84 max 168.07 acc 0.44 ema 0.46 evals 84 cpu 8.30 maxcpu 12.54
T 93 61.02 max 168.07 acc 0.67 ema 0.54 evals 105 cpu 11.72 maxcpu 12.54
T 94 10.60 max 168.07 acc 0.31 ema 0.45 evals 111 cpu 9.04 maxcpu 12.54
T 95 7.68 max 168.07 acc 0.42 ema 0.44 evals 97 cpu 7.17 maxcpu 12.54
T 96 11.78 max 168.07 acc 0.36 ema 0.45 evals 85 cpu 8.15 maxcpu 12.54
T 97 8.31 max 168.07 acc 0.64 ema 0.53 evals 80 cpu 7.19 maxcpu 12.54
T 98 5.59 max 168.07 acc 0.61 ema 0.56 evals 72 cpu 5.35 maxcpu 12.54
T 99 8.07 max 168.07 acc 0.65 ema 0.60 evals 70 cpu 6.56 maxcpu 12.54
T 100 7.07 max 168.07 acc 0.67 ema 0.63 evals 94 cpu 7.04 maxcpu 12.54
T 101 10.03 max 168.07 acc 0.78 ema 0.69 evals 110 cpu 9.80 maxcpu 12.54
T 102 62.78 max 168.07 acc 0.39 ema 0.57 evals 96 cpu 8.76 maxcpu 12.54
T 103 8.94 max 168.07 acc 0.38 ema 0.50 evals 90 cpu 8.32 maxcpu 12.54
T 104 115.00 max 168.07 acc 0.27 ema 0.41 evals 100 cpu 11.21 maxcpu 12.54
T 105 11.47 max 168.07 acc 0.26 ema 0.38 evals 100 cpu 9.01 maxcpu 12.54
T 106 11.33 max 168.07 acc 0.55 ema 0.45 evals 96 cpu 9.61 maxcpu 12.54
T 107 14.81 max 168.07 acc 0.40 ema 0.43 evals 104 cpu 7.30 maxcpu 12.54
T 108 7.02 max 168.07 acc 0.58 ema 0.49 evals 115 cpu 6.96 maxcpu 12.54
T 109 7.40 max 168.07 acc 0.47 ema 0.48 evals 102 cpu 7.40 maxcpu 12.54
T 110 11.13 max 168.07 acc 0.21 ema 0.44 evals 147 cpu 10.98 maxcpu 12.54
T 111 10.97 max 168.07 acc 0.73 ema 0.56 evals 150 cpu 10.58 maxcpu 12.54
T 112 35.53 max 168.07 acc 0.75 ema 0.63 evals 150 cpu 15.88 maxcpu 15.88
T 113 10.07 max 168.07 acc 0.33 ema 0.58 evals 141 cpu 9.40 maxcpu 15.88
T 114 10.60 max 168.07 acc 0.74 ema 0.64 evals 130 cpu 9.82 maxcpu 15.88
T 115 50.07 max 168.07 acc 0.72 ema 0.67 evals 137 cpu 12.75 maxcpu 15.88
T 116 9.63 max 168.07 acc 0.81 ema 0.73 evals 135 cpu 9.44 maxcpu 15.88
T 117 72.80 max 168.07 acc 0.79 ema 0.75 evals 150 cpu 12.04 maxcpu 15.88
T 118 12.05 max 168.07 acc 0.60 ema 0.74 evals 145 cpu 11.31 maxcpu 15.88
T 119 9.75 max 168.07 acc 0.82 ema 0.77 evals 136 cpu 9.75 maxcpu 15.88
T 120 10.55 max 168.07 acc 0.44 ema 0.64 evals 138 cpu 10.00 maxcpu 15.88
T 121 9.19 max 168.07 acc 0.27 ema 0.49 evals 127 cpu 9.18 maxcpu 15.88
T 122 10.03 max 168.07 acc 0.40 ema 0.48 evals 123 cpu 9.90 maxcpu 15.88
T 123 34.11 max 168.07 acc 0.34 ema 0.42 evals 117 cpu 11.49 maxcpu 15.88
T 124 17.33 max 168.07 acc 0.49 ema 0.45 evals 150 cpu 17.15 maxcpu 17.15
T 125 104.41 max 168.07 acc 0.47 ema 0.46 evals 150 cpu 14.72 maxcpu 17.15
T 126 27.71 max 168.07 acc 0.59 ema 0.51 evals 150 cpu 11.66 maxcpu 17.15
T 127 14.83 max 168.07 acc 0.59 ema 0.54 evals 125 cpu 12.03 maxcpu 17.15
T 128 35.25 max 168.07 acc 0.60 ema 0.57 evals 150 cpu 13.02 maxcpu 17.15
T 129 95.85 max 168.07 acc 0.73 ema 0.63 evals 150 cpu 14.94 maxcpu 17.15
T 130 40.63 max 168.07 acc 0.51 ema 0.58 evals 150 cpu 11.90 maxcpu 17.15
T 131 9.95 max 168.07 acc 0.51 ema 0.55 evals 134 cpu 9.61 maxcpu 17.15
T 132 8.57 max 168.07 acc 0.54 ema 0.62 evals 134 cpu 8.57 maxcpu 17.15
T 133 19.10 max 168.07 acc 0.46 ema 0.55 evals 111 cpu 8.94 maxcpu 17.15
T 134 14.33 max 168.07 acc 0.48 ema 0.52 evals 113 cpu 12.29 maxcpu 17.15
T 135 16.31 max 168.07 acc 0.59 ema 0.55 evals 100 cpu 9.17 maxcpu 17.15
T 136 32.58 max 168.07 acc 0.52 ema 0.54 evals 128 cpu 9.49 maxcpu 17.15
T 137 60.37 max 168.07 acc 0.61 ema 0.57 evals 104 cpu 9.38 maxcpu 17.15
T 138 6.77 max 168.07 acc 0.28 ema 0.45 evals 109 cpu 6.77 maxcpu 17.15
T 139 9.38 max 168.07 acc 0.42 ema 0.44 evals 118 cpu 9.05 maxcpu 17.15
T 140 8.10 max 168.07 acc 0.24 ema 0.39 evals 127 cpu 8.10 maxcpu 17.15
T 141 6.61 max 168.07 acc 0.64 ema 0.49 evals 106 cpu 6.38 maxcpu 17.15
T 142 9.84 max 168.07 acc 0.42 ema 0.46 evals 109 cpu 9.74 maxcpu 17.15
T 143 15.21 max 168.07 acc 0.52 ema 0.49 evals 108 cpu 7.91 maxcpu 17.15
T 144 7.40 max 168.07 acc 0.58 ema 0.52 evals 90 cpu 7.08 maxcpu 17.15
T 145 10.89 max 168.07 acc 0.27 ema 0.42 evals 87 cpu 8.24 maxcpu 17.15
T 146 55.55 max 168.07 acc 0.50 ema 0.45 evals 100 cpu 7.10 maxcpu 17.15
T 147 14.17 max 168.07 acc 0.30 ema 0.39 evals 105 cpu 7.43 maxcpu 17.15
T 148 6.16 max 168.07 acc 0.15 ema 0.29 evals 98 cpu 6.16 maxcpu 17.15
T 149 13.93 max 168.07 acc 0.27 ema 0.28 evals 114 cpu 11.76 maxcpu 17.15
T 150 30.80 max 168.07 acc 0.34 ema 0.31 evals 34 cpu 27.54 maxcpu 27.54
T 151 140.44 max 168.07 acc 0.18 ema 0.25 evals 34 cpu 21.06 maxcpu 27.54
T 152 102.32 max 168.07 acc 0.87 ema 0.50 evals 39 cpu 25.61 maxcpu 27.54
T 153 124.24 max 168.07 acc 0.92 ema 0.67 evals 43 cpu 26.60 maxcpu 27.54
T 154 35.35 max 168.07 acc 0.68 ema 0.67 evals 49 cpu 19.42 maxcpu 27.54
T 155 130.30 max 168.07 acc 0.80 ema 0.72 evals 56 cpu 19.79 maxcpu 27.54
T 156 129.94 max 168.07 acc 0.52 ema 0.64 evals 67 cpu 20.07 maxcpu 27.54
T 157 51.54 max 168.07 acc 0.81 ema 0.71 evals 84 cpu 16.53 maxcpu 27.54
T 158 12.43 max 168.07 acc 0.40 ema 0.58 evals 113 cpu 11.32 maxcpu 27.54
T 159 6.94 max 168.07 acc 0.48 ema 0.54 evals 121 cpu 5.90 maxcpu 27.54
T 160 1.52 max 168.07 acc 0.59 ema 0.56 evals 101 cpu 1.04 maxcpu 27.54
