T 1 1.36 max 1.36 acc 1.00 ema 1.00 evals 5 cpu 1.36 maxcpu 1.36
T 2 1.00 max 1.36 acc 1.00 ema 1.00 evals 17 cpu 1.00 maxcpu 1.36
T 3 2.01 max 2.01 acc 1.00 ema 1.00 evals 20 cpu 1.75 maxcpu 1.75
T 4 2.72 max 2.72 acc 0.83 ema 0.93 evals 25 cpu 2.23 maxcpu 2.23
T 5 3.03 max 3.03 acc 0.88 ema 0.91 evals 37 cpu 3.02 maxcpu 3.02
T 6 3.12 max 3.12 acc 0.91 ema 0.91 evals 35 cpu 3.09 maxcpu 3.09
T 7 2.71 max 3.12 acc 1.00 ema 0.95 evals 33 cpu 2.24 maxcpu 3.09
T 8 2.23 max 3.12 acc 0.94 ema 0.94 evals 33 cpu 2.23 maxcpu 3.09
T 9 3.47 max 3.47 acc 0.95 ema 0.95 evals 35 cpu 3.41 maxcpu 3.41
T 10 5.74 max 5.74 acc 0.83 ema 0.90 evals 48 cpu 5.47 maxcpu 5.47
T 11 5.95 max 5.95 acc 0.82 ema 0.87 evals 55 cpu 5.92 maxcpu 5.92
T 12 9.05 max 9.05 acc 0.75 ema 0.82 evals 72 cpu 8.16 maxcpu 8.16
T 13 5.52 max 9.05 acc 0.82 ema 0.82 evals 73 cpu 5.19 maxcpu 8.16
T 14 8.77 max 9.05 acc 0.79 ema 0.81 evals 69 cpu 7.75 maxcpu 8.16
T 15 8.77 max 9.05 acc 0.84 ema 0.82 evals 81 cpu 8.60 maxcpu 8.60
T 16 5.64 max 9.05 acc 0.89 ema 0.85 evals 91 cpu 5.63 maxcpu 8.60
T 17 7.02 max 9.05 acc 0.84 ema 0.84 evals 65 cpu 4.77 maxcpu 8.60
T 18 3.82 max 9.05 acc 0.83 ema 0.84 evals 64 cpu 3.82 maxcpu 8.60
T 19 3.96 max 9.05 acc 0.65 ema 0.76 evals 66 cpu 3.96 maxcpu 8.60
T 20 5.96 max 9.05 acc 0.62 ema 0.71 evals 75 cpu 5.77 maxcpu 8.60
T 21 5.45 max 9.05 acc 0.75 ema 0.72 evals 83 cpu 5.44 maxcpu 8.60
T 22 8.95 max 9.05 acc 0.85 ema 0.77 evals 103 cpu 7.52 maxcpu 8.60
T 23 73.28 max 73.28 acc 0.87 ema 0.81 evals 92 cpu 7.57 maxcpu 8.60
T 24 7.97 max 73.28 acc 0.86 ema 0.83 evals 92 cpu 6.30 maxcpu 8.60
T 25 7.91 max 73.28 acc 0.89 ema 0.85 evals 103 cpu 7.89 maxcpu 8.60
T 26 9.05 max 73.28 acc 0.77 ema 0.82 evals 106 cpu 8.26 maxcpu 8.60
T 27 8.24 max 73.28 acc 0.55 ema 0.71 evals 122 cpu 8.10 maxcpu 8.60
T 28 66.68 max 73.28 acc 0.48 ema 0.62 evals 98 cpu 6.23 maxcpu 8.60
T 29 4.67 max 73.28 acc 0.67 ema 0.64 evals 76 cpu 4.67 maxcpu 8.60
T 30 29.85 max 73.28 acc 0.48 ema 0.58 evals 69 cpu 7.26 maxcpu 8.60
T 31 5.57 max 73.28 acc 0.65 ema 0.61 evals 53 cpu 5.02 maxcpu 8.60
T 32 7.11 max 73.28 acc 0.52 ema 0.57 evals 77 cpu 7.06 maxcpu 8.60
T 33 6.60 max 73.28 acc 0.67 ema 0.61 evals 64 cpu 5.77 maxcpu 8.60
T 34 9.41 max 73.28 acc 0.44 ema 0.54 evals 80 cpu 9.03 maxcpu 9.03
T 35 14.03 max 73.28 acc 0.69 ema 0.60 evals 99 cpu 10.67 maxcpu 10.67
T 36 13.49 max 73.28 acc 0.71 ema 0.65 evals 107 cpu 10.35 maxcpu 10.67
T 37 5.15 max 73.28 acc 0.62 ema 0.63 evals 72 cpu 5.14 maxcpu 10.67
T 38 3.85 max 73.28 acc 0.68 ema 0.65 evals 55 cpu 3.81 maxcpu 10.67
T 39 5.14 max 73.28 acc 0.80 ema 0.71 evals 67 cpu 4.47 maxcpu 10.67
T 40 7.53 max 73.28 acc 0.68 ema 0.70 evals 63 cpu 5.05 maxcpu 10.67
T 41 3.19 max 73.28 acc 0.71 ema 0.70 evals 60 cpu 3.19 maxcpu 10.67
T 42 4.36 max 73.28 acc 0.73 ema 0.71 evals 63 cpu 4.35 maxcpu 10.67
T 43 3.78 max 73.28 acc 0.74 ema 0.73 evals 61 cpu 3.38 maxcpu 10.67
T 44 3.49 max 73.28 acc 0.70 ema 0.71 evals 66 cpu 3.49 maxcpu 10.67
T 45 4.17 max 73.28 acc 0.74 ema 0.72 evals 63 cpu 4.17 maxcpu 10.67
T 46 6.54 max 73.28 acc 0.67 ema 0.70 evals 75 cpu 6.02 maxcpu 10.67
T 47 9.04 max 73.28 acc 0.75 ema 0.72 evals 75 cpu 8.37 maxcpu 10.67
T 48 58.11 max 73.28 acc 0.68 ema 0.71 evals 58 cpu 5.63 maxcpu 10.67
T 49 7.40 max 73.28 acc 0.75 ema 0.72 evals 56 cpu 6.71 maxcpu 10.67
T 50 7.84 max 73.28 acc 0.56 ema 0.66 evals 57 cpu 7.54 maxcpu 10.67
T 51 4.44 max 73.28 acc 0.53 ema 0.61 evals 59 cpu 4.24 maxcpu 10.67
T 52 9.94 max 73.28 acc 0.62 ema 0.61 evals 76 cpu 8.28 maxcpu 10.67
T 53 8.86 max 73.28 acc 0.62 ema 0.61 evals 77 cpu 8.28 maxcpu 10.67
T 54 6.41 max 73.28 acc 0.66 ema 0.63 evals 75 cpu 6.21 maxcpu 10.67
T 55 5.36 max 73.28 acc 0.68 ema 0.65 evals 55 cpu 4.94 maxcpu 10.67
T 56 8.31 max 73.28 acc 0.45 ema 0.57 evals 57 cpu 6.96 maxcpu 10.67
T 57 4.31 max 73.28 acc 0.42 ema 0.55 evals 58 cpu 4.22 maxcpu 10.67
T 58 4.38 max 73.28 acc 0.51 ema 0.53 evals 75 cpu 4.30 maxcpu 10.67
T 59 4.57 max 73.28 acc 0.51 ema 0.52 evals 73 cpu 4.57 maxcpu 10.67
T 60 6.52 max 73.28 acc 0.40 ema 0.47 evals 82 cpu 5.88 maxcpu 10.67
T 61 4.14 max 73.28 acc 0.35 ema 0.42 evals 73 cpu 4.12 maxcpu 10.67
T 62 9.84 max 73.28 acc 0.47 ema 0.44 evals 88 cpu 9.19 maxcpu 10.67
T 63 10.13 max 73.28 acc 0.38 ema 0.42 evals 97 cpu 9.70 maxcpu 10.67
T 64 7.86 max 73.28 acc 0.66 ema 0.51 evals 75 cpu 6.99 maxcpu 10.67
T 65 7.98 max 73.28 acc 0.21 ema 0.39 evals 78 cpu 6.41 maxcpu 10.67
T 66 37.56 max 73.28 acc 1.00 ema 0.64 evals 92 cpu 7.86 maxcpu 10.67
T 67 12.59 max 73.28 acc 0.75 ema 0.68 evals 78 cpu 5.26 maxcpu 10.67
T 68 10.86 max 73.28 acc 0.46 ema 0.59 evals 61 cpu 3.81 maxcpu 10.67
T 69 6.26 max 73.28 acc 0.52 ema 0.56 evals 93 cpu 5.52 maxcpu 10.67
T 70 6.63 max 73.28 acc 0.37 ema 0.49 evals 59 cpu 6.17 maxcpu 10.67
T 71 7.82 max 73.28 acc 0.49 ema 0.49 evals 71 cpu 7.27 maxcpu 10.67
T 72 7.52 max 73.28 acc 0.49 ema 0.49 evals 64 cpu 6.45 maxcpu 10.67
T 73 4.47 max 73.28 acc 0.49 ema 0.49 evals 64 cpu 4.08 maxcpu 10.67
T 74 3.44 max 73.28 acc 0.44 ema 0.50 evals 55 cpu 3.40 maxcpu 10.67
T 75 9.17 max 73.28 acc 0.42 ema 0.47 evals 45 cpu 5.15 maxcpu 10.67
T 76 22.11 max 73.28 acc 0.85 ema 0.62 evals 62 cpu 7.92 maxcpu 10.67
T 77 6.39 max 73.28 acc 1.00 ema 0.77 evals 71 cpu 6.23 maxcpu 10.67
T 78 3.84 max 73.28 acc 0.58 ema 0.70 evals 44 cpu 3.84 maxcpu 10.67
T 79 8.62 max 73.28 acc 0.70 ema 0.70 evals 57 cpu 7.85 maxcpu 10.67
T 80 15.22 max 73.28 acc 0.63 ema 0.67 evals 83 cpu 8.28 maxcpu 10.67
T 81 7.01 max 73.28 acc 0.39 ema 0.56 evals 89 cpu 6.59 maxcpu 10.67
T 82 6.38 max 73.28 acc 0.46 ema 0.52 evals 85 cpu 6.38 maxcpu 10.67
T 83 8.85 max 73.28 acc 0.53 ema 0.52 evals 72 cpu 8.55 maxcpu 10.67
T 84 6.91 max 73.28 acc 0.46 ema 0.50 evals 69 cpu 5.32 maxcpu 10.67
T 85 8.99 max 73.28 acc 0.44 ema 0.47 evals 67 cpu 7.65 maxcpu 10.67
T 86 6.58 max 73.28 acc 0.48 ema 0.48 evals 55 cpu 6.41 maxcpu 10.67
T 87 7.27 max 73.28 acc 0.30 ema 0.41 evals 61 cpu 7.17 maxcpu 10.67
T 88 8.17 max 73.28 acc 0.29 ema 0.36 evals 64 cpu 7.68 maxcpu 10.67
T 89 8.39 max 73.28 acc 0.40 ema 0.38 evals 64 cpu 7.12 maxcpu 10.67
T 90 9.90 max 73.28 acc 0.27 ema 0.33 evals 64 cpu 7.53 maxcpu 10.67
T 91 3.53 max 73.28 acc 0.45 ema 0.38 evals 54 cpu 3.53 maxcpu 10.67
T 92 7.50 max 73.28 acc 0.53 ema 0.44 evals 62 cpu 7.42 maxcpu 10.67
T 93 37.44 max 73.28 acc 0.58 ema 0.50 evals 68 cpu 8.26 maxcpu 10.67
T 94 7.53 max 73.28 acc 0.55 ema 0.52 evals 59 cpu 6.66 maxcpu 10.67
T 95 3.33 max 73.28 acc 0.51 ema 0.51 evals 53 cpu 3.33 maxcpu 10.67
T 96 5.37 max 73.28 acc 0.56 ema 0.53 evals 51 cpu 5.30 maxcpu 10.67
T 97 3.62 max 73.28 acc 0.66 ema 0.58 evals 52 cpu 3.55 maxcpu 10.67
T 98 4.20 max 73.28 acc 0.58 ema 0.58 evals 31 cpu 3.36 maxcpu 10.67
