T 1 1.47 max 1.47 acc 1.00 ema 1.00 evals 3 cpu 1.38 maxcpu 1.38
T 2 1.25 max 1.47 acc 1.00 ema 1.00 evals 12 cpu 1.24 maxcpu 1.38
T 3 1.90 max 1.90 acc 1.00 ema 1.00 evals 20 cpu 1.72 maxcpu 1.72
T 4 2.31 max 2.31 acc 1.00 ema 1.00 evals 25 cpu 2.00 maxcpu 2.00
T 5 2.37 max 2.37 acc 1.00 ema 1.00 evals 28 cpu 2.31 maxcpu 2.31
T 6 2.68 max 2.68 acc 1.00 ema 1.00 evals 27 cpu 2.55 maxcpu 2.55
T 7 2.24 max 2.68 acc 1.00 ema 1.00 evals 27 cpu 2.12 maxcpu 2.55
T 8 2.08 max 2.68 acc 1.00 ema 1.00 evals 27 cpu 2.06 maxcpu 2.55
T 9 2.24 max 2.68 acc 1.00 ema 1.00 evals 30 cpu 2.23 maxcpu 2.55
T 10 3.34 max 3.34 acc 1.00 ema 1.00 evals 27 cpu 2.99 maxcpu 2.99
T 11 3.48 max 3.48 acc 1.00 ema 1.00 evals 28 cpu 3.31 maxcpu 3.31
T 12 2.77 max 3.48 acc 1.00 ema 1.00 evals 35 cpu 2.77 maxcpu 3.31
T 13 3.19 max 3.48 acc 1.00 ema 1.00 evals 40 cpu 3.19 maxcpu 3.31
T 14 7.06 max 7.06 acc 1.00 ema 1.00 evals 59 cpu 6.88 maxcpu 6.88
T 15 9.34 max 9.34 acc 1.00 ema 1.00 evals 60 cpu 7.96 maxcpu 7.96
T 16 5.86 max 9.34 acc 1.00 ema 1.00 evals 55 cpu 5.86 maxcpu 7.96
T 17 8.36 max 9.34 acc 1.00 ema 1.00 evals 42 cpu 8.05 maxcpu 8.05
T 18 7.65 max 9.34 acc 1.00 ema 1.00 evals 49 cpu 7.45 maxcpu 8.05
T 19 6.87 max 9.34 acc 1.00 ema 1.00 evals 68 cpu 5.86 maxcpu 8.05
T 20 6.79 max 9.34 acc 1.00 ema 1.00 evals 68 cpu 6.04 maxcpu 8.05
T 21 10.87 max 10.87 acc 1.00 ema 1.00 evals 83 cpu 8.86 maxcpu 8.86
T 22 92.81 max 92.81 acc 1.00 ema 1.00 evals 94 cpu 10.11 maxcpu 10.11
T 23 8.47 max 92.81 acc 1.00 ema 1.00 evals 113 cpu 8.47 maxcpu 10.11
T 24 10.22 max 92.81 acc 1.00 ema 1.00 evals 110 cpu 10.02 maxcpu 10.11
T 25 58.98 max 92.81 acc 1.00 ema 1.00 evals 106 cpu 13.93 maxcpu 13.93
T 26 10.72 max 92.81 acc 1.00 ema 1.00 evals 85 cpu 7.81 maxcpu 13.93
T 27 13.07 max 92.81 acc 1.00 ema 1.00 evals 109 cpu 11.16 maxcpu 13.93
T 28 63.50 max 92.81 acc 1.00 ema 1.00 evals 103 cpu 13.27 maxcpu 13.93
T 29 9.70 max 92.81 acc 1.00 ema 1.00 evals 103 cpu 9.60 maxcpu 13.93
T 30 17.33 max 92.81 acc 1.00 ema 1.00 evals 103 cpu 10.68 maxcpu 13.93
T 31 9.82 max 92.81 acc 1.00 ema 1.00 evals 111 cpu 9.70 maxcpu 13.93
T 32 11.33 max 92.81 acc 1.00 ema 1.00 evals 112 cpu 9.89 maxcpu 13.93
T 33 10.27 max 92.81 acc 1.00 ema 1.00 evals 136 cpu 10.18 maxcpu 13.93
T 34 7.23 max 92.81 acc 1.00 ema 1.00 evals 104 cpu 7.23 maxcpu 13.93
T 35 15.52 max 92.81 acc 1.00 ema 1.00 evals 102 cpu 11.51 maxcpu 13.93
T 36 7.29 max 92.81 acc 1.00 ema 1.00 evals 101 cpu 7.29 maxcpu 13.93
T 37 8.76 max 92.81 acc 1.00 ema 1.00 evals 111 cpu 8.76 maxcpu 13.93
T 38 9.61 max 92.81 acc 1.00 ema 1.00 evals 93 cpu 8.61 maxcpu 13.93
T 39 11.68 max 92.81 acc 1.00 ema 1.00 evals 111 cpu 10.24 maxcpu 13.93
T 40 11.89 max 92.81 acc 1.00 ema 1.00 evals 96 cpu 8.18 maxcpu 13.93
T 41 8.71 max 92.81 acc 1.00 ema 1.00 evals 105 cpu 8.71 maxcpu 13.93
T 42 8.08 max 92.81 acc 1.00 ema 1.00 evals 118 cpu 8.08 maxcpu 13.93
T 43 7.66 max 92.81 acc 1.00 ema 1.00 evals 97 cpu 7.05 maxcpu 13.93
T 44 6.83 max 92.81 acc 1.00 ema 1.00 evals 91 cpu 6.58 maxcpu 13.93
T 45 7.04 max 92.81 acc 1.00 ema 1.00 evals 104 cpu 6.82 maxcpu 13.93
T 46 9.57 max 92.81 acc 1.00 ema 1.00 evals 92 cpu 7.35 maxcpu 13.93
T 47 10.11 max 92.81 acc 1.00 ema 1.00 evals 86 cpu 9.19 maxcpu 13.93
T 48 13.81 max 92.81 acc 1.00 ema 1.00 evals 101 cpu 12.66 maxcpu 13.93
T 49 91.68 max 92.81 acc 1.00 ema 1.00 evals 109 cpu 13.33 maxcpu 13.93
T 50 15.06 max 92.81 acc 1.00 ema 1.00 evals 85 cpu 7.02 maxcpu 13.93
T 51 29.02 max 92.81 acc 1.00 ema 1.00 evals 76 cpu 6.59 maxcpu 13.93
T 52 20.13 max 92.81 acc 1.00 ema 1.00 evals 78 cpu 7.99 maxcpu 13.93
T 53 12.83 max 92.81 acc 1.00 ema 1.00 evals 86 cpu 8.76 maxcpu 13.93
T 54 88.05 max 92.81 acc 1.00 ema 1.00 evals 88 cpu 9.70 maxcpu 13.93
T 55 13.32 max 92.81 acc 1.00 ema 1.00 evals 87 cpu 7.99 maxcpu 13.93
T 56 10.87 max 92.81 acc 1.00 ema 1.00 evals 79 cpu 9.49 maxcpu 13.93
T 57 5.79 max 92.81 acc 1.00 ema 1.00 evals 84 cpu 5.45 maxcpu 13.93
T 58 6.52 max 92.81 acc 1.00 ema 1.00 evals 87 cpu 6.47 maxcpu 13.93
T 59 5.64 max 92.81 acc 1.00 ema 1.00 evals 81 cpu 5.58 maxcpu 13.93
T 60 11.07 max 92.81 acc 1.00 ema 1.00 evals 94 cpu 8.11 maxcpu 13.93
T 61 7.30 max 92.81 acc 1.00 ema 1.00 evals 103 cpu 7.18 maxcpu 13.93
T 62 18.00 max 92.81 acc 1.00 ema 1.00 evals 115 cpu 9.59 maxcpu 13.93
T 63 7.63 max 92.81 acc 1.00 ema 1.00 evals 102 cpu 7.53 maxcpu 13.93
T 64 72.22 max 92.81 acc 1.00 ema 1.00 evals 107 cpu 7.12 maxcpu 13.93
T 65 8.06 max 92.81 acc 1.00 ema 1.00 evals 100 cpu 7.48 maxcpu 13.93
T 66 9.26 max 92.81 acc 1.00 ema 1.00 evals 117 cpu 8.29 maxcpu 13.93
T 67 10.16 max 92.81 acc 1.00 ema 1.00 evals 102 cpu 9.85 maxcpu 13.93
T 68 13.73 max 92.81 acc 1.00 ema 1.00 evals 87 cpu 7.71 maxcpu 13.93
T 69 13.83 max 92.81 acc 1.00 ema 1.00 evals 88 cpu 10.32 maxcpu 13.93
T 70 12.53 max 92.81 acc 1.00 ema 1.00 evals 108 cpu 10.35 maxcpu 13.93
T 71 59.86 max 92.81 acc 1.00 ema 1.00 evals 109 cpu 11.79 maxcpu 13.93
T 72 19.79 max 92.81 acc 1.00 ema 1.00 evals 129 cpu 15.35 maxcpu 15.35
T 73 86.88 max 92.81 acc 1.00 ema 1.00 evals 103 cpu 12.04 maxcpu 15.35
T 74 50.44 max 92.81 acc 1.00 ema 1.00 evals 108 cpu 10.96 maxcpu 15.35
T 75 11.32 max 92.81 acc 1.00 ema 1.00 evals 100 cpu 10.14 maxcpu 15.35
T 76 7.84 max 92.81 acc 1.00 ema 1.00 evals 85 cpu 7.09 maxcpu 15.35
T 77 6.51 max 92.81 acc 1.00 ema 1.00 evals 85 cpu 6.50 maxcpu 15.35
T 78 69.41 max 92.81 acc 1.00 ema 1.00 evals 78 cpu 10.39 maxcpu 15.35
T 79 6.19 max 92.81 acc 1.00 ema 1.00 evals 78 cpu 6.13 maxcpu 15.35
T 80 6.49 max 92.81 acc 1.00 ema 1.00 evals 66 cpu 5.08 maxcpu 15.35
T 81 9.74 max 92.81 acc 1.00 ema 1.00 evals 68 cpu 8.98 maxcpu 15.35
T 82 10.55 max 92.81 acc 1.00 ema 1.00 evals 101 cpu 10.11 maxcpu 15.35
T 83 64.23 max 92.81 acc 1.00 ema 1.00 evals 80 cpu 6.70 maxcpu 15.35
T 84 9.19 max 92.81 acc 1.00 ema 1.00 evals 97 cpu 9.05 maxcpu 15.35
T 85 6.15 max 92.81 acc 1.00 ema 1.00 evals 86 cpu 5.99 maxcpu 15.35
T 86 14.34 max 92.81 acc 1.00 ema 1.00 evals 100 cpu 11.55 maxcpu 15.35
T 87 40.32 max 92.81 acc 1.00 ema 1.00 evals 111 cpu 9.18 maxcpu 15.35
T 88 26.70 max 92.81 acc 1.00 ema 1.00 evals 131 cpu 12.71 maxcpu 15.35
T 89 11.07 max 92.81 acc 1.00 ema 1.00 evals 118 cpu 9.67 maxcpu 15.35
T 90 27.21 max 92.81 acc 1.00 ema 1.00 evals 142 cpu 12.62 maxcpu 15.35
T 91 9.92 max 92.81 acc 1.00 ema 1.00 evals 129 cpu 9.71 maxcpu 15.35
T 92 9.23 max 92.81 acc 1.00 ema 1.00 evals 132 cpu 9.23 maxcpu 15.35
T 93 15.20 max 92.81 acc 1.00 ema 1.00 evals 125 cpu 12.95 maxcpu 15.35
T 94 12.17 max 92.81 acc 1.00 ema 1.00 evals 122 cpu 11.38 maxcpu 15.35
T 95 13.13 max 92.81 acc 1.00 ema 1.00 evals 92 cpu 11.02 maxcpu 15.35
T 96 9.31 max 92.81 acc 1.00 ema 1.00 evals 105 cpu 8.18 maxcpu 15.35
T 97 9.61 max 92.81 acc 1.00 ema 1.00 evals 125 cpu 9.43 maxcpu 15.35
T 98 9.97 max 92.81 acc 1.00 ema 1.00 evals 143 cpu 9.95 maxcpu 15.35
T 99 97.46 max 97.46 acc 1.00 ema 1.00 evals 144 cpu 13.68 maxcpu 15.35
T 100 55.67 max 97.46 acc 1.00 ema 1.00 evals 129 cpu 11.29 maxcpu 15.35
T 101 15.73 max 97.46 acc 1.00 ema 1.00 evals 107 cpu 10.03 maxcpu 15.35
T 102 24.04 max 97.46 acc 1.00 ema 1.00 evals 141 cpu 15.60 maxcpu 15.60
T 103 24.27 max 97.46 acc 1.00 ema 1.00 evals 131 cpu 14.25 maxcpu 15.60
T 104 39.66 max 97.46 acc 1.00 ema 1.00 evals 146 cpu 11.31 maxcpu 15.60
T 105 31.03 max 97.46 acc 1.00 ema 1.00 evals 141 cpu 13.66 maxcpu 15.60
T 106 83.11 max 97.46 acc 1.00 ema 1.00 evals 147 cpu 14.80 maxcpu 15.60
T 107 12.31 max 97.46 acc 1.00 ema 1.00 evals 119 cpu 10.19 maxcpu 15.60
T 108 30.51 max 97.46 acc 1.00 ema 1.00 evals 114 cpu 13.63 maxcpu 15.60
T 109 39.68 max 97.46 acc 1.00 ema 1.00 evals 138 cpu 12.96 maxcpu 15.60
T 110 55.36 max 97.46 acc 1.00 ema 1.00 evals 130 cpu 15.47 maxcpu 15.60
T 111 60.35 max 97.46 acc 1.00 ema 1.00 evals 113 cpu 13.34 maxcpu 15.60
T 112 34.71 max 97.46 acc 1.00 ema 1.00 evals 88 cpu 10.21 maxcpu 15.60
T 113 9.44 max 97.46 acc 1.00 ema 1.00 evals 112 cpu 9.43 maxcpu 15.60
T 114 12.60 max 97.46 acc 1.00 ema 1.00 evals 87 cpu 11.19 maxcpu 15.60
T 115 7.84 max 97.46 acc 1.00 ema 1.00 evals 107 cpu 7.83 maxcpu 15.60
T 116 9.09 max 97.46 acc 1.00 ema 1.00 evals 107 cpu 8.82 maxcpu 15.60
T 117 7.38 max 97.46 acc 1.00 ema 1.00 evals 112 cpu 7.36 maxcpu 15.60
T 118 6.58 max 97.46 acc 1.00 ema 1.00 evals 80 cpu 6.58 maxcpu 15.60
T 119 6.34 max 97.46 acc 1.00 ema 1.00 evals 80 cpu 6.33 maxcpu 15.60
T 120 15.20 max 97.46 acc 1.00 ema 1.00 evals 86 cpu 11.18 maxcpu 15.60
T 121 47.79 max 97.46 acc 1.00 ema 1.00 evals 76 cpu 9.48 maxcpu 15.60
T 122 5.44 max 97.46 acc 1.00 ema 1.00 evals 71 cpu 5.32 maxcpu 15.60
T 123 15.63 max 97.46 acc 1.00 ema 1.00 evals 84 cpu 10.48 maxcpu 15.60
T 124 12.17 max 97.46 acc 1.00 ema 1.00 evals 73 cpu 6.26 maxcpu 15.60
T 125 6.91 max 97.46 acc 1.00 ema 1.00 evals 74 cpu 6.07 maxcpu 15.60
T 126 5.49 max 97.46 acc 1.00 ema 1.00 evals 79 cpu 5.49 maxcpu 15.60
T 127 5.50 max 97.46 acc 1.00 ema 1.00 evals 74 cpu 5.50 maxcpu 15.60
T 128 5.47 max 97.46 acc 1.00 ema 1.00 evals 75 cpu 5.47 maxcpu 15.60
T 129 6.51 max 97.46 acc 1.00 ema 1.00 evals 75 cpu 6.12 maxcpu 15.60
T 130 5.30 max 97.46 acc 1.00 ema 1.00 evals 72 cpu 5.30 maxcpu 15.60
T 131 8.70 max 97.46 acc 1.00 ema 1.00 evals 54 cpu 5.89 maxcpu 15.60
T 132 1.50 max 97.46 acc 1.00 ema 1.00 evals 13 cpu 1.50 maxcpu 15.60
T 133 1.85 max 97.46 acc 1.00 ema 1.00 evals 12 cpu 1.85 maxcpu 15.60
T 134 1.87 max 97.46 acc 1.00 ema 1.00 evals 19 cpu 1.77 maxcpu 15.60
T 135 3.42 max 97.46 acc 1.00 ema 1.00 evals 28 cpu 3.21 maxcpu 15.60
T 136 3.09 max 97.46 acc 1.00 ema 1.00 evals 29 cpu 3.05 maxcpu 15.60
T 137 2.63 max 97.46 acc 1.00 ema 1.00 evals 30 cpu 2.52 maxcpu 15.60
T 138 2.25 max 97.46 acc 1.00 ema 1.00 evals 37 cpu 2.25 maxcpu 15.60
T 139 1.73 max 97.46 acc 1.00 ema 1.00 evals 9 cpu 1.52 maxcpu 15.60
T 140 1.83 max 97.46 acc 1.00 ema 1.00 evals 9 cpu 1.59 maxcpu 15.60
T 141 1.60 max 97.46 acc 1.00 ema 1.00 evals 10 cpu 1.57 maxcpu 15.60
