T 1 2.71 max 2.71 acc 1.00 ema 1.00 evals 5
T 2 0.79 max 2.71 acc 1.00 ema 1.00 evals 8
T 3 1.15 max 2.71 acc 0.33 ema 0.80 evals 15
T 4 1.63 max 2.71 acc 0.75 ema 0.78 evals 22
T 5 1.85 max 2.71 acc 0.25 ema 0.62 evals 25
T 6 2.35 max 2.71 acc 0.18 ema 0.49 evals 26
T 7 2.40 max 2.71 acc 0.58 ema 0.52 evals 30
T 8 2.94 max 2.94 acc 0.23 ema 0.43 evals 35
T 9 2.85 max 2.94 acc 0.44 ema 0.43 evals 36
T 10 2.38 max 2.94 acc 0.32 ema 0.40 evals 26
T 11 2.42 max 2.94 acc 0.89 ema 0.55 evals 27
T 12 2.29 max 2.94 acc 0.52 ema 0.54 evals 24
T 13 5.09 max 5.09 acc 0.69 ema 0.58 evals 24
T 14 2.27 max 5.09 acc 0.88 ema 0.67 evals 22
T 15 4.47 max 5.09 acc 0.56 ema 0.64 evals 29
T 16 5.25 max 5.25 acc 0.87 ema 0.71 evals 36
T 17 5.90 max 5.90 acc 0.44 ema 0.63 evals 39
T 18 7.50 max 7.50 acc 0.41 ema 0.56 evals 58
T 19 5.81 max 7.50 acc 0.58 ema 0.57 evals 54
T 20 8.36 max 8.36 acc 0.50 ema 0.55 evals 55
T 21 9.68 max 9.68 acc 0.43 ema 0.51 evals 55
T 22 10.89 max 10.89 acc 0.48 ema 0.50 evals 55
T 23 11.66 max 11.66 acc 0.52 ema 0.51 evals 69
T 24 107.67 max 107.67 acc 0.57 ema 0.53 evals 61
T 25 8.30 max 107.67 acc 0.33 ema 0.47 evals 54
T 26 8.20 max 107.67 acc 0.51 ema 0.48 evals 52
T 27 10.38 max 107.67 acc 0.24 ema 0.41 evals 58
T 28 6.02 max 107.67 acc 0.55 ema 0.45 evals 46
T 29 6.03 max 107.67 acc 0.37 ema 0.43 evals 36
T 30 6.34 max 107.67 acc 0.39 ema 0.41 evals 42
T 31 9.43 max 107.67 acc 0.40 ema 0.41 evals 62
T 32 7.39 max 107.67 acc 0.52 ema 0.44 evals 52
T 33 10.35 max 107.67 acc 0.64 ema 0.50 evals 58
T 34 257.12 max 257.12 acc 0.56 ema 0.52 evals 68
T 35 7.43 max 257.12 acc 0.48 ema 0.51 evals 54
T 36 9.02 max 257.12 acc 0.42 ema 0.48 evals 64
T 37 9.22 max 257.12 acc 0.46 ema 0.48 evals 67
T 38 9.73 max 257.12 acc 0.31 ema 0.43 evals 67
T 39 191.46 max 257.12 acc 0.76 ema 0.53 evals 77
T 40 9.56 max 257.12 acc 0.64 ema 0.56 evals 93
T 41 121.86 max 257.12 acc 0.38 ema 0.51 evals 95
T 42 97.08 max 257.12 acc 0.60 ema 0.53 evals 100
T 43 10.34 max 257.12 acc 0.58 ema 0.55 evals 96
T 44 9.39 max 257.12 acc 0.43 ema 0.51 evals 96
T 45 8.58 max 257.12 acc 0.66 ema 0.56 evals 87
T 46 10.53 max 257.12 acc 0.63 ema 0.58 evals 82
T 47 40.91 max 257.12 acc 0.17 ema 0.46 evals 109
T 48 28.40 max 257.12 acc 0.45 ema 0.46 evals 115
T 49 128.41 max 257.12 acc 0.28 ema 0.40 evals 105
T 50 67.35 max 257.12 acc 0.50 ema 0.43 evals 101
T 51 12.67 max 257.12 acc 0.53 ema 0.46 evals 102
T 52 11.17 max 257.12 acc 0.77 ema 0.56 evals 95
T 53 38.18 max 257.12 acc 0.40 ema 0.51 evals 78
T 54 10.69 max 257.12 acc 0.58 ema 0.53 evals 89
T 55 12.74 max 257.12 acc 0.29 ema 0.46 evals 84
T 56 9.30 max 257.12 acc 0.49 ema 0.47 evals 83
T 57 16.90 max 257.12 acc 0.36 ema 0.44 evals 73
T 58 7.53 max 257.12 acc 0.45 ema 0.44 evals 58
T 59 12.55 max 257.12 acc 0.64 ema 0.50 evals 65
T 60 10.43 max 257.12 acc 0.58 ema 0.52 evals 80
T 61 57.62 max 257.12 acc 0.49 ema 0.51 evals 82
T 62 10.04 max 257.12 acc 0.56 ema 0.53 evals 68
T 63 16.66 max 257.12 acc 0.56 ema 0.54 evals 81
T 64 41.15 max 257.12 acc 0.75 ema 0.60 evals 73
T 65 9.17 max 257.12 acc 0.48 ema 0.57 evals 72
T 66 9.98 max 257.12 acc 0.42 ema 0.52 evals 70
T 67 10.90 max 257.12 acc 0.44 ema 0.50 evals 77
T 68 34.28 max 257.12 acc 0.64 ema 0.54 evals 86
T 69 12.78 max 257.12 acc 0.61 ema 0.56 evals 84
T 70 9.59 max 257.12 acc 0.44 ema 0.52 evals 93
T 71 26.70 max 257.12 acc 0.52 ema 0.52 evals 93
T 72 13.99 max 257.12 acc 0.32 ema 0.46 evals 95
T 73 59.69 max 257.12 acc 0.25 ema 0.40 evals 115
T 74 120.70 max 257.12 acc 0.62 ema 0.46 evals 118
T 75 84.58 max 257.12 acc 0.47 ema 0.47 evals 111
T 76 71.86 max 257.12 acc 0.57 ema 0.50 evals 106
T 77 21.75 max 257.12 acc 0.57 ema 0.52 evals 107
T 78 122.86 max 257.12 acc 0.44 ema 0.50 evals 107
T 79 46.62 max 257.12 acc 0.64 ema 0.54 evals 92
T 80 76.00 max 257.12 acc 0.41 ema 0.50 evals 86
T 81 7.26 max 257.12 acc 0.45 ema 0.49 evals 78
T 82 7.19 max 257.12 acc 0.54 ema 0.50 evals 63
T 83 7.97 max 257.12 acc 0.33 ema 0.45 evals 64
T 84 7.37 max 257.12 acc 0.66 ema 0.51 evals 74
T 85 8.90 max 257.12 acc 0.44 ema 0.49 evals 74
T 86 7.11 max 257.12 acc 0.72 ema 0.56 evals 73
T 87 6.73 max 257.12 acc 0.55 ema 0.56 evals 68
T 88 8.01 max 257.12 acc 0.57 ema 0.56 evals 80
T 89 10.19 max 257.12 acc 0.32 ema 0.49 evals 73
T 90 83.24 max 257.12 acc 0.52 ema 0.50 evals 91
T 91 11.70 max 257.12 acc 0.50 ema 0.50 evals 80
T 92 36.09 max 257.12 acc 0.65 ema 0.55 evals 97
T 93 92.79 max 257.12 acc 0.47 ema 0.52 evals 86
T 94 44.00 max 257.12 acc 0.60 ema 0.55 evals 103
T 95 67.32 max 257.12 acc 0.57 ema 0.55 evals 105
T 96 15.36 max 257.12 acc 0.63 ema 0.58 evals 110
T 97 111.49 max 257.12 acc 0.54 ema 0.56 evals 105
T 98 107.21 max 257.12 acc 0.67 ema 0.60 evals 106
T 99 70.24 max 257.12 acc 0.60 ema 0.60 evals 101
T 100 11.78 max 257.12 acc 0.61 ema 0.60 evals 118
T 101 93.09 max 257.12 acc 0.51 ema 0.58 evals 110
T 102 82.14 max 257.12 acc 0.67 ema 0.60 evals 123
T 103 11.35 max 257.12 acc 0.36 ema 0.53 evals 83
T 104 89.23 max 257.12 acc 0.42 ema 0.50 evals 108
T 105 17.92 max 257.12 acc 0.71 ema 0.56 evals 102
T 106 13.42 max 257.12 acc 0.68 ema 0.60 evals 91
T 107 18.67 max 257.12 acc 0.54 ema 0.58 evals 72
T 108 10.79 max 257.12 acc 0.75 ema 0.63 evals 73
T 109 10.89 max 257.12 acc 0.48 ema 0.59 evals 79
T 110 16.60 max 257.12 acc 0.68 ema 0.61 evals 79
T 111 8.67 max 257.12 acc 0.67 ema 0.63 evals 72
T 112 9.15 max 257.12 acc 0.55 ema 0.61 evals 71
T 113 9.20 max 257.12 acc 0.35 ema 0.53 evals 60
T 114 11.30 max 257.12 acc 0.48 ema 0.51 evals 75
T 115 73.36 max 257.12 acc 0.42 ema 0.49 evals 83
T 116 15.19 max 257.12 acc 0.70 ema 0.55 evals 83
T 117 47.91 max 257.12 acc 0.50 ema 0.53 evals 77
T 118 8.57 max 257.12 acc 0.45 ema 0.51 evals 75
T 119 14.18 max 257.12 acc 0.50 ema 0.50 evals 77
T 120 65.33 max 257.12 acc 0.54 ema 0.51 evals 76
T 121 14.88 max 257.12 acc 0.59 ema 0.54 evals 91
T 122 113.78 max 257.12 acc 0.69 ema 0.58 evals 99
T 123 76.68 max 257.12 acc 0.54 ema 0.57 evals 103
T 124 17.11 max 257.12 acc 0.57 ema 0.57 evals 91
T 125 13.79 max 257.12 acc 0.57 ema 0.57 evals 84
T 126 89.13 max 257.12 acc 0.58 ema 0.57 evals 91
T 127 87.91 max 257.12 acc 0.46 ema 0.54 evals 101
T 128 93.56 max 257.12 acc 0.38 ema 0.49 evals 104
T 129 9.43 max 257.12 acc 0.35 ema 0.45 evals 70
T 130 12.56 max 257.12 acc 0.27 ema 0.39 evals 96
T 131 14.90 max 257.12 acc 0.46 ema 0.41 evals 90
T 132 89.73 max 257.12 acc 0.69 ema 0.50 evals 94
T 133 87.00 max 257.12 acc 0.58 ema 0.52 evals 111
T 134 31.14 max 257.12 acc 0.31 ema 0.46 evals 90
T 135 33.66 max 257.12 acc 0.78 ema 0.55 evals 80
T 136 60.86 max 257.12 acc 0.61 ema 0.57 evals 81
T 137 9.05 max 257.12 acc 0.73 ema 0.62 evals 96
T 138 10.27 max 257.12 acc 0.56 ema 0.60 evals 99
T 139 65.98 max 257.12 acc 0.37 ema 0.53 evals 107
T 140 71.26 max 257.12 acc 0.59 ema 0.55 evals 97
T 141 143.27 max 257.12 acc 0.48 ema 0.53 evals 106
T 142 45.68 max 257.12 acc 0.64 ema 0.56 evals 90
T 143 85.52 max 257.12 acc 0.55 ema 0.56 evals 83
T 144 41.97 max 257.12 acc 0.51 ema 0.54 evals 91
T 145 11.86 max 257.12 acc 0.48 ema 0.53 evals 89
T 146 7.59 max 257.12 acc 0.50 ema 0.52 evals 52
T 147 9.21 max 257.12 acc 0.41 ema 0.49 evals 71
T 148 24.63 max 257.12 acc 0.53 ema 0.50 evals 82
T 149 8.91 max 257.12 acc 0.68 ema 0.56 evals 81
