T 1 1.02 max 1.02 acc 1.00 ema 1.00 evals 5 cpu 1.02 maxcpu 1.02
T 2 1.09 max 1.09 acc 1.00 ema 1.00 evals 10 cpu 1.06 maxcpu 1.06
T 3 1.62 max 1.62 acc 1.00 ema 1.00 evals 20 cpu 1.61 maxcpu 1.61
T 4 2.02 max 2.02 acc 1.00 ema 1.00 evals 30 cpu 2.01 maxcpu 2.01
T 5 2.44 max 2.44 acc 0.50 ema 0.80 evals 29 cpu 2.43 maxcpu 2.43
T 6 1.89 max 2.44 acc 0.77 ema 0.79 evals 29 cpu 1.87 maxcpu 2.43
T 7 2.95 max 2.95 acc 0.88 ema 0.83 evals 34 cpu 2.96 maxcpu 2.96
T 8 3.06 max 3.06 acc 0.86 ema 0.84 evals 35 cpu 3.06 maxcpu 3.06
T 9 2.03 max 3.06 acc 0.79 ema 0.82 evals 35 cpu 2.02 maxcpu 3.06
T 10 1.89 max 3.06 acc 0.88 ema 0.84 evals 32 cpu 1.89 maxcpu 3.06
T 11 3.24 max 3.24 acc 0.82 ema 0.84 evals 32 cpu 3.20 maxcpu 3.20
T 12 5.04 max 5.04 acc 0.64 ema 0.76 evals 60 cpu 3.56 maxcpu 3.56
T 13 7.64 max 7.64 acc 0.57 ema 0.68 evals 70 cpu 6.37 maxcpu 6.37
T 14 6.67 max 7.64 acc 0.69 ema 0.69 evals 76 cpu 6.66 maxcpu 6.66
T 15 9.81 max 9.81 acc 0.88 ema 0.80 evals 90 cpu 8.01 maxcpu 8.01
T 16 7.89 max 9.81 acc 0.83 ema 0.81 evals 79 cpu 7.10 maxcpu 8.01
T 17 8.08 max 9.81 acc 0.72 ema 0.78 evals 89 cpu 7.91 maxcpu 8.01
T 18 59.91 max 59.91 acc 0.44 ema 0.75 evals 113 cpu 10.24 maxcpu 10.24
T 19 79.47 max 79.47 acc 0.70 ema 0.73 evals 141 cpu 11.81 maxcpu 11.81
T 20 8.15 max 79.47 acc 0.66 ema 0.70 evals 112 cpu 8.09 maxcpu 11.81
T 21 8.34 max 79.47 acc 0.68 ema 0.69 evals 98 cpu 8.09 maxcpu 11.81
T 22 6.98 max 79.47 acc 0.69 ema 0.69 evals 83 cpu 6.96 maxcpu 11.81
T 23 7.85 max 79.47 acc 0.65 ema 0.67 evals 88 cpu 7.70 maxcpu 11.81
T 24 9.54 max 79.47 acc 0.68 ema 0.68 evals 104 cpu 9.09 maxcpu 11.81
T 25 6.85 max 79.47 acc 0.78 ema 0.72 evals 79 cpu 6.84 maxcpu 11.81
T 26 4.74 max 79.47 acc 0.49 ema 0.63 evals 91 cpu 4.74 maxcpu 11.81
T 27 4.63 max 79.47 acc 0.64 ema 0.63 evals 87 cpu 4.63 maxcpu 11.81
T 28 12.56 max 79.47 acc 0.59 ema 0.62 evals 89 cpu 8.26 maxcpu 11.81
T 29 4.73 max 79.47 acc 0.58 ema 0.60 evals 85 cpu 4.69 maxcpu 11.81
T 30 6.04 max 79.47 acc 0.61 ema 0.61 evals 109 cpu 6.00 maxcpu 11.81
T 31 9.54 max 79.47 acc 0.46 ema 0.58 evals 103 cpu 8.56 maxcpu 11.81
T 32 5.08 max 79.47 acc 0.50 ema 0.55 evals 96 cpu 5.08 maxcpu 11.81
T 33 5.35 max 79.47 acc 0.52 ema 0.59 evals 105 cpu 5.35 maxcpu 11.81
T 34 6.06 max 79.47 acc 0.62 ema 0.60 evals 114 cpu 5.98 maxcpu 11.81
T 35 5.61 max 79.47 acc 0.66 ema 0.63 evals 99 cpu 5.55 maxcpu 11.81
T 36 5.76 max 79.47 acc 0.61 ema 0.62 evals 113 cpu 5.76 maxcpu 11.81
T 37 7.72 max 79.47 acc 0.62 ema 0.62 evals 124 cpu 7.45 maxcpu 11.81
T 38 3.41 max 79.47 acc 0.72 ema 0.66 evals 69 cpu 3.37 maxcpu 11.81
T 39 3.44 max 79.47 acc 0.59 ema 0.63 evals 73 cpu 3.44 maxcpu 11.81
T 40 3.89 max 79.47 acc 0.70 ema 0.66 evals 74 cpu 3.89 maxcpu 11.81
T 41 2.91 max 79.47 acc 0.65 ema 0.66 evals 56 cpu 2.91 maxcpu 11.81
T 42 36.87 max 79.47 acc 0.48 ema 0.59 evals 83 cpu 5.29 maxcpu 11.81
T 43 6.13 max 79.47 acc 1.00 ema 0.75 evals 75 cpu 6.12 maxcpu 11.81
T 44 8.07 max 79.47 acc 0.57 ema 0.68 evals 97 cpu 7.99 maxcpu 11.81
T 45 6.07 max 79.47 acc 0.61 ema 0.65 evals 103 cpu 5.86 maxcpu 11.81
T 46 4.91 max 79.47 acc 0.63 ema 0.68 evals 85 cpu 4.82 maxcpu 11.81
T 47 22.34 max 79.47 acc 0.50 ema 0.61 evals 77 cpu 6.89 maxcpu 11.81
T 48 5.07 max 79.47 acc 0.62 ema 0.61 evals 68 cpu 4.99 maxcpu 11.81
T 49 5.35 max 79.47 acc 0.42 ema 0.53 evals 62 cpu 4.98 maxcpu 11.81
T 50 3.40 max 79.47 acc 0.65 ema 0.58 evals 62 cpu 3.36 maxcpu 11.81
T 51 3.22 max 79.47 acc 0.66 ema 0.61 evals 60 cpu 3.22 maxcpu 11.81
T 52 6.63 max 79.47 acc 0.56 ema 0.59 evals 75 cpu 5.72 maxcpu 11.81
T 53 5.76 max 79.47 acc 0.65 ema 0.61 evals 79 cpu 5.56 maxcpu 11.81
T 54 4.73 max 79.47 acc 0.54 ema 0.58 evals 64 cpu 4.55 maxcpu 11.81
T 55 3.31 max 79.47 acc 0.47 ema 0.54 evals 60 cpu 3.31 maxcpu 11.81
T 56 4.21 max 79.47 acc 0.41 ema 0.51 evals 73 cpu 4.12 maxcpu 11.81
T 57 7.15 max 79.47 acc 0.73 ema 0.60 evals 70 cpu 6.56 maxcpu 11.81
T 58 7.00 max 79.47 acc 0.79 ema 0.71 evals 70 cpu 6.54 maxcpu 11.81
T 59 8.22 max 79.47 acc 0.68 ema 0.70 evals 79 cpu 7.32 maxcpu 11.81
T 60 8.63 max 79.47 acc 0.71 ema 0.70 evals 87 cpu 7.70 maxcpu 11.81
T 61 6.45 max 79.47 acc 0.52 ema 0.63 evals 73 cpu 6.32 maxcpu 11.81
T 62 6.00 max 79.47 acc 0.73 ema 0.67 evals 60 cpu 5.35 maxcpu 11.81
T 63 6.89 max 79.47 acc 0.37 ema 0.55 evals 63 cpu 5.99 maxcpu 11.81
T 64 2.85 max 79.47 acc 0.61 ema 0.57 evals 53 cpu 2.85 maxcpu 11.81
T 65 8.93 max 79.47 acc 0.66 ema 0.61 evals 69 cpu 6.13 maxcpu 11.81
T 66 6.37 max 79.47 acc 0.54 ema 0.58 evals 73 cpu 6.31 maxcpu 11.81
T 67 6.40 max 79.47 acc 0.43 ema 0.52 evals 75 cpu 6.36 maxcpu 11.81
T 68 5.37 max 79.47 acc 0.67 ema 0.58 evals 64 cpu 5.34 maxcpu 11.81
T 69 5.71 max 79.47 acc 0.60 ema 0.59 evals 65 cpu 5.58 maxcpu 11.81
T 70 5.67 max 79.47 acc 0.86 ema 0.70 evals 65 cpu 5.50 maxcpu 11.81
T 71 5.18 max 79.47 acc 0.73 ema 0.71 evals 69 cpu 4.68 maxcpu 11.81
T 72 5.96 max 79.47 acc 0.70 ema 0.71 evals 66 cpu 5.74 maxcpu 11.81
T 73 5.12 max 79.47 acc 0.75 ema 0.72 evals 64 cpu 4.77 maxcpu 11.81
T 74 6.64 max 79.47 acc 0.70 ema 0.71 evals 73 cpu 6.20 maxcpu 11.81
T 75 5.38 max 79.47 acc 0.51 ema 0.63 evals 59 cpu 4.94 maxcpu 11.81
T 76 8.14 max 79.47 acc 0.62 ema 0.63 evals 70 cpu 6.26 maxcpu 11.81
T 77 5.59 max 79.47 acc 0.73 ema 0.67 evals 63 cpu 5.51 maxcpu 11.81
T 78 5.19 max 79.47 acc 0.66 ema 0.66 evals 62 cpu 5.17 maxcpu 11.81
T 79 6.04 max 79.47 acc 0.66 ema 0.66 evals 62 cpu 5.54 maxcpu 11.81
T 80 4.09 max 79.47 acc 0.56 ema 0.62 evals 46 cpu 4.06 maxcpu 11.81
T 81 5.21 max 79.47 acc 0.35 ema 0.51 evals 61 cpu 5.17 maxcpu 11.81
T 82 5.56 max 79.47 acc 0.35 ema 0.45 evals 65 cpu 5.41 maxcpu 11.81
T 83 4.35 max 79.47 acc 0.59 ema 0.51 evals 57 cpu 4.25 maxcpu 11.81
T 84 7.12 max 79.47 acc 0.77 ema 0.61 evals 80 cpu 6.82 maxcpu 11.81
T 85 6.51 max 79.47 acc 0.46 ema 0.55 evals 68 cpu 6.20 maxcpu 11.81
T 86 6.34 max 79.47 acc 0.56 ema 0.56 evals 74 cpu 6.32 maxcpu 11.81
T 87 6.54 max 79.47 acc 0.74 ema 0.63 evals 73 cpu 6.19 maxcpu 11.81
T 88 4.75 max 79.47 acc 0.63 ema 0.63 evals 48 cpu 4.57 maxcpu 11.81
T 89 5.86 max 79.47 acc 0.49 ema 0.57 evals 66 cpu 5.84 maxcpu 11.81
T 90 2.35 max 79.47 acc 0.50 ema 0.55 evals 42 cpu 2.35 maxcpu 11.81
T 91 5.32 max 79.47 acc 0.80 ema 0.65 evals 61 cpu 5.28 maxcpu 11.81
T 92 5.01 max 79.47 acc 0.63 ema 0.64 evals 57 cpu 4.99 maxcpu 11.81
T 93 4.68 max 79.47 acc 0.64 ema 0.64 evals 55 cpu 4.65 maxcpu 11.81
T 94 4.87 max 79.47 acc 0.48 ema 0.58 evals 51 cpu 4.64 maxcpu 11.81
T 95 4.36 max 79.47 acc 0.45 ema 0.53 evals 50 cpu 4.33 maxcpu 11.81
T 96 4.54 max 79.47 acc 0.64 ema 0.57 evals 54 cpu 4.49 maxcpu 11.81
