T 1 3.31 max 3.31 acc 1.00 ema 1.00 evals 7 cpu 3.22 maxcpu 3.22
T 2 1.89 max 3.31 acc 1.00 ema 1.00 evals 19 cpu 1.86 maxcpu 3.22
T 3 2.11 max 3.31 acc 1.00 ema 1.00 evals 22 cpu 1.99 maxcpu 3.22
T 4 2.38 max 3.31 acc 0.83 ema 1.00 evals 27 cpu 2.32 maxcpu 3.22
T 5 3.66 max 3.66 acc 1.00 ema 1.00 evals 40 cpu 3.66 maxcpu 3.66
T 6 3.11 max 3.66 acc 1.00 ema 1.00 evals 38 cpu 3.11 maxcpu 3.66
T 7 3.16 max 3.66 acc 1.00 ema 1.00 evals 36 cpu 3.11 maxcpu 3.66
T 8 3.31 max 3.66 acc 1.00 ema 1.00 evals 36 cpu 3.23 maxcpu 3.66
T 9 5.12 max 5.12 acc 1.00 ema 1.00 evals 39 cpu 5.12 maxcpu 5.12
T 10 3.83 max 5.12 acc 0.96 ema 0.98 evals 42 cpu 3.82 maxcpu 5.12
T 11 4.78 max 5.12 acc 1.00 ema 0.99 evals 49 cpu 4.58 maxcpu 5.12
T 12 8.05 max 8.05 acc 0.95 ema 0.97 evals 62 cpu 7.87 maxcpu 7.87
T 13 6.89 max 8.05 acc 1.00 ema 0.98 evals 65 cpu 6.05 maxcpu 7.87
T 14 8.48 max 8.48 acc 1.00 ema 0.99 evals 79 cpu 8.11 maxcpu 8.11
T 15 7.89 max 8.48 acc 1.00 ema 0.99 evals 66 cpu 6.93 maxcpu 8.11
T 16 7.71 max 8.48 acc 1.00 ema 1.00 evals 68 cpu 7.23 maxcpu 8.11
T 17 8.60 max 8.60 acc 1.00 ema 1.00 evals 69 cpu 8.59 maxcpu 8.59
T 18 6.66 max 8.60 acc 1.00 ema 1.00 evals 68 cpu 5.96 maxcpu 8.59
T 19 8.76 max 8.76 acc 1.00 ema 1.00 evals 72 cpu 8.77 maxcpu 8.77
T 20 6.67 max 8.76 acc 1.00 ema 1.00 evals 64 cpu 6.40 maxcpu 8.77
T 21 6.62 max 8.76 acc 1.00 ema 1.00 evals 63 cpu 6.07 maxcpu 8.77
T 22 6.52 max 8.76 acc 1.00 ema 1.00 evals 63 cpu 6.42 maxcpu 8.77
T 23 9.63 max 9.63 acc 1.00 ema 1.00 evals 84 cpu 9.07 maxcpu 9.07
T 24 12.62 max 12.62 acc 1.00 ema 1.00 evals 103 cpu 12.62 maxcpu 12.62
T 25 14.80 max 14.80 acc 1.00 ema 1.00 evals 103 cpu 10.59 maxcpu 12.62
T 26 23.52 max 23.52 acc 1.00 ema 1.00 evals 92 cpu 10.34 maxcpu 12.62
T 27 13.78 max 23.52 acc 1.00 ema 1.00 evals 71 cpu 8.02 maxcpu 12.62
T 28 10.57 max 23.52 acc 1.00 ema 1.00 evals 91 cpu 10.40 maxcpu 12.62
T 29 14.90 max 23.52 acc 1.00 ema 1.00 evals 85 cpu 10.76 maxcpu 12.62
T 30 12.33 max 23.52 acc 1.00 ema 1.00 evals 94 cpu 9.51 maxcpu 12.62
T 31 13.59 max 23.52 acc 1.00 ema 1.00 evals 120 cpu 13.16 maxcpu 13.16
T 32 22.02 max 23.52 acc 1.00 ema 1.00 evals 106 cpu 11.17 maxcpu 13.16
T 33 10.04 max 23.52 acc 1.00 ema 1.00 evals 94 cpu 9.18 maxcpu 13.16
T 34 8.10 max 23.52 acc 1.00 ema 1.00 evals 80 cpu 8.10 maxcpu 13.16
T 35 10.99 max 23.52 acc 1.00 ema 1.00 evals 88 cpu 10.93 maxcpu 13.16
T 36 9.50 max 23.52 acc 1.00 ema 1.00 evals 72 cpu 9.50 maxcpu 13.16
T 37 10.45 max 23.52 acc 1.00 ema 1.00 evals 78 cpu 10.26 maxcpu 13.16
T 38 41.43 max 41.43 acc 1.00 ema 1.00 evals 91 cpu 11.86 maxcpu 13.16
T 39 14.62 max 41.43 acc 1.00 ema 1.00 evals 87 cpu 9.36 maxcpu 13.16
T 40 7.52 max 41.43 acc 1.00 ema 1.00 evals 57 cpu 7.13 maxcpu 13.16
T 41 8.20 max 41.43 acc 1.00 ema 1.00 evals 60 cpu 8.20 maxcpu 13.16
T 42 9.09 max 41.43 acc 1.00 ema 1.00 evals 64 cpu 8.27 maxcpu 13.16
T 43 7.90 max 41.43 acc 1.00 ema 1.00 evals 78 cpu 7.86 maxcpu 13.16
T 44 9.40 max 41.43 acc 1.00 ema 1.00 evals 82 cpu 8.35 maxcpu 13.16
T 45 134.45 max 134.45 acc 1.00 ema 1.00 evals 85 cpu 8.29 maxcpu 13.16
T 46 7.78 max 134.45 acc 1.00 ema 1.00 evals 63 cpu 6.37 maxcpu 13.16
T 47 6.34 max 134.45 acc 1.00 ema 1.00 evals 58 cpu 5.89 maxcpu 13.16
T 48 9.04 max 134.45 acc 1.00 ema 1.00 evals 80 cpu 8.48 maxcpu 13.16
T 49 9.99 max 134.45 acc 1.00 ema 1.00 evals 74 cpu 9.97 maxcpu 13.16
T 50 28.49 max 134.45 acc 1.00 ema 1.00 evals 80 cpu 9.05 maxcpu 13.16
T 51 10.47 max 134.45 acc 1.00 ema 1.00 evals 79 cpu 10.44 maxcpu 13.16
T 52 41.20 max 134.45 acc 1.00 ema 1.00 evals 94 cpu 12.90 maxcpu 13.16
T 53 27.87 max 134.45 acc 1.00 ema 1.00 evals 123 cpu 14.45 maxcpu 14.45
T 54 13.11 max 134.45 acc 1.00 ema 1.00 evals 97 cpu 13.11 maxcpu 14.45
T 55 44.41 max 134.45 acc 1.00 ema 1.00 evals 94 cpu 12.12 maxcpu 14.45
T 56 30.40 max 134.45 acc 1.00 ema 1.00 evals 95 cpu 11.75 maxcpu 14.45
T 57 18.95 max 134.45 acc 1.00 ema 1.00 evals 112 cpu 14.90 maxcpu 14.90
T 58 26.96 max 134.45 acc 1.00 ema 1.00 evals 113 cpu 14.56 maxcpu 14.90
T 59 15.81 max 134.45 acc 1.00 ema 1.00 evals 100 cpu 12.72 maxcpu 14.90
T 60 62.94 max 134.45 acc 1.00 ema 1.00 evals 81 cpu 10.78 maxcpu 14.90
T 61 14.89 max 134.45 acc 1.00 ema 1.00 evals 74 cpu 9.54 maxcpu 14.90
T 62 18.35 max 134.45 acc 1.00 ema 1.00 evals 89 cpu 10.15 maxcpu 14.90
T 63 64.99 max 134.45 acc 1.00 ema 1.00 evals 96 cpu 9.91 maxcpu 14.90
T 64 17.44 max 134.45 acc 1.00 ema 1.00 evals 95 cpu 13.41 maxcpu 14.90
T 65 15.16 max 134.45 acc 1.00 ema 1.00 evals 126 cpu 14.83 maxcpu 14.90
T 66 64.30 max 134.45 acc 1.00 ema 1.00 evals 119 cpu 18.46 maxcpu 18.46
T 67 81.08 max 134.45 acc 1.00 ema 1.00 evals 145 cpu 22.02 maxcpu 22.02
T 68 203.39 max 203.39 acc 1.00 ema 1.00 evals 127 cpu 20.04 maxcpu 22.02
T 69 247.25 max 247.25 acc 1.00 ema 1.00 evals 136 cpu 23.57 maxcpu 23.57
T 70 135.02 max 247.25 acc 1.00 ema 1.00 evals 86 cpu 13.16 maxcpu 23.57
T 71 107.21 max 247.25 acc 1.00 ema 1.00 evals 107 cpu 15.61 maxcpu 23.57
T 72 111.65 max 247.25 acc 1.00 ema 1.00 evals 106 cpu 15.45 maxcpu 23.57
T 73 55.00 max 247.25 acc 1.00 ema 1.00 evals 74 cpu 10.85 maxcpu 23.57
T 74 18.13 max 247.25 acc 1.00 ema 1.00 evals 53 cpu 7.33 maxcpu 23.57
T 75 10.68 max 247.25 acc 1.00 ema 1.00 evals 69 cpu 8.17 maxcpu 23.57
T 76 349.33 max 349.33 acc 1.00 ema 1.00 evals 58 cpu 9.19 maxcpu 23.57
T 77 20.25 max 349.33 acc 1.00 ema 1.00 evals 69 cpu 9.51 maxcpu 23.57
