T 1 3.44 max 3.44 acc 1.00 ema 1.00 evals 7 cpu 3.44 maxcpu 3.44
T 2 1.58 max 3.44 acc 1.00 ema 1.00 evals 19 cpu 1.58 maxcpu 3.44
T 3 2.59 max 3.44 acc 0.75 ema 0.90 evals 22 cpu 2.32 maxcpu 3.44
T 4 2.37 max 3.44 acc 0.83 ema 0.87 evals 27 cpu 2.33 maxcpu 3.44
T 5 3.12 max 3.44 acc 0.62 ema 0.82 evals 40 cpu 3.12 maxcpu 3.44
T 6 3.08 max 3.44 acc 0.82 ema 0.82 evals 38 cpu 3.08 maxcpu 3.44
T 7 3.01 max 3.44 acc 1.00 ema 0.89 evals 36 cpu 3.01 maxcpu 3.44
T 8 3.31 max 3.44 acc 0.71 ema 0.82 evals 36 cpu 3.31 maxcpu 3.44
T 9 3.80 max 3.80 acc 0.89 ema 0.85 evals 42 cpu 3.77 maxcpu 3.77
T 10 4.22 max 4.22 acc 0.91 ema 0.87 evals 47 cpu 4.21 maxcpu 4.21
T 11 6.35 max 6.35 acc 0.65 ema 0.78 evals 51 cpu 6.35 maxcpu 6.35
T 12 4.86 max 6.35 acc 0.90 ema 0.83 evals 57 cpu 4.86 maxcpu 6.35
T 13 10.77 max 10.77 acc 0.59 ema 0.73 evals 63 cpu 6.57 maxcpu 6.57
T 14 5.23 max 10.77 acc 0.36 ema 0.58 evals 53 cpu 5.07 maxcpu 6.57
T 15 7.27 max 10.77 acc 0.60 ema 0.59 evals 51 cpu 7.27 maxcpu 7.27
T 16 6.63 max 10.77 acc 0.52 ema 0.56 evals 48 cpu 6.63 maxcpu 7.27
T 17 7.36 max 10.77 acc 0.65 ema 0.60 evals 52 cpu 7.19 maxcpu 7.27
T 18 6.15 max 10.77 acc 0.69 ema 0.68 evals 57 cpu 5.54 maxcpu 7.27
T 19 4.60 max 10.77 acc 0.81 ema 0.73 evals 47 cpu 4.45 maxcpu 7.27
T 20 7.08 max 10.77 acc 0.77 ema 0.75 evals 69 cpu 6.14 maxcpu 7.27
T 21 10.57 max 10.77 acc 0.64 ema 0.71 evals 90 cpu 10.51 maxcpu 10.51
T 22 14.36 max 14.36 acc 0.67 ema 0.69 evals 74 cpu 8.63 maxcpu 10.51
T 23 8.21 max 14.36 acc 0.67 ema 0.68 evals 80 cpu 7.78 maxcpu 10.51
T 24 6.74 max 14.36 acc 0.62 ema 0.66 evals 79 cpu 6.74 maxcpu 10.51
T 25 6.45 max 14.36 acc 0.72 ema 0.68 evals 70 cpu 6.43 maxcpu 10.51
T 26 7.18 max 14.36 acc 0.43 ema 0.58 evals 83 cpu 7.18 maxcpu 10.51
T 27 7.26 max 14.36 acc 0.33 ema 0.48 evals 80 cpu 7.26 maxcpu 10.51
T 28 90.96 max 90.96 acc 0.72 ema 0.58 evals 78 cpu 8.60 maxcpu 10.51
T 29 22.99 max 90.96 acc 0.78 ema 0.69 evals 92 cpu 11.69 maxcpu 11.69
T 30 47.74 max 90.96 acc 0.55 ema 0.63 evals 85 cpu 10.31 maxcpu 11.69
T 31 14.00 max 90.96 acc 0.78 ema 0.69 evals 98 cpu 9.94 maxcpu 11.69
T 32 13.11 max 90.96 acc 0.37 ema 0.56 evals 92 cpu 10.43 maxcpu 11.69
T 33 68.15 max 90.96 acc 0.55 ema 0.56 evals 110 cpu 11.50 maxcpu 11.69
T 34 8.55 max 90.96 acc 0.58 ema 0.57 evals 95 cpu 8.53 maxcpu 11.69
T 35 8.42 max 90.96 acc 0.58 ema 0.57 evals 83 cpu 8.38 maxcpu 11.69
T 36 9.70 max 90.96 acc 0.39 ema 0.50 evals 96 cpu 9.67 maxcpu 11.69
T 37 61.35 max 90.96 acc 0.46 ema 0.48 evals 93 cpu 10.88 maxcpu 11.69
T 38 17.43 max 90.96 acc 0.81 ema 0.61 evals 90 cpu 10.94 maxcpu 11.69
T 39 13.14 max 90.96 acc 0.26 ema 0.47 evals 102 cpu 13.13 maxcpu 13.13
T 40 13.43 max 90.96 acc 0.36 ema 0.45 evals 105 cpu 13.39 maxcpu 13.39
T 41 10.89 max 90.96 acc 0.28 ema 0.38 evals 111 cpu 10.64 maxcpu 13.39
T 42 14.15 max 90.96 acc 0.36 ema 0.37 evals 96 cpu 12.74 maxcpu 13.39
T 43 23.12 max 90.96 acc 0.64 ema 0.48 evals 126 cpu 15.19 maxcpu 15.19
T 44 14.55 max 90.96 acc 0.42 ema 0.46 evals 116 cpu 14.55 maxcpu 15.19
T 45 27.47 max 90.96 acc 0.68 ema 0.55 evals 124 cpu 15.22 maxcpu 15.22
T 46 13.87 max 90.96 acc 0.43 ema 0.50 evals 111 cpu 13.36 maxcpu 15.22
T 47 50.68 max 90.96 acc 0.64 ema 0.56 evals 129 cpu 14.67 maxcpu 15.22
T 48 18.94 max 90.96 acc 0.52 ema 0.54 evals 108 cpu 13.64 maxcpu 15.22
T 49 14.08 max 90.96 acc 0.48 ema 0.52 evals 122 cpu 13.16 maxcpu 15.22
T 50 42.23 max 90.96 acc 0.70 ema 0.59 evals 95 cpu 11.90 maxcpu 15.22
T 51 34.42 max 90.96 acc 0.63 ema 0.72 evals 114 cpu 12.95 maxcpu 15.22
T 52 70.23 max 90.96 acc 0.45 ema 0.61 evals 111 cpu 14.19 maxcpu 15.22
T 53 14.85 max 90.96 acc 0.65 ema 0.63 evals 89 cpu 10.70 maxcpu 15.22
T 54 14.38 max 90.96 acc 0.78 ema 0.69 evals 113 cpu 12.72 maxcpu 15.22
T 55 15.85 max 90.96 acc 0.50 ema 0.61 evals 96 cpu 11.93 maxcpu 15.22
T 56 11.32 max 90.96 acc 0.55 ema 0.59 evals 107 cpu 10.65 maxcpu 15.22
T 57 13.62 max 90.96 acc 0.56 ema 0.64 evals 98 cpu 12.72 maxcpu 15.22
T 58 11.70 max 90.96 acc 0.65 ema 0.64 evals 98 cpu 11.52 maxcpu 15.22
T 59 8.11 max 90.96 acc 0.58 ema 0.62 evals 85 cpu 7.63 maxcpu 15.22
T 60 71.11 max 90.96 acc 0.75 ema 0.67 evals 94 cpu 12.87 maxcpu 15.22
T 61 11.61 max 90.96 acc 0.37 ema 0.60 evals 89 cpu 11.56 maxcpu 15.22
T 62 60.66 max 90.96 acc 0.55 ema 0.58 evals 102 cpu 11.21 maxcpu 15.22
T 63 12.52 max 90.96 acc 0.33 ema 0.54 evals 81 cpu 9.49 maxcpu 15.22
T 64 34.98 max 90.96 acc 0.71 ema 0.61 evals 112 cpu 13.71 maxcpu 15.22
T 65 22.11 max 90.96 acc 0.47 ema 0.55 evals 107 cpu 12.47 maxcpu 15.22
T 66 11.27 max 90.96 acc 0.36 ema 0.48 evals 100 cpu 10.69 maxcpu 15.22
T 67 13.51 max 90.96 acc 0.23 ema 0.38 evals 77 cpu 9.49 maxcpu 15.22
T 68 210.81 max 210.81 acc 0.45 ema 0.47 evals 98 cpu 14.99 maxcpu 15.22
T 69 208.59 max 210.81 acc 0.62 ema 0.53 evals 94 cpu 15.79 maxcpu 15.79
T 70 10.44 max 210.81 acc 0.54 ema 0.53 evals 96 cpu 9.70 maxcpu 15.79
T 71 7.50 max 210.81 acc 0.40 ema 0.56 evals 72 cpu 7.40 maxcpu 15.79
T 72 85.93 max 210.81 acc 0.41 ema 0.50 evals 88 cpu 10.05 maxcpu 15.79
T 73 39.14 max 210.81 acc 0.42 ema 0.47 evals 94 cpu 12.74 maxcpu 15.79
T 74 70.96 max 210.81 acc 0.77 ema 0.59 evals 110 cpu 14.48 maxcpu 15.79
T 75 11.72 max 210.81 acc 0.40 ema 0.51 evals 97 cpu 11.07 maxcpu 15.79
T 76 8.06 max 210.81 acc 0.04 ema 0.39 evals 78 cpu 7.96 maxcpu 15.79
T 77 17.35 max 210.81 acc 0.85 ema 0.58 evals 96 cpu 9.80 maxcpu 15.79
T 78 421.32 max 421.32 acc 0.57 ema 0.57 evals 95 cpu 13.74 maxcpu 15.79
T 79 235.51 max 421.32 acc 0.11 ema 0.41 evals 99 cpu 13.10 maxcpu 15.79
T 80 90.61 max 421.32 acc 0.50 ema 0.45 evals 98 cpu 13.81 maxcpu 15.79
T 81 55.06 max 421.32 acc 0.57 ema 0.50 evals 99 cpu 13.29 maxcpu 15.79
T 82 48.83 max 421.32 acc 0.62 ema 0.55 evals 119 cpu 12.53 maxcpu 15.79
T 83 75.15 max 421.32 acc 0.41 ema 0.49 evals 106 cpu 11.82 maxcpu 15.79
T 84 67.08 max 421.32 acc 0.41 ema 0.46 evals 108 cpu 13.39 maxcpu 15.79
T 85 11.00 max 421.32 acc 0.12 ema 0.32 evals 91 cpu 9.51 maxcpu 15.79
T 86 37.12 max 421.32 acc 0.51 ema 0.40 evals 88 cpu 12.78 maxcpu 15.79
T 87 18.75 max 421.32 acc 0.62 ema 0.56 evals 109 cpu 13.15 maxcpu 15.79
T 88 20.69 max 421.32 acc 0.70 ema 0.62 evals 113 cpu 12.44 maxcpu 15.79
T 89 13.67 max 421.32 acc 0.38 ema 0.52 evals 77 cpu 10.45 maxcpu 15.79
T 90 181.18 max 421.32 acc 0.36 ema 0.46 evals 81 cpu 11.74 maxcpu 15.79
T 91 12.37 max 421.32 acc 0.16 ema 0.34 evals 75 cpu 10.42 maxcpu 15.79
T 92 32.87 max 421.32 acc 0.70 ema 0.48 evals 81 cpu 11.68 maxcpu 15.79
T 93 17.80 max 421.32 acc 0.39 ema 0.45 evals 94 cpu 11.20 maxcpu 15.79
T 94 11.46 max 421.32 acc 0.73 ema 0.61 evals 59 cpu 6.97 maxcpu 15.79
T 95 9.95 max 421.32 acc 0.08 ema 0.42 evals 85 cpu 9.31 maxcpu 15.79
T 96 10.40 max 421.32 acc 0.76 ema 0.60 evals 82 cpu 10.02 maxcpu 15.79
T 97 140.17 max 421.32 acc 0.28 ema 0.47 evals 90 cpu 9.89 maxcpu 15.79
T 98 22.86 max 421.32 acc 0.86 ema 0.66 evals 75 cpu 10.13 maxcpu 15.79
T 99 71.46 max 421.32 acc 0.44 ema 0.57 evals 89 cpu 13.07 maxcpu 15.79
T 100 64.99 max 421.32 acc 0.49 ema 0.54 evals 97 cpu 13.22 maxcpu 15.79
T 101 11.93 max 421.32 acc 0.74 ema 0.62 evals 108 cpu 11.36 maxcpu 15.79
T 102 112.89 max 421.32 acc 0.37 ema 0.58 evals 113 cpu 12.04 maxcpu 15.79
T 103 23.11 max 421.32 acc 0.98 ema 0.74 evals 118 cpu 14.13 maxcpu 15.79
T 104 20.85 max 421.32 acc 0.44 ema 0.62 evals 92 cpu 10.95 maxcpu 15.79
T 105 9.93 max 421.32 acc 0.96 ema 0.76 evals 64 cpu 7.93 maxcpu 15.79
T 106 8.68 max 421.32 acc 0.26 ema 0.56 evals 68 cpu 8.68 maxcpu 15.79
T 107 108.40 max 421.32 acc 0.10 ema 0.37 evals 96 cpu 11.32 maxcpu 15.79
