T1 model=0 fit=0.0/0.0/0.0 best=0 ( 0:1 1:-0 2:-3 3:-2 4:1 )
T2 model=0 fit=0.0/0.0/0.0 best=4 ( 0:1 1:-4 2:-1 3:-3 4:2 )
T3 model=0 fit=0.0/0.0/0.0 best=5 ( 0:1 5:3 1:-4 2:-1 3:-3 4:1 )
T4 model=0 fit=2.0/4.0/4.0 best=5 ( 0:5 5:10 1:4 2:5 3:-4 4:8 )
T5 model=0 fit=1.4/2.8/6.8 best=5 ( 0:5 5:10 1:7 2:5 3:4 4:8 )
T6 model=0 fit=1.0/2.0/4.8 best=5 ( 0:9 5:10 1:-0 2:3 3:8 4:8 )
T7 model=0 fit=6.7/9.4/11.3 best=1 ( 0:-0 5:1 1:16 2:6 3:-1 4:-1 )
T8 model=0 fit=6.7/16.6/17.9 best=2 ( 0:-1 5:0 1:-2 2:6 3:-2 4:-2 )
T9 model=0 fit=6.7/13.6/14.6 best=0 ( 0:9 5:2 1:5 2:0 3:8 4:8 )
T10 model=1 fit=10.7/9.5/10.2 best=1 ( 0:1 1:3 2:-1 3:-0 4:-0 )
T11 model=0 fit=15.5/16.7/17.1 best=0 ( 0:12 5:7 1:5 2:5 3:11 4:11 )
T12 model=0 fit=42.8/43.7/44.0 best=0 ( 0:-2 1:-3 2:-2 3:-3 4:-3 )
T13 model=0 fit=36.0/40.6/40.8 best=0 ( 0:3 1:-1 2:-7 3:2 4:2 )
T14 model=0 fit=51.2/60.4/60.6 best=2 ( 0:-15 1:-5 2:1 3:-16 4:-16 )
T15 model=0 fit=49.8/50.3/50.4 best=5 ( 0:-7 5:11 1:-6 2:9 3:-8 4:-8 )
T16 model=1 fit=56.9/45.2/45.3 best=5 ( 0:-4 5:2 1:1 2:-0 3:-5 4:-5 )
T17 model=1 fit=67.8/57.6/57.7 best=5 ( 0:-6 5:13 1:-2 2:11 3:-7 4:-7 )
T18 model=0 fit=61.5/73.3/73.4 best=5 ( 0:5 5:12 1:5 2:10 3:4 4:4 )
T19 model=0 fit=67.0/124.3/124.4 best=5 ( 0:-5 5:5 1:0 2:3 3:-6 4:-6 )
T20 model=0 fit=54.9/121.0/121.1 best=1 ( 0:-3 5:3 1:3 2:1 3:-4 4:-4 )
T21 model=0 fit=40.4/98.7/98.7 best=5 ( 0:2 5:8 1:6 2:-0 3:1 4:4 )
T22 model=0 fit=57.3/109.1/109.1 best=2 ( 0:1 5:4 1:2 2:5 3:-1 4:0 )
T23 model=0 fit=64.1/108.4/108.4 best=1 ( 0:10 5:7 1:13 2:5 3:9 4:9 )
T24 model=0 fit=53.9/91.9/91.9 best=4 ( 0:4 5:1 1:-1 2:-2 3:3 4:5 )
T25 model=0 fit=64.7/83.3/83.3 best=5 ( 0:9 5:10 1:2 2:1 3:8 4:8 )
T26 model=0 fit=63.3/86.3/86.3 best=5 ( 0:11 5:12 1:2 2:-1 3:10 4:10 )
T27 model=0 fit=64.3/102.4/102.4 best=2 ( 0:6 5:7 1:4 2:8 3:5 4:5 )
T28 model=0 fit=51.0/91.7/91.7 best=5 ( 0:10 5:12 1:4 2:10 3:9 4:9 )
T29 model=0 fit=41.7/98.2/98.2 best=0 ( 0:11 5:11 1:8 2:9 3:10 4:10 )
T30 model=0 fit=41.2/100.7/100.7 best=1 ( 0:-6 1:10 2:9 3:-7 4:3 )
T31 model=0 fit=32.8/104.5/104.5 best=0 ( 0:7 5:6 1:4 2:-2 3:4 4:1 )
T32 model=0 fit=29.0/98.2/98.2 best=4 ( 0:-1 1:-6 2:-6 3:-3 4:2 )
T33 model=0 fit=20.3/98.7/98.7 best=5 ( 0:5 5:6 1:5 2:1 3:4 4:4 )
T34 model=0 fit=22.2/83.1/83.1 best=2 ( 0:-3 5:-12 1:7 2:9 3:-4 4:-14 )
T35 model=0 fit=21.5/72.2/72.2 best=0 ( 0:20 5:13 1:-5 2:11 3:19 4:16 )
T36 model=0 fit=21.1/88.5/88.5 best=0 ( 0:-2 1:-2 2:-8 3:-9 4:-5 )
T37 model=0 fit=20.8/117.0/117.0 best=0 ( 0:17 1:-6 2:-5 3:16 4:12 )
T38 model=0 fit=20.5/119.9/119.9 best=2 ( 0:-1 1:6 2:15 3:-2 4:-2 )
T39 model=0 fit=20.4/99.9/99.9 best=5 ( 0:-11 5:-7 1:-10 2:-9 3:-12 4:-11 )
T40 model=0 fit=22.3/99.9/99.9 best=1 ( 0:-1 5:2 1:15 2:0 3:-2 4:-2 )
T41 model=0 fit=45.6/106.0/106.0 best=2 ( 0:-11 5:-7 1:-9 2:1 3:-12 4:-12 )
T42 model=0 fit=39.9/96.2/96.2 best=5 ( 0:-3 5:0 1:-9 2:-2 3:-4 4:-4 )
T43 model=0 fit=27.9/80.3/80.3 best=0 ( 0:12 5:-0 1:-6 2:-2 3:11 4:11 )
T44 model=0 fit=23.6/80.2/80.2 best=2 ( 0:-9 1:-2 2:4 3:-10 4:-11 )
T45 model=0 fit=34.5/82.2/82.2 best=0 ( 0:9 5:-7 1:-3 2:-9 3:8 4:8 )
T46 model=0 fit=28.1/83.5/83.5 best=2 ( 0:-8 1:-11 2:4 3:-9 4:-9 )
T47 model=0 fit=19.7/100.5/100.5 best=5 ( 0:-3 5:5 1:-3 2:3 3:-4 4:-4 )
T48 model=0 fit=37.8/100.3/100.3 best=5 ( 0:-12 5:8 1:2 2:6 3:-13 4:-13 )
T49 model=0 fit=44.5/98.2/98.2 best=1 ( 0:-5 5:-1 1:7 2:-3 3:-6 4:-7 )
T50 model=0 fit=42.1/109.8/109.8 best=0 ( 0:-3 5:-5 1:-7 2:-4 3:-5 4:-4 )
T51 model=0 fit=31.5/90.8/90.8 best=2 ( 0:-16 1:-12 2:-5 3:-22 4:-17 )
T52 model=0 fit=56.0/89.6/89.6 best=4 ( 0:-13 5:-6 1:-19 2:-8 3:-9 4:-4 )
T53 model=0 fit=57.2/100.7/100.7 best=5 ( 0:-8 5:-6 1:-17 2:-18 3:-7 4:-8 )
T54 model=0 fit=48.1/81.5/81.5 best=1 ( 0:-24 5:-13 1:-4 2:-15 3:-22 4:-15 )
T55 model=0 fit=44.6/70.0/70.0 best=0 ( 0:-2 5:-3 1:-5 2:-18 3:-4 4:-19 )
T56 model=0 fit=41.2/55.0/55.0 best=0 ( 0:-5 1:-10 2:-7 3:-6 4:-15 )
T57 model=0 fit=46.9/58.5/58.5 best=4 ( 0:-8 1:-16 2:-12 3:-20 4:-6 )
T58 model=0 fit=40.8/53.0/53.0 best=2 ( 0:-19 5:-13 1:-7 2:-3 3:-10 4:-15 )
T59 model=0 fit=45.6/80.1/80.1 best=0 ( 0:7 5:-3 1:-13 2:-5 3:6 4:-8 )
T60 model=0 fit=64.9/107.1/107.1 best=4 ( 0:-13 1:-12 2:-19 3:-14 4:-1 )
T61 model=0 fit=53.4/100.9/100.9 best=5 ( 0:-7 5:-6 1:-12 2:-14 3:-8 4:-8 )
T62 model=0 fit=65.4/124.7/124.7 best=5 ( 0:-1 5:-0 1:-4 2:-6 3:-2 4:-2 )
T63 model=0 fit=67.8/127.3/127.3 best=1 ( 0:-9 5:-7 1:-7 2:-9 3:-10 4:-9 )
T64 model=0 fit=65.4/107.1/107.1 best=0 ( 0:-6 5:-8 1:-10 2:-13 3:-7 4:-8 )
T65 model=0 fit=61.8/111.0/111.0 best=1 ( 0:-7 1:-1 2:-4 3:-8 4:-4 )
T66 model=0 fit=53.3/102.7/102.7 best=5 ( 0:-14 5:-13 1:-15 2:-16 3:-15 4:-16 )
T67 model=0 fit=55.3/97.9/97.9 best=4 ( 0:-1 5:-9 1:-11 2:-5 3:-2 4:0 )
T68 model=0 fit=63.7/106.5/106.5 best=5 ( 0:-8 5:-4 1:-16 2:-9 3:-9 4:-6 )
T69 model=0 fit=74.6/100.6/100.6 best=1 ( 0:-13 5:-11 1:-10 2:-12 3:-14 4:-13 )
T70 model=0 fit=54.2/96.4/96.4 best=2 ( 0:-6 5:-10 1:-12 2:0 3:-7 4:-7 )
T71 model=0 fit=45.9/87.5/87.5 best=0 ( 0:-2 5:-4 1:-5 2:-6 3:-3 4:-8 )
T72 model=0 fit=47.2/98.2/98.2 best=2 ( 0:-20 1:-12 2:-11 3:-21 4:-23 )
T73 model=0 fit=55.0/90.8/90.8 best=5 ( 0:-25 5:-8 1:-18 2:-10 3:-26 4:-26 )
T74 model=0 fit=42.5/93.5/109.5 best=5 ( 0:-20 5:-9 1:-21 2:-11 3:-21 4:-18 )
T75 model=0 fit=57.8/106.5/127.7 best=1 ( 0:-19 5:-16 1:-13 2:-18 3:-20 4:-20 )
T76 model=0 fit=64.4/102.5/122.4 best=2 ( 0:-19 5:-15 1:-17 2:-11 3:-20 4:-20 )
T77 model=0 fit=59.1/94.8/108.7 best=5 ( 0:-18 5:-12 1:-19 2:-14 3:-19 4:-19 )
T78 model=0 fit=77.4/110.3/120.1 best=5 ( 0:-22 5:-13 1:-23 2:-15 3:-23 4:-19 )
T79 model=0 fit=70.2/93.2/100.0 best=5 ( 0:-15 5:-14 1:-19 2:-16 3:-16 4:-15 )
T80 model=0 fit=55.1/109.3/114.0 best=0 ( 0:-8 5:-11 1:-9 2:-13 3:-9 4:-9 )
T81 model=0 fit=43.6/88.5/91.8 best=2 ( 0:-19 1:-21 2:-15 3:-21 4:-19 )
T82 model=0 fit=37.5/82.9/85.3 best=5 ( 0:-12 5:-11 1:-13 2:-13 3:-13 4:-15 )
T83 model=0 fit=40.3/75.1/76.7 best=0 ( 0:-2 5:-5 1:-10 2:-7 3:-3 4:-3 )
T84 model=0 fit=40.2/98.5/99.7 best=2 ( 0:-12 1:-16 2:-3 3:-13 4:-11 )
T85 model=0 fit=38.1/82.0/82.8 best=5 ( 0:-16 5:-9 1:-22 2:-11 3:-17 4:-16 )
T86 model=0 fit=28.7/92.4/92.9 best=1 ( 0:-18 5:-18 1:-11 2:-20 3:-19 4:-19 )
T87 model=0 fit=27.1/73.7/74.1 best=2 ( 0:-10 5:-9 1:-11 2:-9 3:-11 4:-11 )
T88 model=0 fit=21.0/63.6/63.8 best=0 ( 0:-1 5:-7 1:-4 2:-9 3:-2 4:-2 )
T89 model=0 fit=24.7/60.5/60.7 best=2 ( 0:-19 1:-15 2:-2 3:-20 4:-16 )
T90 model=0 fit=29.3/72.3/72.5 best=5 ( 0:-19 5:-5 1:-12 2:-7 3:-20 4:-15 )
T91 model=0 fit=32.5/78.6/78.7 best=4 ( 0:-13 5:-14 1:-18 2:-16 3:-14 4:-9 )
T92 model=0 fit=24.7/73.1/73.1 best=1 ( 0:-19 5:-15 1:-14 2:-15 3:-20 4:-17 )
T93 model=0 fit=25.3/57.1/57.2 best=0 ( 0:-17 5:-18 1:-20 2:-19 3:-18 4:-18 )
T94 model=0 fit=32.7/66.0/66.0 best=0 ( 0:-12 1:-17 2:-20 3:-13 4:-13 )
T95 model=0 fit=40.9/106.2/106.2 best=2 ( 0:-19 1:-13 2:-12 3:-20 4:-18 )
T96 model=0 fit=49.6/119.3/119.4 best=0 ( 0:-13 5:-13 1:-23 2:-15 3:-14 4:-14 )
T97 model=0 fit=46.7/105.5/105.5 best=1 ( 0:-21 1:-18 2:-19 3:-23 4:-23 )
T98 model=0 fit=42.7/85.9/85.9 best=2 ( 0:-16 5:-20 1:-22 2:-10 3:-17 4:-18 )
T99 model=0 fit=33.9/102.1/102.1 best=5 ( 0:-20 5:-15 1:-19 2:-17 3:-21 4:-17 )
T100 model=0 fit=25.7/101.5/101.5 best=5 ( 0:-15 5:-15 1:-15 2:-17 3:-16 4:-19 )
T101 model=0 fit=30.0/110.0/110.0 best=5 ( 0:-17 5:-9 1:-17 2:-11 3:-18 4:-16 )
T102 model=0 fit=33.0/97.0/97.0 best=5 ( 0:-20 5:-10 1:-14 2:-12 3:-22 4:-19 )
T103 model=0 fit=62.1/88.9/121.9 best=0 ( 0:-11 5:-15 1:-17 2:-17 3:-12 4:-11 )
T104 model=0 fit=57.5/102.2/129.3 best=1 ( 0:-15 1:-14 2:-17 3:-16 4:-15 )
T105 model=0 fit=44.2/106.6/125.5 best=2 ( 0:-10 5:-18 1:-20 2:-9 3:-11 4:-11 )
T106 model=0 fit=48.0/97.6/110.9 best=5 ( 0:-15 5:-11 1:-17 2:-13 3:-17 4:-15 )
T107 model=0 fit=43.6/98.3/107.6 best=5 ( 0:-16 5:-15 1:-19 2:-17 3:-17 4:-20 )
T108 model=0 fit=46.5/112.8/120.3 best=4 ( 0:-20 5:-20 1:-20 2:-22 3:-21 4:-19 )
T109 model=0 fit=34.6/125.0/130.2 best=2 ( 0:-18 5:-17 1:-14 2:-14 3:-19 4:-19 )
T110 model=0 fit=52.2/123.5/127.2 best=0 ( 0:-17 5:-23 1:-22 2:-25 3:-18 4:-19 )
T111 model=0 fit=68.5/131.4/134.0 best=0 ( 0:-17 1:-18 2:-19 3:-23 4:-20 )
T112 model=0 fit=48.0/104.0/105.8 best=0 ( 0:-17 1:-24 2:-23 3:-23 4:-19 )
T113 model=0 fit=47.6/106.8/108.1 best=4 ( 0:-23 1:-20 2:-24 3:-24 4:-20 )
T114 model=0 fit=33.3/102.8/103.6 best=1 ( 0:-24 5:-18 1:-13 2:-20 3:-25 4:-20 )
T115 model=0 fit=33.3/99.9/100.6 best=2 ( 0:-19 5:-21 1:-23 2:-12 3:-24 4:-23 )
T116 model=0 fit=43.3/102.0/102.4 best=4 ( 0:-21 5:-19 1:-20 2:-21 3:-24 4:-18 )
T117 model=0 fit=38.3/109.4/109.7 best=2 ( 0:-22 5:-19 1:-24 2:-19 3:-24 4:-21 )
T118 model=0 fit=28.8/118.6/118.8 best=1 ( 0:-22 5:-17 1:-17 2:-19 3:-23 4:-20 )
T119 model=0 fit=26.2/102.0/102.1 best=2 ( 0:-22 5:-22 1:-24 2:-21 3:-23 4:-23 )
T120 model=0 fit=46.3/107.4/107.5 best=0 ( 0:-23 5:-25 1:-26 2:-27 3:-26 4:-24 )
T121 model=0 fit=39.4/100.2/100.2 best=4 ( 0:-21 1:-20 2:-21 3:-27 4:-20 )
T122 model=0 fit=35.6/88.1/88.2 best=5 ( 0:-24 5:-17 1:-25 2:-18 3:-25 4:-19 )
T123 model=0 fit=40.9/81.7/81.7 best=5 ( 0:-18 5:-17 1:-20 2:-18 3:-19 4:-19 )
T124 model=0 fit=44.6/71.2/71.2 best=1 ( 0:-24 5:-23 1:-22 2:-22 3:-25 4:-25 )
T125 model=0 fit=33.3/61.8/61.8 best=5 ( 0:-22 5:-16 1:-18 2:-21 3:-23 4:-23 )
T126 model=0 fit=25.3/57.3/57.3 best=5 ( 0:-16 5:-15 1:-17 2:-20 3:-17 4:-17 )
T127 model=0 fit=21.7/58.1/58.1 best=2 ( 0:-26 5:-20 1:-22 2:-16 3:-27 4:-26 )
T128 model=0 fit=27.2/56.7/56.7 best=0 ( 0:-19 5:-22 1:-22 2:-24 3:-20 4:-20 )
T129 model=0 fit=33.0/65.7/65.7 best=1 ( 0:-23 1:-20 2:-21 3:-24 4:-24 )
T130 model=0 fit=27.1/66.0/66.0 best=5 ( 0:-22 5:-20 1:-22 2:-23 3:-24 4:-20 )
T131 model=0 fit=27.0/100.2/100.2 best=0 ( 0:-19 5:-21 1:-23 2:-22 3:-20 4:-21 )
T132 model=0 fit=38.9/110.1/110.1 best=1 ( 0:-26 1:-24 2:-25 3:-28 4:-25 )
T133 model=0 fit=38.2/106.1/106.1 best=0 ( 0:-22 5:-23 1:-25 2:-26 3:-23 4:-22 )
T134 model=0 fit=40.8/96.3/96.3 best=2 ( 0:-28 1:-131 2:-25 3:-31 4:-26 )
T135 model=0 fit=47.5/111.4/111.4 best=5 ( 0:-25 5:-23 1:-130 2:-25 3:-26 4:-25 )
T136 model=0 fit=67.3/100.0/100.0 best=5 ( 0:-25 5:-19 1:-25 2:-21 3:-27 4:-23 )
T137 model=0 fit=66.1/100.0/100.0 best=0 ( 0:-19 5:-24 1:-131 2:-26 3:-20 4:-20 )
T138 model=0 fit=58.3/96.0/96.0 best=4 ( 0:-21 1:-24 2:-22 3:-24 4:-18 )
T139 model=0 fit=54.8/104.2/104.2 best=5 ( 0:-23 5:-21 1:-21 2:-24 3:-26 4:-23 )
T140 model=0 fit=52.3/112.9/112.9 best=5 ( 0:-19 5:-19 1:-20 2:-22 3:-26 4:-21 )
T141 model=0 fit=48.6/93.1/93.1 best=3 ( 0:-129 5:-129 1:-131 2:-129 3:-127 4:-131 )
T142 model=0 fit=58.1/81.1/81.1 best=4 ( 0:-129 5:-127 1:-130 2:-130 3:-129 4:-126 )
T143 model=0 fit=56.6/62.8/62.8 best=2 ( 0:-130 5:-129 1:-128 2:-127 3:-131 4:-131 )
T144 model=0 fit=51.6/56.0/56.0 best=0 ( 0:-127 5:-127 1:-130 2:-129 3:-128 4:-128 )
T145 model=1 fit=57.2/52.2/52.2 best=0 ( 0:-128 1:-129 2:-130 3:-129 4:-128 )
T146 model=0 fit=40.0/44.5/44.5 best=0 ( 0:-127 1:-130 2:-130 3:-130 4:-131 )
T147 model=0 fit=40.0/48.2/48.2 best=2 ( 0:-129 1:-130 2:-128 3:-130 4:-128 )
T148 model=1 fit=46.0/45.7/45.7 best=5 ( 0:-129 5:-128 1:-130 2:-130 3:-130 4:-132 )
T149 model=1 fit=47.2/44.0/44.0 best=4 ( 0:-129 5:-128 1:-130 2:-130 3:-130 4:-127 )
T150 model=1 fit=49.0/34.8/34.8 best=5 ( 0:-129 5:-128 1:-128 2:-130 3:-130 4:-130 )
T151 model=1 fit=40.3/30.4/30.4 best=5 ( 0:-129 5:-128 1:-128 2:-130 3:-130 4:-130 )
T152 model=1 fit=56.2/37.3/37.3 best=5 ( 0:-129 5:-128 1:-130 2:-130 3:-130 4:-130 )
T153 model=1 fit=45.4/44.1/44.1 best=5 ( 0:-129 5:-128 1:-130 2:-130 3:-130 4:-130 )
T154 model=0 fit=31.8/46.9/46.9 best=5 ( 0:-129 5:-128 1:-130 2:-130 3:-130 4:-130 )
T155 model=0 fit=40.2/42.8/42.8 best=5 ( 0:-131 5:-130 1:-132 2:-132 3:-131 4:-132 )
T156 model=0 fit=30.2/56.0/56.0 best=5 ( 0:-131 5:-130 1:-132 2:-132 3:-131 4:-132 )
T157 model=0 fit=23.1/44.2/44.2 best=5 ( 0:-131 5:-130 1:-132 2:-132 3:-131 4:-132 )
T158 model=0 fit=18.2/32.9/32.9 best=5 ( 0:-131 5:-130 1:-132 2:-132 3:-130 4:-132 )
T159 model=0 fit=24.7/33.0/33.0 best=5 ( 0:-131 5:-130 1:-132 2:-132 3:-132 4:-132 )
T160 model=0 fit=19.3/25.1/25.1 best=5 ( 0:-131 5:-130 1:-132 2:-132 3:-132 4:-132 )
