T1 model=0 fit=0.0/0.0/0.0 best=105 ( 0:1 1:-0 2:-4 3:-3 4:1 100:1 101:-3 102:-0 103:1 104:-2 105:6 106:-6 107:1 108:2 109:0 110:0 111:-0 )
T2 model=0 fit=0.0/0.0/0.0 best=104 ( 0:1 5:-3 1:-5 2:-1 3:-4 4:2 100:-3 101:6 102:-2 103:0 104:8 105:-5 106:3 107:1 108:1 109:-0 110:1 111:1 )
T3 model=0 fit=0.0/0.0/0.0 best=5 ( 0:5 5:11 1:-0 2:-0 3:-5 4:2 100:0 101:-0 102:-0 103:2 104:9 105:-5 106:6 107:-0 108:0 109:1 110:3 111:1 )
T4 model=0 fit=0.0/2.0/2.0 best=5 ( 0:2 5:12 1:2 2:-1 3:-0 4:-1 100:1 101:-0 102:-0 103:-0 104:10 105:-3 106:7 107:0 108:4 109:5 110:6 111:4 )
T5 model=0 fit=0.0/1.4/5.4 best=5 ( 0:2 5:13 1:0 2:-1 3:1 4:-1 100:-2 101:-0 102:0 103:-3 104:11 105:-3 106:11 107:1 108:7 109:5 110:8 111:7 )
T6 model=0 fit=0.0/1.0/3.8 best=5 ( 0:-3 5:13 1:1 2:-0 3:-4 4:-3 100:-2 101:1 102:1 103:-6 104:11 105:-2 106:-7 107:11 108:2 109:1 110:10 111:1 )
T7 model=1 fit=2.0/0.7/2.6 best=5 ( 0:10 5:20 1:7 2:13 3:3 4:1 100:3 101:-1 102:8 103:6 104:4 105:1 106:7 107:18 108:-7 109:8 110:6 111:2 )
T8 model=1 fit=13.4/6.5/7.9 best=5 ( 0:1 5:13 1:11 2:1 3:0 4:4 100:5 101:-2 102:5 103:7 104:-0 105:-14 106:-14 107:11 108:-1 109:5 110:-0 111:1 )
T9 model=1 fit=15.4/8.5/9.5 best=104 ( 0:7 5:9 1:6 2:-2 3:6 4:3 100:-9 101:0 102:3 103:4 104:10 105:8 106:2 107:7 108:10 109:3 110:1 111:2 )
T10 model=0 fit=10.8/14.0/14.6 best=5 ( 0:4 5:10 1:4 2:-3 3:3 4:4 100:-2 101:3 102:-10 103:2 104:-2 105:-2 106:-6 107:8 108:-10 109:-2 110:-6 111:-16 )
T11 model=0 fit=9.5/15.8/16.3 best=104 ( 0:4 5:-1 1:-2 2:4 3:-1 4:-3 100:3 101:-10 102:-8 103:0 104:5 105:-14 106:2 107:-3 108:-3 109:4 110:-3 111:-11 )
T12 model=0 fit=16.7/33.0/33.4 best=103 ( 0:7 5:11 1:-5 2:1 3:6 4:9 100:-2 101:-3 102:-0 103:18 104:-6 105:-12 106:7 107:-3 108:-5 109:2 110:9 111:-10 )
T13 model=0 fit=33.7/39.1/39.4 best=101 ( 0:-0 5:-11 1:-4 2:-13 3:-1 4:-1 100:1 101:8 102:3 103:-6 104:-6 105:-27 106:-13 107:-13 108:-9 109:-15 110:-15 111:-19 )
T14 model=0 fit=57.6/61.4/61.6 best=101 ( 0:-2 5:6 1:4 2:-3 3:-3 4:-5 100:3 101:18 102:1 103:3 104:4 105:-12 106:5 107:-4 108:-18 109:5 110:0 111:-11 )
T15 model=1 fit=82.3/71.0/71.1 best=4 ( 0:1 5:-4 1:2 2:3 3:5 4:9 100:-1 101:-6 102:-7 103:-4 104:-1 105:-0 106:-3 107:-11 108:-22 109:-1 110:2 111:-4 )
T16 model=0 fit=95.6/98.7/98.8 best=101 ( 0:-2 5:-1 1:3 2:7 3:-3 4:-3 100:8 101:8 102:-6 103:-3 104:5 105:1 106:-4 107:-5 108:-14 109:2 110:6 111:-19 )
T17 model=0 fit=82.9/93.1/93.1 best=111 ( 0:-4 5:-12 1:-19 2:-3 3:-5 4:-5 100:-18 101:-14 102:-15 103:-8 104:-7 105:0 106:-15 107:-9 108:-21 109:-14 110:-14 111:1 )
T18 model=0 fit=72.0/77.2/77.2 best=0 ( 0:-3 5:-15 1:-15 2:-23 3:-4 4:-4 100:-17 101:-19 102:-14 103:-9 104:-25 105:-15 106:-25 107:-26 108:-7 109:-15 110:-22 111:-17 )
T19 model=0 fit=77.4/105.0/105.0 best=109 ( 0:-9 1:-4 2:-9 3:-10 4:-10 100:-8 101:-3 102:-10 103:-16 104:-12 105:-10 106:-18 107:-24 108:-9 109:-2 110:-14 111:-3 )
T20 model=0 fit=76.2/106.5/106.5 best=100 ( 0:-8 5:-3 1:-9 2:-13 3:-9 4:-9 100:-1 101:-18 102:-10 103:-7 104:-14 105:-29 106:-13 107:-17 108:-15 109:-5 110:-8 111:-19 )
T21 model=0 fit=68.3/101.6/101.6 best=111 ( 0:-8 5:-15 1:-12 2:-11 3:-9 4:-9 100:-17 101:-9 102:-11 103:-22 104:-13 105:-17 106:-18 107:-15 108:-19 109:-16 110:-11 111:-7 )
T22 model=0 fit=62.8/86.1/86.1 best=1 ( 0:-9 5:-12 1:-7 2:-10 3:-10 4:-10 100:-16 101:-14 102:-19 103:-21 104:-21 105:-24 106:-8 107:-15 108:-15 109:-13 110:-8 111:-14 )
T23 model=0 fit=82.0/112.3/112.3 best=108 ( 0:-17 5:-20 1:-22 2:-11 3:-18 4:-18 100:-19 101:-16 102:-21 103:-24 104:-12 105:-26 106:-11 107:-17 108:-6 109:-12 110:-11 111:-16 )
T24 model=0 fit=65.4/98.6/98.6 best=104 ( 0:-19 5:-11 1:-12 2:-19 3:-20 4:-20 100:-23 101:-24 102:-35 103:-35 104:-11 105:-20 106:-24 107:-33 108:-21 109:-11 110:-14 111:-13 )
T25 model=0 fit=71.8/87.0/87.0 best=1 ( 0:-13 5:-6 1:-3 2:-11 3:-14 4:-14 100:-37 101:-34 102:-38 103:-13 104:-8 105:-16 106:-25 107:-30 108:-24 109:-14 110:-17 111:-27 )
T26 model=1 fit=78.2/72.9/72.9 best=111 ( 0:-15 5:-12 1:-14 2:-8 3:-16 4:-16 100:-19 101:-21 102:-18 103:-10 104:-19 105:-36 106:-11 107:-16 108:-21 109:-13 110:-18 111:-1 )
T27 model=0 fit=71.8/73.0/73.0 best=109 ( 0:-20 5:-9 1:-15 2:-15 3:-21 4:-21 100:-19 101:-18 102:-21 103:-13 104:-14 105:-15 106:-19 107:-26 108:-20 109:-4 110:-14 111:-24 )
T28 model=1 fit=76.2/69.1/69.1 best=110 ( 0:-11 5:-11 1:-14 2:-7 3:-12 4:-12 100:-9 101:-10 102:-15 103:-12 104:-9 105:-15 106:-13 107:-14 108:-20 109:-14 110:-7 111:-12 )
T29 model=1 fit=85.4/66.4/66.4 best=2 ( 0:-23 5:-14 1:-17 2:-2 3:-24 4:-25 100:-20 101:-20 102:-19 103:-14 104:-14 105:-15 106:-4 107:-13 108:-19 109:-13 110:-7 111:-23 )
T30 model=1 fit=89.8/81.5/81.5 best=100 ( 0:-17 5:-15 1:-17 2:-17 3:-18 4:-18 100:-5 101:-12 102:-8 103:-12 104:-11 105:-19 106:-14 107:-29 108:-19 109:-12 110:-7 111:-17 )
T31 model=0 fit=74.8/95.0/95.0 best=1 ( 0:-13 5:-9 1:-5 2:-15 3:-14 4:-14 100:-11 101:-10 102:-11 103:-12 104:-10 105:-21 106:-11 107:-25 108:-14 109:-33 110:-17 111:-15 )
T32 model=0 fit=70.4/98.5/98.5 best=109 ( 0:-17 5:-30 1:-32 2:-17 3:-18 4:-18 100:-13 101:-13 102:-19 103:-22 104:-25 105:-18 106:-14 107:-16 108:-19 109:-10 110:-17 111:-19 )
T33 model=0 fit=75.3/117.0/117.0 best=101 ( 0:-10 5:-9 1:-14 2:-15 3:-11 4:-11 100:-8 101:0 102:-13 103:-19 104:-18 105:-4 106:-8 107:-13 108:-8 109:-11 110:-19 111:-15 )
T34 model=0 fit=75.7/142.9/142.9 best=0 ( 0:-13 5:-21 1:-23 2:-14 3:-14 4:-14 100:-25 101:-20 102:-29 103:-30 104:-23 105:-20 106:-21 107:-21 108:-33 109:-21 110:-16 111:-14 )
T35 model=0 fit=91.0/134.0/134.0 best=2 ( 0:-20 1:-30 2:-11 3:-21 4:-21 100:-28 101:-29 102:-29 103:-20 104:-24 105:-23 106:-29 107:-23 108:-28 109:-24 110:-24 111:-32 )
T36 model=0 fit=87.7/109.8/109.8 best=111 ( 0:-25 5:-20 1:-23 2:-22 3:-26 4:-26 100:-32 101:-38 102:-39 103:-35 104:-31 105:-31 106:-25 107:-28 108:-32 109:-29 110:-29 111:-12 )
T37 model=0 fit=89.4/98.9/98.9 best=110 ( 0:-26 5:-32 1:-28 2:-28 3:-27 4:-27 100:-30 101:-26 102:-39 103:-27 104:-37 105:-31 106:-22 107:-27 108:-31 109:-34 110:-21 111:-34 )
T38 model=0 fit=106.6/137.2/137.2 best=0 ( 0:-17 5:-25 1:-21 2:-20 3:-18 4:-18 100:-38 101:-32 102:-39 103:-22 104:-17 105:-35 106:-30 107:-30 108:-37 109:-26 110:-27 111:-39 )
T39 model=0 fit=131.6/190.0/190.0 best=2 ( 0:-30 1:-27 2:-18 3:-31 4:-31 100:-34 101:-39 102:-40 103:-29 104:-27 105:-38 106:-33 107:-28 108:-30 109:-26 110:-22 111:-20 )
T40 model=0 fit=149.1/190.0/190.0 best=5 ( 0:-30 5:-18 1:-28 2:-20 3:-31 4:-23 100:-41 101:-25 102:-39 103:-25 104:-28 105:-44 106:-32 107:-42 108:-27 109:-26 110:-25 111:-36 )
T41 model=0 fit=131.4/189.0/189.0 best=109 ( 0:-32 5:-26 1:-37 2:-28 3:-33 4:-33 100:-39 101:-31 102:-38 103:-32 104:-32 105:-34 106:-32 107:-30 108:-31 109:-13 110:-22 111:-26 )
T42 model=0 fit=111.0/171.3/181.3 best=110 ( 0:-21 5:-26 1:-37 2:-25 3:-22 4:-22 100:-38 101:-38 102:-42 103:-25 104:-26 105:-40 106:-28 107:-34 108:-26 109:-27 110:-19 111:-25 )
T43 model=0 fit=103.7/151.9/158.9 best=104 ( 0:-21 5:-30 1:-32 2:-28 3:-22 4:-21 100:-32 101:-39 102:-35 103:-23 104:-19 105:-33 106:-31 107:-26 108:-38 109:-26 110:-27 111:-25 )
T44 model=0 fit=88.6/150.3/155.2 best=2 ( 0:-26 5:-23 1:-25 2:-15 3:-27 4:-27 100:-32 101:-34 102:-44 103:-27 104:-19 105:-28 106:-22 107:-25 108:-30 109:-35 110:-35 111:-37 )
T45 model=0 fit=96.0/143.2/146.7 best=109 ( 0:-32 5:-25 1:-27 2:-27 3:-33 4:-33 100:-34 101:-42 102:-32 103:-33 104:-36 105:-42 106:-37 107:-29 108:-42 109:-25 110:-33 111:-41 )
T46 model=0 fit=97.2/142.3/144.7 best=1 ( 0:-26 5:-30 1:-16 2:-27 3:-27 4:-24 100:-24 101:-40 102:-41 103:-41 104:-32 105:-38 106:-42 107:-31 108:-44 109:-32 110:-35 111:-29 )
T47 model=0 fit=116.0/141.6/143.3 best=2 ( 0:-31 5:-29 1:-31 2:-26 3:-32 4:-30 100:-38 101:-35 102:-44 103:-39 104:-27 105:-50 106:-31 107:-27 108:-44 109:-27 110:-35 111:-37 )
T48 model=0 fit=103.2/128.1/129.3 best=106 ( 0:-28 5:-34 1:-31 2:-36 3:-29 4:-28 100:-38 101:-40 102:-37 103:-29 104:-43 105:-36 106:-27 107:-28 108:-31 109:-30 110:-40 111:-35 )
T49 model=0 fit=106.3/120.7/121.5 best=1 ( 0:-29 5:-25 1:-23 2:-32 3:-30 4:-30 100:-42 101:-34 102:-31 103:-27 104:-23 105:-24 106:-47 107:-27 108:-40 109:-37 110:-35 111:-40 )
T50 model=0 fit=144.4/144.5/145.1 best=5 ( 0:-21 5:-16 1:-18 2:-31 3:-22 4:-22 100:-32 101:-33 102:-43 103:-26 104:-19 105:-29 106:-38 107:-34 108:-40 109:-33 110:-30 111:-29 )
T51 model=0 fit=135.1/153.1/153.5 best=105 ( 0:-35 5:-24 1:-26 2:-25 3:-36 4:-36 100:-34 101:-35 102:-33 103:-26 104:-19 105:-17 106:-34 107:-35 108:-36 109:-26 110:-38 111:-37 )
T52 model=0 fit=139.5/158.2/158.5 best=5 ( 0:-25 5:-12 1:-27 2:-20 3:-26 4:-20 100:-28 101:-27 102:-42 103:-32 104:-32 105:-36 106:-31 107:-26 108:-35 109:-23 110:-38 111:-14 )
T53 model=0 fit=137.7/172.7/172.9 best=5 ( 0:-30 5:-10 1:-31 2:-20 3:-31 4:-31 100:-38 101:-38 102:-36 103:-25 104:-27 105:-12 106:-32 107:-32 108:-18 109:-27 110:-26 111:-34 )
T54 model=0 fit=132.4/160.9/161.1 best=103 ( 0:-21 5:-14 1:-34 2:-23 3:-22 4:-18 100:-40 101:-40 102:-34 103:-13 104:-30 105:-25 106:-34 107:-20 108:-16 109:-32 110:-38 111:-33 )
T55 model=0 fit=142.7/150.6/150.7 best=109 ( 0:-23 5:-30 1:-18 2:-20 3:-24 4:-24 100:-32 101:-32 102:-36 103:-29 104:-29 105:-30 106:-35 107:-34 108:-24 109:-18 110:-25 111:-25 )
T56 model=1 fit=138.9/138.4/138.5 best=102 ( 0:-26 5:-27 1:-32 2:-16 3:-27 4:-27 100:-21 101:-21 102:-11 103:-17 104:-17 105:-24 106:-29 107:-29 108:-26 109:-29 110:-29 111:-24 )
T57 model=1 fit=127.2/124.9/125.0 best=110 ( 0:-18 5:-19 1:-16 2:-18 3:-19 4:-19 100:-22 101:-12 102:-21 103:-17 104:-17 105:-25 106:-25 107:-25 108:-16 109:-26 110:-10 111:-21 )
T58 model=0 fit=147.0/155.4/155.5 best=105 ( 0:-21 5:-20 1:-25 2:-19 3:-22 4:-22 100:-16 101:-24 102:-19 103:-17 104:-17 105:-13 106:-22 107:-22 108:-22 109:-26 110:-22 111:-22 )
T59 model=0 fit=126.9/177.8/177.8 best=111 ( 0:-10 5:-22 1:-25 2:-13 3:-11 4:-13 100:-28 101:-29 102:-23 103:-16 104:-16 105:-24 106:-21 107:-21 108:-20 109:-21 110:-18 111:-9 )
T60 model=0 fit=115.9/173.5/173.5 best=5 ( 0:-24 5:-14 1:-24 2:-19 3:-25 4:-23 100:-24 101:-22 102:-23 103:-27 104:-27 105:-27 106:-28 107:-28 108:-28 109:-28 110:-19 111:-16 )
T61 model=0 fit=98.1/148.4/148.4 best=109 ( 0:-27 5:-19 1:-23 2:-20 3:-28 4:-26 100:-33 101:-34 102:-30 103:-31 104:-31 105:-32 106:-29 107:-29 108:-32 109:-16 110:-26 111:-21 )
T62 model=0 fit=86.7/145.9/141.9 best=5 ( 0:-26 5:-19 1:-29 2:-24 3:-27 4:-30 100:-27 101:-28 102:-27 103:-29 104:-29 105:-24 106:-28 107:-28 108:-26 109:-22 110:-32 111:-28 )
T63 model=0 fit=70.7/112.1/109.3 best=109 ( 0:-26 5:-25 1:-17 2:-22 3:-27 4:-21 100:-27 101:-29 102:-24 103:-27 104:-27 105:-26 106:-29 107:-27 108:-24 109:-17 110:-27 111:-31 )
T64 model=0 fit=101.5/120.5/118.5 best=0 ( 0:-20 5:-28 1:-28 2:-26 3:-21 4:-28 100:-27 101:-25 102:-27 103:-28 104:-22 105:-21 106:-28 107:-28 108:-28 109:-30 110:-26 111:-31 )
T65 model=0 fit=138.0/146.3/145.0 best=2 ( 0:-23 1:-33 2:-22 3:-24 4:-23 100:-30 101:-24 102:-37 103:-29 104:-29 105:-28 106:-23 107:-24 108:-35 109:-30 110:-26 111:-29 )
T66 model=0 fit=167.6/194.4/193.5 best=5 ( 0:-32 5:-29 1:-31 2:-31 3:-33 4:-33 100:-37 101:-35 102:-38 103:-35 104:-35 105:-37 106:-32 107:-33 108:-37 109:-33 110:-31 111:-33 )
T67 model=0 fit=167.3/188.1/187.4 best=5 ( 0:-31 5:-20 1:-25 2:-22 3:-32 4:-29 100:-31 101:-25 102:-21 103:-37 104:-34 105:-37 106:-29 107:-32 108:-36 109:-27 110:-30 111:-28 )
T68 model=0 fit=145.1/163.7/163.2 best=5 ( 0:-22 5:-15 1:-19 2:-17 3:-23 4:-32 100:-24 101:-26 102:-34 103:-30 104:-32 105:-37 106:-26 107:-28 108:-38 109:-30 110:-28 111:-34 )
T69 model=0 fit=137.6/160.6/160.2 best=5 ( 0:-21 5:-19 1:-24 2:-21 3:-22 4:-21 100:-24 101:-23 102:-29 103:-31 104:-31 105:-34 106:-25 107:-27 108:-34 109:-28 110:-23 111:-29 )
T70 model=0 fit=132.3/162.4/162.2 best=0 ( 0:-15 5:-19 1:-19 2:-21 3:-16 4:-27 100:-33 101:-33 102:-29 103:-29 104:-29 105:-28 106:-25 107:-20 108:-32 109:-35 110:-26 111:-26 )
T71 model=0 fit=120.6/139.7/139.5 best=110 ( 0:-27 1:-26 2:-29 3:-30 4:-28 100:-38 101:-38 102:-38 103:-31 104:-32 105:-34 106:-31 107:-31 108:-32 109:-31 110:-25 111:-36 )
T72 model=0 fit=106.4/122.8/122.7 best=0 ( 0:-21 5:-23 1:-24 2:-29 3:-22 4:-23 100:-26 101:-26 102:-26 103:-31 104:-36 105:-34 106:-25 107:-25 108:-26 109:-30 110:-25 111:-31 )
T73 model=0 fit=106.5/127.9/127.9 best=4 ( 0:-26 1:-27 2:-29 3:-27 4:-24 100:-31 101:-31 102:-31 103:-34 104:-28 105:-33 106:-34 107:-34 108:-34 109:-36 110:-34 111:-37 )
T74 model=0 fit=101.6/119.6/119.5 best=2 ( 0:-23 5:-22 1:-25 2:-17 3:-24 4:-24 100:-35 101:-35 102:-35 103:-28 104:-28 105:-28 106:-28 107:-28 108:-18 109:-28 110:-21 111:-20 )
T75 model=0 fit=87.1/121.7/121.7 best=4 ( 0:-16 5:-20 1:-19 2:-22 3:-17 4:-14 100:-20 101:-18 102:-27 103:-31 104:-31 105:-31 106:-26 107:-22 108:-31 109:-27 110:-29 111:-24 )
T76 model=0 fit=81.0/109.2/109.2 best=109 ( 0:-28 5:-26 1:-28 2:-31 3:-29 4:-28 100:-35 101:-35 102:-35 103:-29 104:-29 105:-27 106:-26 107:-26 108:-22 109:-11 110:-21 111:-24 )
T77 model=0 fit=77.7/115.4/115.4 best=108 ( 0:-21 5:-21 1:-16 2:-22 3:-22 4:-23 100:-25 101:-25 102:-25 103:-28 104:-27 105:-31 106:-18 107:-17 108:-11 109:-25 110:-25 111:-21 )
T78 model=0 fit=102.4/124.8/124.8 best=103 ( 0:-25 5:-14 1:-21 2:-30 3:-26 4:-27 100:-27 101:-27 102:-27 103:-12 104:-15 105:-25 106:-29 107:-29 108:-29 109:-30 110:-28 111:-31 )
T79 model=0 fit=90.7/120.4/120.4 best=0 ( 0:-18 5:-28 1:-25 2:-28 3:-19 4:-27 100:-26 101:-26 102:-33 103:-30 104:-31 105:-29 106:-22 107:-22 108:-20 109:-24 110:-24 111:-25 )
T80 model=0 fit=93.5/138.3/138.2 best=104 ( 0:-18 1:-22 2:-20 3:-19 4:-18 100:-28 101:-28 102:-32 103:-22 104:-17 105:-24 106:-27 107:-27 108:-22 109:-20 110:-35 111:-20 )
T81 model=0 fit=93.4/146.8/146.8 best=100 ( 0:-20 5:-15 1:-24 2:-19 3:-22 4:-24 100:-14 101:-14 102:-24 103:-22 104:-17 105:-21 106:-24 107:-24 108:-24 109:-18 110:-24 111:-20 )
T82 model=0 fit=105.4/188.7/188.7 best=104 ( 0:-24 5:-29 1:-25 2:-17 3:-26 4:-27 100:-31 101:-31 102:-26 103:-23 104:-11 105:-23 106:-17 107:-17 108:-17 109:-22 110:-24 111:-17 )
T83 model=0 fit=120.8/218.1/218.1 best=0 ( 0:-10 5:-16 1:-23 2:-18 3:-11 4:-26 100:-27 101:-27 102:-27 103:-20 104:-18 105:-20 106:-14 107:-14 108:-14 109:-14 110:-15 111:-15 )
T84 model=0 fit=115.5/213.7/213.7 best=109 ( 0:-19 1:-20 2:-21 3:-20 4:-24 100:-19 101:-19 102:-19 103:-22 104:-27 105:-22 106:-22 107:-22 108:-22 109:-14 110:-17 111:-25 )
T85 model=0 fit=134.9/196.6/196.6 best=108 ( 0:-25 5:-23 1:-22 2:-29 3:-26 4:-29 100:-24 101:-24 102:-23 103:-24 104:-22 105:-26 106:-30 107:-30 108:-17 109:-19 110:-25 111:-25 )
T86 model=0 fit=140.4/183.6/183.6 best=107 ( 0:-19 5:-13 1:-20 2:-19 3:-20 4:-23 100:-24 101:-23 102:-20 103:-19 104:-17 105:-19 106:-14 107:-12 108:-15 109:-24 110:-18 111:-18 )
T87 model=0 fit=124.3/154.5/156.5 best=105 ( 0:-20 5:-22 1:-17 2:-25 3:-21 4:-23 100:-23 101:-23 102:-26 103:-20 104:-20 105:-14 106:-26 107:-24 108:-30 109:-22 110:-22 111:-23 )
T88 model=0 fit=115.0/143.2/150.6 best=5 ( 0:-24 5:-12 1:-21 2:-23 3:-25 4:-17 100:-25 101:-20 102:-24 103:-23 104:-22 105:-14 106:-22 107:-22 108:-22 109:-25 110:-25 111:-21 )
T89 model=0 fit=101.5/139.2/140.4 best=109 ( 0:-22 5:-21 1:-21 2:-28 3:-23 4:-26 100:-27 101:-25 102:-26 103:-26 104:-25 105:-23 106:-28 107:-28 108:-28 109:-19 110:-26 111:-24 )
T90 model=0 fit=107.1/140.5/147.3 best=102 ( 0:-26 5:-20 1:-27 2:-22 3:-28 4:-26 100:-23 101:-20 102:-17 103:-25 104:-25 105:-22 106:-20 107:-23 108:-21 109:-22 110:-24 111:-30 )
T91 model=0 fit=110.9/152.3/157.1 best=2 ( 0:-18 5:-21 1:-27 2:-5 3:-19 4:-16 100:-23 101:-24 102:-23 103:-22 104:-22 105:-26 106:-22 107:-13 108:-22 109:-20 110:-20 111:-19 )
T92 model=0 fit=121.7/162.6/152.0 best=5 ( 0:-17 5:-8 1:-18 2:-10 3:-18 4:-22 100:-26 101:-26 102:-27 103:-27 104:-24 105:-18 106:-21 107:-24 108:-26 109:-20 110:-22 111:-22 )
T93 model=0 fit=129.2/161.8/162.4 best=107 ( 0:-25 5:-22 1:-24 2:-24 3:-29 4:-23 100:-27 101:-28 102:-26 103:-30 104:-24 105:-30 106:-24 107:-18 108:-26 109:-25 110:-30 111:-24 )
T94 model=0 fit=168.4/181.3/179.7 best=0 ( 0:-13 5:-24 1:-21 2:-21 3:-16 4:-16 100:-20 101:-22 102:-26 103:-29 104:-20 105:-28 106:-22 107:-26 108:-31 109:-27 110:-29 111:-23 )
T95 model=0 fit=185.9/200.9/199.8 best=109 ( 0:-33 1:-27 2:-24 3:-29 4:-27 100:-27 101:-30 102:-30 103:-31 104:-25 105:-30 106:-31 107:-31 108:-31 109:-23 110:-30 111:-25 )
T96 model=0 fit=167.1/193.6/192.8 best=0 ( 0:-22 5:-28 1:-28 2:-29 3:-27 4:-23 100:-30 101:-30 102:-32 103:-26 104:-28 105:-25 106:-31 107:-31 108:-29 109:-24 110:-32 111:-29 )
T97 model=0 fit=137.0/162.5/162.0 best=0 ( 0:-22 1:-25 2:-24 3:-35 4:-28 100:-27 101:-28 102:-29 103:-28 104:-25 105:-28 106:-28 107:-25 108:-31 109:-27 110:-26 111:-30 )
T98 model=0 fit=123.9/136.8/136.4 best=4 ( 0:-23 1:-26 2:-28 3:-30 4:-21 100:-31 101:-32 102:-31 103:-28 104:-22 105:-23 106:-24 107:-32 108:-32 109:-31 110:-33 111:-28 )
T99 model=0 fit=102.7/121.7/121.5 best=107 ( 0:-24 5:-26 1:-28 2:-27 3:-32 4:-28 100:-30 101:-35 102:-34 103:-31 104:-27 105:-25 106:-26 107:-21 108:-28 109:-23 110:-31 111:-34 )
T100 model=0 fit=93.9/105.2/105.0 best=0 ( 0:-22 5:-30 1:-28 2:-32 3:-23 4:-30 100:-30 101:-30 102:-28 103:-25 104:-30 105:-32 106:-30 107:-32 108:-27 109:-33 110:-26 111:-34 )
T101 model=0 fit=73.7/103.7/103.5 best=108 ( 0:-28 1:-30 2:-23 3:-29 4:-23 100:-25 101:-24 102:-26 103:-25 104:-25 105:-30 106:-31 107:-28 108:-22 109:-32 110:-31 111:-25 )
T102 model=0 fit=57.6/98.6/98.5 best=0 ( 0:-18 5:-27 1:-21 2:-31 3:-19 4:-24 100:-25 101:-23 102:-32 103:-28 104:-26 105:-29 106:-23 107:-30 108:-18 109:-27 110:-25 111:-28 )
T103 model=0 fit=60.3/99.0/98.9 best=111 ( 0:-26 1:-30 2:-26 3:-27 4:-20 100:-25 101:-22 102:-25 103:-23 104:-28 105:-27 106:-25 107:-23 108:-19 109:-27 110:-25 111:-19 )
T104 model=0 fit=52.2/100.3/100.2 best=111 ( 0:-26 5:-28 1:-28 2:-27 3:-27 4:-23 100:-23 101:-23 102:-25 103:-18 104:-24 105:-30 106:-31 107:-28 108:-29 109:-31 110:-25 111:-18 )
T105 model=0 fit=40.6/105.2/105.2 best=4 ( 0:-29 5:-24 1:-26 2:-27 3:-26 4:-20 100:-27 101:-27 102:-26 103:-21 104:-24 105:-24 106:-28 107:-23 108:-29 109:-31 110:-23 111:-26 )
T106 model=0 fit=61.4/120.6/120.6 best=106 ( 0:-26 5:-25 1:-22 2:-21 3:-27 4:-27 100:-28 101:-28 102:-23 103:-22 104:-27 105:-22 106:-20 107:-26 108:-22 109:-30 110:-21 111:-26 )
T107 model=0 fit=67.0/102.5/102.4 best=107 ( 0:-24 5:-25 1:-31 2:-24 3:-26 4:-24 100:-28 101:-28 102:-32 103:-24 104:-20 105:-22 106:-27 107:-18 108:-25 109:-28 110:-23 111:-27 )
T108 model=0 fit=57.9/99.7/99.7 best=106 ( 0:-26 5:-20 1:-27 2:-22 3:-27 4:-25 100:-24 101:-23 102:-22 103:-24 104:-24 105:-24 106:-20 107:-22 108:-26 109:-23 110:-22 111:-21 )
T109 model=0 fit=64.5/109.8/109.8 best=2 ( 0:-26 5:-21 1:-27 2:-19 3:-27 4:-21 100:-25 101:-25 102:-25 103:-26 104:-25 105:-25 106:-23 107:-24 108:-28 109:-26 110:-24 111:-21 )
T110 model=0 fit=67.2/114.9/114.9 best=5 ( 0:-23 5:-19 1:-29 2:-21 3:-24 4:-20 100:-26 101:-27 102:-24 103:-23 104:-25 105:-31 106:-26 107:-25 108:-26 109:-29 110:-28 111:-26 )
T111 model=0 fit=83.0/131.4/131.4 best=103 ( 0:-22 5:-21 1:-26 2:-23 3:-23 4:-27 100:-130 101:-130 102:-126 103:-21 104:-21 105:-27 106:-24 107:-23 108:-22 109:-25 110:-132 111:-27 )
T112 model=0 fit=123.1/145.0/145.0 best=111 ( 0:-32 5:-128 1:-29 2:-26 3:-34 4:-28 100:-130 101:-131 102:-27 103:-130 104:-130 105:-29 106:-132 107:-132 108:-29 109:-31 110:-30 111:-23 )
T113 model=0 fit=144.2/151.5/151.5 best=1 ( 0:-25 5:-24 1:-23 2:-23 3:-26 4:-28 100:-28 101:-28 102:-32 103:-30 104:-30 105:-34 106:-32 107:-32 108:-28 109:-130 110:-26 111:-26 )
T114 model=0 fit=126.9/146.0/146.0 best=110 ( 0:-27 5:-23 1:-25 2:-26 3:-28 4:-24 100:-24 101:-24 102:-27 103:-34 104:-34 105:-26 106:-27 107:-27 108:-31 109:-27 110:-20 111:-130 )
T115 model=0 fit=116.8/134.2/134.2 best=103 ( 0:-27 5:-26 1:-27 2:-23 3:-28 4:-26 100:-22 101:-22 102:-26 103:-20 104:-22 105:-27 106:-26 107:-26 108:-26 109:-23 110:-28 111:-28 )
T116 model=0 fit=105.8/130.0/130.0 best=109 ( 0:-25 5:-26 1:-29 2:-26 3:-26 4:-28 100:-24 101:-28 102:-132 103:-28 104:-31 105:-129 106:-33 107:-29 108:-29 109:-23 110:-23 111:-129 )
T117 model=0 fit=92.1/121.0/121.0 best=106 ( 0:-29 5:-26 1:-25 2:-31 3:-31 4:-28 100:-26 101:-26 102:-32 103:-30 104:-30 105:-29 106:-21 107:-26 108:-22 109:-28 110:-28 111:-28 )
T118 model=0 fit=86.4/100.7/100.7 best=2 ( 0:-25 5:-31 1:-28 2:-19 3:-29 4:-30 100:-26 101:-28 102:-31 103:-29 104:-24 105:-24 106:-33 107:-29 108:-23 109:-28 110:-32 111:-25 )
T119 model=2 fit=100.5/99.5/99.5 best=108 ( 0:-27 5:-27 1:-30 2:-29 3:-28 4:-25 100:-129 101:-129 102:-129 103:-31 104:-31 105:-24 106:-29 107:-127 108:-22 109:-28 110:-26 111:-24 )
T120 model=2 fit=99.4/88.6/88.6 best=5 ( 0:-29 5:-18 1:-21 2:-27 3:-30 4:-25 100:-31 101:-31 102:-29 103:-28 104:-28 105:-27 106:-128 107:-27 108:-20 109:-23 110:-31 111:-21 )
T121 model=0 fit=87.5/90.0/90.0 best=5 ( 0:-32 5:-18 1:-26 2:-22 3:-34 4:-26 100:-25 101:-25 102:-31 103:-132 104:-132 105:-31 106:-28 107:-27 108:-20 109:-29 110:-30 111:-31 )
T122 model=0 fit=101.3/117.0/117.0 best=109 ( 0:-23 5:-21 1:-23 2:-28 3:-24 4:-20 100:-25 101:-24 102:-27 103:-21 104:-21 105:-21 106:-19 107:-25 108:-23 109:-19 110:-23 111:-25 )
T123 model=0 fit=130.9/151.9/151.9 best=108 ( 0:-23 5:-128 1:-24 2:-29 3:-29 4:-21 100:-21 101:-21 102:-31 103:-24 104:-25 105:-25 106:-27 107:-22 108:-15 109:-130 110:-130 111:-25 )
T124 model=0 fit=139.6/188.3/188.3 best=103 ( 0:-22 5:-18 1:-23 2:-25 3:-26 4:-19 100:-26 101:-25 102:-19 103:-18 104:-18 105:-22 106:-26 107:-25 108:-20 109:-23 110:-21 111:-19 )
T125 model=0 fit=135.7/173.8/173.8 best=102 ( 0:-14 5:-20 1:-19 2:-25 3:-14 4:-25 100:-24 101:-24 102:-13 103:-22 104:-22 105:-18 106:-27 107:-25 108:-22 109:-21 110:-26 111:-24 )
T126 model=0 fit=131.0/153.7/153.7 best=101 ( 0:-20 5:-25 1:-23 2:-23 3:-22 4:-21 100:-23 101:-20 102:-27 103:-24 104:-21 105:-21 106:-21 107:-25 108:-24 109:-25 110:-23 111:-23 )
T127 model=2 fit=141.7/128.6/128.6 best=4 ( 0:-27 5:-23 1:-26 2:-29 3:-24 4:-18 100:-25 101:-25 102:-27 103:-26 104:-25 105:-24 106:-24 107:-24 108:-24 109:-20 110:-18 111:-24 )
T128 model=2 fit=184.2/167.0/167.0 best=5 ( 0:-25 5:-11 1:-23 2:-16 3:-21 4:-13 100:-21 101:-21 102:-14 103:-26 104:-26 105:-131 106:-22 107:-21 108:-21 109:-27 110:-20 111:-16 )
T129 model=0 fit=194.9/199.9/199.9 best=0 ( 0:-19 5:-22 1:-131 2:-27 3:-25 4:-24 100:-20 101:-25 102:-27 103:-24 104:-24 105:-23 106:-26 107:-24 108:-24 109:-22 110:-132 111:-31 )
T130 model=0 fit=188.5/205.9/205.9 best=106 ( 0:-126 1:-23 2:-21 3:-127 4:-23 100:-27 101:-131 102:-130 103:-130 104:-23 105:-22 106:-20 107:-22 108:-22 109:-25 110:-21 111:-27 )
T131 model=0 fit=155.9/160.2/160.2 best=2 ( 0:-25 5:-24 1:-24 2:-15 3:-26 4:-18 100:-131 101:-28 102:-130 103:-132 104:-25 105:-132 106:-26 107:-26 108:-132 109:-29 110:-128 111:-128 )
T132 model=0 fit=125.1/130.1/130.1 best=5 ( 0:-27 5:-14 1:-130 2:-16 3:-28 4:-17 100:-132 101:-132 102:-130 103:-130 104:-127 105:-130 106:-26 107:-25 108:-130 109:-28 110:-132 111:-25 )
T133 model=0 fit=139.6/145.1/145.1 best=108 ( 0:-24 5:-23 1:-129 2:-25 3:-22 4:-20 100:-27 101:-26 102:-23 103:-131 104:-131 105:-131 106:-29 107:-19 108:-18 109:-27 110:-24 111:-129 )
T134 model=0 fit=136.7/162.6/162.6 best=104 ( 0:-26 5:-22 1:-28 2:-25 3:-30 4:-25 100:-25 101:-28 102:-25 103:-31 104:-16 105:-17 106:-27 107:-22 108:-24 109:-132 110:-130 111:-128 )
T135 model=0 fit=129.7/153.8/153.8 best=101 ( 0:-131 5:-130 1:-17 2:-31 3:-132 4:-132 100:-129 101:-17 102:-132 103:-132 104:-132 105:-130 106:-132 107:-132 108:-131 109:-132 110:-130 111:-131 )
T136 model=0 fit=138.8/157.7/157.7 best=1 ( 0:-128 5:-129 1:-18 2:-24 3:-129 4:-20 100:-24 101:-131 102:-132 103:-130 104:-128 105:-126 106:-130 107:-125 108:-27 109:-129 110:-129 111:-129 )
T137 model=0 fit=127.2/128.4/128.4 best=111 ( 0:-131 5:-129 1:-131 2:-131 3:-129 4:-130 100:-129 101:-130 102:-130 103:-132 104:-132 105:-132 106:-132 107:-132 108:-129 109:-27 110:-128 111:-22 )
T138 model=2 fit=109.0/105.8/105.8 best=0 ( 0:-12 5:-19 1:-17 2:-132 3:-15 4:-22 100:-22 101:-22 102:-22 103:-25 104:-25 105:-25 106:-24 107:-25 108:-25 109:-19 110:-23 111:-21 )
T139 model=2 fit=106.3/104.1/104.1 best=111 ( 0:-128 1:-130 2:-22 3:-129 4:-129 100:-129 101:-129 102:-130 103:-130 104:-129 105:-130 106:-130 107:-129 108:-130 109:-27 110:-23 111:-15 )
T140 model=0 fit=94.4/104.9/104.9 best=5 ( 0:-131 5:-127 1:-131 2:-131 3:-132 4:-131 100:-132 101:-132 102:-132 103:-132 104:-132 105:-132 106:-131 107:-132 108:-132 109:-129 110:-129 111:-129 )
T141 model=0 fit=80.1/103.4/103.4 best=103 ( 0:-128 5:-127 1:-130 2:-129 3:-129 4:-131 100:-129 101:-129 102:-130 103:-125 104:-129 105:-130 106:-132 107:-129 108:-130 109:-129 110:-129 111:-129 )
T142 model=0 fit=77.1/92.4/92.4 best=5 ( 0:-126 5:-125 1:-130 2:-127 3:-129 4:-131 100:-131 101:-130 102:-130 103:-127 104:-130 105:-130 106:-129 107:-130 108:-130 109:-131 110:-131 111:-131 )
T143 model=0 fit=61.9/86.7/86.7 best=0 ( 0:-125 5:-130 1:-130 2:-127 3:-126 4:-132 100:-129 101:-130 102:-130 103:-132 104:-130 105:-130 106:-132 107:-130 108:-130 109:-132 110:-129 111:-129 )
T144 model=0 fit=55.4/84.7/84.7 best=100 ( 0:-129 1:-132 2:-129 3:-130 4:-132 100:-128 101:-130 102:-130 103:-130 104:-130 105:-130 106:-132 107:-132 108:-130 109:-130 110:-132 111:-132 )
T145 model=0 fit=52.8/89.3/89.3 best=3 ( 0:-127 5:-128 1:-130 2:-129 3:-126 4:-130 100:-130 101:-129 102:-129 103:-131 104:-129 105:-129 106:-126 107:-129 108:-127 109:-130 110:-129 111:-129 )
T146 model=0 fit=48.9/104.5/104.5 best=106 ( 0:-129 5:-130 1:-127 2:-130 3:-132 4:-132 100:-127 101:-131 102:-131 103:-128 104:-131 105:-131 106:-123 107:-129 108:-128 109:-130 110:-131 111:-131 )
T147 model=0 fit=44.2/98.1/98.1 best=108 ( 0:-129 5:-128 1:-130 2:-129 3:-130 4:-131 100:-131 101:-131 102:-129 103:-130 104:-129 105:-129 106:-130 107:-129 108:-125 109:-130 110:-129 111:-129 )
T148 model=0 fit=55.0/92.7/92.7 best=0 ( 0:-123 5:-123 1:-126 2:-129 3:-126 4:-127 100:-129 101:-126 102:-126 103:-129 104:-126 105:-126 106:-124 107:-125 108:-125 109:-127 110:-126 111:-126 )
T149 model=0 fit=66.5/94.9/94.9 best=107 ( 0:-129 1:-126 2:-129 3:-130 4:-127 100:-128 101:-131 102:-131 103:-131 104:-131 105:-131 106:-126 107:-125 108:-125 109:-129 110:-131 111:-131 )
T150 model=0 fit=52.5/72.4/72.4 best=5 ( 0:-129 5:-123 1:-127 2:-130 3:-130 4:-130 100:-130 101:-130 102:-130 103:-130 104:-130 105:-130 106:-129 107:-125 108:-125 109:-130 110:-130 111:-130 )
T151 model=0 fit=58.8/72.7/72.7 best=5 ( 0:-126 5:-123 1:-127 2:-130 3:-130 4:-126 100:-130 101:-130 102:-130 103:-130 104:-130 105:-130 106:-126 107:-125 108:-125 109:-130 110:-130 111:-130 )
T152 model=0 fit=43.1/52.9/52.9 best=5 ( 0:-129 5:-123 1:-130 2:-129 3:-130 4:-130 100:-130 101:-130 102:-130 103:-130 104:-130 105:-130 106:-126 107:-125 108:-125 109:-130 110:-130 111:-130 )
T153 model=0 fit=39.2/46.0/46.0 best=5 ( 0:-128 5:-123 1:-129 2:-125 3:-129 4:-125 100:-131 101:-131 102:-131 103:-129 104:-129 105:-129 106:-125 107:-125 108:-125 109:-129 110:-129 111:-129 )
T154 model=0 fit=27.4/32.2/32.2 best=5 ( 0:-128 5:-123 1:-129 2:-129 3:-129 4:-129 100:-129 101:-129 102:-129 103:-129 104:-129 105:-129 106:-129 107:-129 108:-129 109:-129 110:-129 111:-129 )
T155 model=0 fit=21.2/24.6/24.6 best=5 ( 0:-128 5:-123 1:-125 2:-129 3:-129 4:-127 100:-129 101:-129 102:-129 103:-129 104:-129 105:-129 106:-129 107:-129 108:-129 109:-129 110:-129 111:-129 )
T156 model=0 fit=16.8/19.2/19.2 best=5 ( 0:-124 5:-123 1:-125 2:-125 3:-125 4:-125 100:-125 101:-125 102:-125 103:-125 104:-125 105:-125 106:-125 107:-125 108:-125 109:-125 110:-125 111:-125 )
T157 model=0 fit=21.8/23.4/23.4 best=5 ( 0:-124 5:-123 1:-125 2:-125 3:-125 4:-125 100:-125 101:-125 102:-125 103:-125 104:-125 105:-125 106:-125 107:-125 108:-125 109:-125 110:-125 111:-125 )
T158 model=0 fit=43.3/44.4/44.4 best=5 ( 0:-124 5:-123 1:-125 2:-125 3:-125 4:-125 100:-125 101:-125 102:-125 103:-125 104:-125 105:-125 106:-125 107:-125 108:-125 109:-125 110:-125 111:-125 )
T159 model=0 fit=38.3/39.1/39.1 best=5 ( 0:-124 5:-123 1:-125 2:-125 3:-125 4:-125 100:-125 101:-125 102:-125 103:-125 104:-125 105:-125 106:-125 107:-125 108:-125 109:-125 110:-125 111:-125 )
T160 model=0 fit=26.8/27.4/27.4 best=5 ( 0:-124 5:-123 1:-125 2:-125 3:-125 4:-125 100:-125 101:-125 102:-125 103:-125 104:-125 105:-125 106:-125 107:-125 108:-125 109:-125 110:-125 111:-125 )
