T1 model=0 fit=0.0/0.0/0.0 best=3 ( 0:0 1:-2 2:-1 3:8 4:-2 )
T2 model=0 fit=0.0/0.0/0.0 best=3 ( 0:0 1:-2 2:-4 3:6 4:-2 5:6 )
T3 model=0 fit=0.0/0.0/0.0 best=3 ( 0:0 1:0 2:-4 3:7 4:-2 5:7 )
T4 model=0 fit=0.0/0.0/0.0 best=3 ( 0:2 1:-3 2:-5 3:10 4:2 5:10 )
T5 model=2 fit=4.0/4.0/0.0 best=4 ( 0:3 1:4 2:5 3:3 4:7 5:3 )
T6 model=2 fit=10.8/6.8/0.0 best=1 ( 0:1 1:2 2:1 3:1 4:-2 5:-2 )
T7 model=2 fit=16.6/9.8/0.0 best=2 ( 0:-3 1:3 2:4 3:-3 4:-1 5:3 )
T8 model=2 fit=28.6/11.8/0.0 best=2 ( 0:-4 1:-2 2:4 3:-4 4:-1 5:4 )
T9 model=2 fit=31.0/13.3/0.0 best=1 ( 0:-4 1:7 2:2 3:-4 4:6 5:2 )
T10 model=2 fit=37.7/21.3/0.0 best=1 ( 0:4 1:8 2:-3 3:4 4:-2 5:8 )
T11 model=2 fit=38.4/18.9/0.0 best=1 ( 0:-2 1:-1 2:-11 3:-2 4:-3 5:-1 )
T12 model=2 fit=40.9/29.2/0.0 best=1 ( 0:1 1:2 2:1 3:1 4:-10 5:2 )
T13 model=2 fit=46.6/28.5/0.0 best=0 ( 0:2 1:-0 2:-2 3:2 4:-2 5:-0 )
T14 model=2 fit=59.6/27.9/0.0 best=0 ( 0:2 1:-2 2:-2 3:2 4:2 5:2 )
T15 model=2 fit=53.7/31.5/0.0 best=2 ( 0:1 1:-3 2:5 3:1 4:-1 5:1 )
T16 model=2 fit=81.6/34.1/0.0 best=2 ( 0:-11 1:-2 2:5 3:-11 4:-10 5:5 )
T17 model=2 fit=90.1/23.9/0.0 best=4 ( 0:-6 1:-21 2:-8 3:-6 4:-6 5:-8 )
T18 model=2 fit=89.1/16.7/0.0 best=4 ( 0:-8 1:-12 2:-5 3:-8 4:-3 5:-3 )
T19 model=2 fit=103.4/11.7/0.0 best=4 ( 0:-7 1:-11 2:-9 3:-7 4:-3 5:-3 )
T20 model=2 fit=122.4/8.2/0.0 best=4 ( 0:-6 1:-8 2:-13 3:-6 4:-3 5:-3 )
T21 model=2 fit=115.6/5.7/0.0 best=4 ( 0:-7 1:-7 2:-16 3:-7 4:-2 5:-2 )
T22 model=2 fit=146.0/4.0/0.0 best=4 ( 0:-6 1:-17 2:-8 3:-6 4:-2 5:-2 )
T23 model=2 fit=141.2/2.8/0.0 best=4 ( 0:-4 1:-10 2:-12 3:-4 4:-2 5:-2 )
T24 model=2 fit=136.8/2.0/0.0 best=4 ( 0:-17 1:-16 2:-18 3:-17 4:-2 5:-2 )
T25 model=2 fit=133.8/1.4/0.0 best=4 ( 0:-17 1:-17 2:-16 3:-17 4:-3 5:-3 )
T26 model=2 fit=129.6/1.0/0.0 best=1 ( 0:-20 1:-11 2:-13 3:-20 4:-20 5:-20 )
T27 model=2 fit=106.7/0.7/0.0 best=2 ( 0:-20 1:-19 2:-5 3:-20 4:-20 5:-19 )
T28 model=2 fit=104.7/0.5/0.0 best=1 ( 0:-20 1:-14 2:-17 3:-20 4:-21 5:-17 )
T29 model=2 fit=89.3/0.3/0.0 best=1 ( 0:-18 1:-12 2:-14 3:-18 4:-18 5:-12 )
T30 model=2 fit=106.5/0.2/0.0 best=1 ( 0:-18 1:-13 2:-21 3:-18 4:-18 5:-13 )
T31 model=2 fit=110.6/0.2/0.0 best=0 ( 0:-12 1:-13 2:-23 3:-12 4:-12 5:-13 )
T32 model=2 fit=91.4/8.1/0.0 best=2 ( 0:-11 1:-19 2:-6 3:-11 4:-11 5:-11 )
T33 model=2 fit=100.0/20.7/0.0 best=2 ( 0:-26 1:-6 2:-6 3:-26 4:-26 5:-6 )
T34 model=2 fit=105.0/42.5/0.0 best=2 ( 0:-12 1:-17 2:-4 3:-12 4:-12 5:-4 )
T35 model=2 fit=101.5/65.7/0.0 best=2 ( 0:-24 1:-20 2:-6 3:-24 4:-24 5:-6 )
T36 model=2 fit=98.0/57.0/0.0 best=2 ( 0:-27 1:-31 2:-8 3:-27 4:-26 5:-8 )
T37 model=2 fit=122.6/64.9/0.0 best=2 ( 0:-13 1:-27 2:3 3:-13 4:-13 5:3 )
T38 model=2 fit=148.8/68.4/0.0 best=2 ( 0:-25 1:-17 2:-16 3:-25 4:-25 5:-16 )
T39 model=2 fit=137.2/60.9/0.0 best=2 ( 0:-28 1:-28 2:-24 3:-28 4:-27 5:-24 )
T40 model=2 fit=118.0/65.6/0.0 best=0 ( 0:-11 1:-16 2:-24 3:-11 4:-13 5:-24 )
T41 model=2 fit=107.6/60.9/0.0 best=1 ( 0:-17 1:-11 2:-20 3:-17 4:-17 5:-17 )
T42 model=2 fit=103.3/48.7/0.0 best=0 ( 0:-13 1:-16 2:-23 3:-13 4:-13 5:-16 )
T43 model=2 fit=117.3/61.1/0.0 best=2 ( 0:-14 1:-29 2:-12 3:-14 4:-14 5:-14 )
T44 model=2 fit=126.1/49.7/0.0 best=2 ( 0:-13 1:-25 2:-11 3:-13 4:-13 5:-11 )
T45 model=2 fit=123.3/53.8/0.0 best=2 ( 0:-26 1:-14 2:-11 3:-26 4:-24 5:-11 )
T46 model=2 fit=129.3/61.7/0.0 best=2 ( 0:-25 1:-21 2:-12 3:-25 4:-20 5:-12 )
T47 model=2 fit=115.5/50.2/0.0 best=1 ( 0:-31 1:-22 2:-28 3:-30 4:-23 5:-28 )
T48 model=2 fit=128.9/91.1/0.0 best=2 ( 0:-30 1:-20 2:-20 3:-30 4:-25 5:-20 )
T49 model=2 fit=128.2/80.8/0.0 best=2 ( 0:-31 1:-25 2:-22 3:-31 4:-31 5:-22 )
T50 model=2 fit=133.7/66.5/0.0 best=0 ( 0:-21 1:-25 2:-22 3:-21 4:-21 5:-22 )
T51 model=2 fit=119.6/46.6/0.0 best=0 ( 0:-25 1:-28 2:-28 3:-25 4:-25 5:-25 )
T52 model=2 fit=107.7/32.6/0.0 best=1 ( 0:-31 1:-21 2:-25 3:-31 4:-31 5:-31 )
T53 model=2 fit=107.4/33.8/0.0 best=2 ( 0:-33 1:-34 2:-24 3:-33 4:-33 5:-34 )
T54 model=2 fit=106.2/49.7/0.0 best=1 ( 0:-30 1:-29 2:-29 3:-32 4:-33 5:-29 )
T55 model=2 fit=113.3/55.8/0.0 best=2 ( 0:-31 1:-30 2:-29 3:-32 4:-32 5:-30 )
T56 model=2 fit=127.3/60.0/0.0 best=0 ( 0:-29 1:-35 2:-31 3:-29 4:-29 5:-31 )
T57 model=2 fit=121.1/53.0/0.0 best=4 ( 0:-30 1:-36 2:-40 3:-30 4:-29 5:-30 )
T58 model=2 fit=99.8/46.1/0.0 best=2 ( 0:-30 1:-36 2:-20 3:-30 4:-29 5:-29 )
T59 model=2 fit=124.9/71.3/0.0 best=2 ( 0:-37 1:-42 2:-22 3:-37 4:-37 5:-22 )
T60 model=2 fit=123.4/71.9/0.0 best=4 ( 0:-45 1:-131 2:-33 3:-41 4:-32 5:-33 )
T61 model=2 fit=120.4/50.3/0.0 best=2 ( 0:-45 1:-47 2:-37 3:-48 4:-47 5:-47 )
T62 model=2 fit=110.3/35.2/0.0 best=4 ( 0:-34 1:-44 2:-39 3:-34 4:-33 5:-39 )
T63 model=2 fit=105.2/24.7/0.0 best=4 ( 0:-35 1:-49 2:-40 3:-35 4:-35 5:-35 )
T64 model=2 fit=95.6/17.3/0.0 best=0 ( 0:-36 1:-49 2:-36 3:-36 4:-36 5:-36 )
T65 model=2 fit=110.9/12.1/0.0 best=4 ( 0:-36 1:-49 2:-36 3:-36 4:-35 5:-36 )
T66 model=2 fit=95.7/8.5/0.0 best=0 ( 0:-36 1:-129 2:-44 3:-36 4:-36 5:-36 )
T67 model=2 fit=79.0/5.9/0.0 best=1 ( 0:-46 1:-42 2:-45 3:-130 4:-42 5:-46 )
T68 model=2 fit=93.3/4.1/0.0 best=2 ( 0:-38 1:-43 2:-35 3:-38 4:-45 5:-43 )
T69 model=2 fit=73.3/2.9/0.0 best=4 ( 0:-38 1:-41 2:-35 3:-39 4:-33 5:-35 )
T70 model=2 fit=67.3/2.0/0.0 best=1 ( 0:-39 1:-30 2:-41 3:-40 4:-33 5:-33 )
T71 model=2 fit=63.1/1.4/0.0 best=2 ( 0:-42 1:-37 2:-32 3:-42 4:-35 5:-37 )
T72 model=2 fit=82.2/1.0/0.0 best=2 ( 0:-37 1:-33 2:-32 3:-39 4:-41 5:-32 )
T73 model=2 fit=76.5/0.7/0.0 best=0 ( 0:-31 1:-33 2:-33 3:-31 4:-40 5:-33 )
T74 model=2 fit=73.6/0.5/0.0 best=0 ( 0:-31 1:-32 2:-34 3:-31 4:-35 5:-31 )
T75 model=2 fit=112.5/24.3/0.0 best=0 ( 0:-31 1:-34 2:-38 3:-31 4:-34 5:-31 )
T76 model=2 fit=143.7/42.0/0.0 best=0 ( 0:-31 1:-37 2:-33 3:-31 4:-33 5:-31 )
T77 model=2 fit=169.6/64.4/0.0 best=0 ( 0:-38 1:-40 2:-41 3:-40 4:-39 5:-38 )
T78 model=2 fit=180.7/61.1/0.0 best=1 ( 0:-38 1:-38 2:-45 3:-40 4:-132 5:-38 )
T79 model=2 fit=170.5/42.8/0.0 best=0 ( 0:-32 1:-37 2:-44 3:-38 4:-34 5:-37 )
T80 model=2 fit=131.4/29.9/0.0 best=0 ( 0:-32 1:-39 2:-38 3:-38 4:-132 5:-32 )
T81 model=2 fit=141.0/21.0/0.0 best=0 ( 0:-31 1:-33 2:-40 3:-38 4:-33 5:-31 )
T82 model=2 fit=146.7/14.7/0.0 best=0 ( 0:-32 1:-34 2:-32 3:-38 4:-32 5:-32 )
T83 model=2 fit=146.7/10.3/0.0 best=2 ( 0:-31 1:-35 2:-30 3:-38 4:-31 5:-31 )
T84 model=2 fit=134.7/7.2/0.0 best=1 ( 0:-33 1:-28 2:-30 3:-30 4:-41 5:-30 )
T85 model=2 fit=140.3/5.0/0.0 best=0 ( 0:-28 1:-31 2:-33 3:-35 4:-30 5:-31 )
T86 model=2 fit=139.2/3.5/0.0 best=0 ( 0:-27 1:-31 2:-29 3:-32 4:-32 5:-27 )
T87 model=2 fit=145.4/2.5/0.0 best=0 ( 0:-27 1:-32 2:-29 3:-33 4:-31 5:-27 )
T88 model=2 fit=182.8/30.7/0.0 best=0 ( 0:-26 1:-34 2:-27 3:-33 4:-27 5:-26 )
T89 model=2 fit=161.0/32.5/0.0 best=0 ( 0:-27 1:-34 2:-28 3:-27 4:-28 5:-27 )
T90 model=2 fit=147.7/37.8/0.0 best=0 ( 0:-28 1:-30 2:-33 3:-28 4:-32 5:-28 )
T91 model=2 fit=140.4/55.4/0.0 best=1 ( 0:-29 1:-28 2:-32 3:-29 4:-34 5:-29 )
T92 model=2 fit=143.3/55.8/0.0 best=4 ( 0:-34 1:-36 2:-32 3:-36 4:-30 5:-36 )
T93 model=2 fit=173.3/69.1/0.0 best=4 ( 0:-37 1:-34 2:-32 3:-39 4:-29 5:-29 )
T94 model=2 fit=194.3/79.3/0.0 best=2 ( 0:-32 1:-38 2:-29 3:-33 4:-30 5:-30 )
T95 model=2 fit=173.0/92.5/0.0 best=2 ( 0:-30 1:-32 2:-29 3:-30 4:-30 5:-29 )
T96 model=2 fit=170.1/93.8/0.0 best=2 ( 0:-31 1:-36 2:-29 3:-31 4:-30 5:-29 )
T97 model=2 fit=196.1/80.6/0.0 best=1 ( 0:-32 1:-27 2:-31 3:-33 4:-30 5:-31 )
T98 model=2 fit=194.3/67.5/0.0 best=3 ( 0:-34 1:-36 2:-131 3:-32 4:-132 5:-36 )
T99 model=2 fit=196.0/59.2/0.0 best=2 ( 0:-34 1:-34 2:-32 3:-35 4:-132 5:-35 )
T100 model=2 fit=158.2/66.5/0.0 best=4 ( 0:-35 1:-32 2:-33 3:-37 4:-32 5:-33 )
T101 model=2 fit=147.7/77.5/0.0 best=0 ( 0:-27 1:-32 2:-35 3:-28 4:-30 5:-30 )
T102 model=2 fit=144.4/89.3/0.0 best=1 ( 0:-35 1:-33 2:-35 3:-36 4:-34 5:-35 )
T103 model=2 fit=152.1/94.5/0.0 best=4 ( 0:-34 1:-34 2:-35 3:-35 4:-33 5:-34 )
T104 model=2 fit=155.5/109.1/0.0 best=0 ( 0:-33 1:-37 2:-34 3:-36 4:-34 5:-34 )
T105 model=2 fit=165.8/119.4/0.0 best=2 ( 0:-37 1:-38 2:-34 3:-36 4:-35 5:-37 )
T106 model=2 fit=153.1/117.6/0.0 best=4 ( 0:-38 1:-132 2:-35 3:-35 4:-30 5:-35 )
T107 model=2 fit=167.2/132.3/0.0 best=4 ( 0:-38 1:-130 2:-38 3:-38 4:-30 5:-30 )
T108 model=2 fit=164.0/118.6/0.0 best=2 ( 0:-33 1:-34 2:-26 3:-35 4:-31 5:-31 )
T109 model=2 fit=192.8/131.0/0.0 best=2 ( 0:-34 1:-34 2:-28 3:-38 4:-29 5:-28 )
T110 model=2 fit=175.0/112.7/0.0 best=1 ( 0:-34 1:-33 2:-38 3:-35 4:-33 5:-38 )
T111 model=2 fit=164.5/90.9/0.0 best=0 ( 0:-31 1:-31 2:-31 3:-34 4:-35 5:-31 )
T112 model=2 fit=147.1/85.6/0.0 best=2 ( 0:-31 1:-31 2:-31 3:-35 4:-33 5:-31 )
T113 model=2 fit=136.0/78.9/0.0 best=0 ( 0:-30 1:-32 2:-33 3:-33 4:-30 5:-33 )
T114 model=2 fit=139.2/69.3/0.0 best=4 ( 0:-30 1:-33 2:-33 3:-34 4:-30 5:-30 )
T115 model=2 fit=164.4/74.5/0.0 best=0 ( 0:-30 1:-33 2:-32 3:-34 4:-32 5:-32 )
T116 model=2 fit=159.1/86.1/0.0 best=1 ( 0:-36 1:-31 2:-31 3:-35 4:-35 5:-36 )
T117 model=2 fit=149.4/84.3/0.0 best=2 ( 0:-34 1:-31 2:-30 3:-34 4:-32 5:-31 )
T118 model=2 fit=182.6/113.0/0.0 best=2 ( 0:-34 1:-129 2:-30 3:-34 4:-32 5:-30 )
T119 model=2 fit=141.8/97.1/0.0 best=2 ( 0:-35 1:-32 2:-31 3:-33 4:-31 5:-31 )
T120 model=2 fit=163.3/72.0/0.0 best=1 ( 0:-132 1:-31 2:-31 3:-32 4:-31 5:-31 )
T121 model=2 fit=142.3/50.4/0.0 best=1 ( 0:-31 1:-30 2:-32 3:-33 4:-31 5:-30 )
T122 model=2 fit=177.6/35.3/0.0 best=4 ( 0:-30 1:-29 2:-30 3:-32 4:-28 5:-29 )
T123 model=2 fit=144.3/24.7/0.0 best=4 ( 0:-31 1:-127 2:-31 3:-31 4:-28 5:-28 )
T124 model=2 fit=121.0/17.3/0.0 best=4 ( 0:-30 1:-131 2:-30 3:-31 4:-27 5:-27 )
T125 model=2 fit=124.7/12.1/0.0 best=4 ( 0:-30 1:-131 2:-132 3:-30 4:-25 5:-25 )
T126 model=2 fit=115.3/8.5/0.0 best=4 ( 0:-132 1:-131 2:-131 3:-132 4:-129 5:-129 )
T127 model=2 fit=88.7/5.9/0.0 best=4 ( 0:-132 1:-131 2:-131 3:-132 4:-129 5:-129 )
T128 model=2 fit=88.1/4.1/0.0 best=4 ( 0:-132 1:-131 2:-131 3:-132 4:-129 5:-129 )
T129 model=2 fit=63.7/2.9/0.0 best=4 ( 0:-132 1:-131 2:-132 3:-132 4:-129 5:-129 )
T130 model=2 fit=62.6/2.0/0.0 best=4 ( 0:-132 1:-131 2:-132 3:-132 4:-129 5:-129 )
T131 model=2 fit=51.8/1.4/0.0 best=0 ( 0:-129 1:-132 2:-129 3:-129 4:-129 5:-129 )
T132 model=2 fit=48.3/1.0/0.0 best=0 ( 0:-129 1:-129 2:-129 3:-129 4:-130 5:-129 )
T133 model=2 fit=33.8/0.7/0.0 best=0 ( 0:-129 1:-129 2:-129 3:-129 4:-130 5:-129 )
T134 model=2 fit=23.6/0.5/0.0 best=0 ( 0:-129 1:-129 2:-130 3:-129 4:-130 5:-129 )
T135 model=2 fit=16.6/0.3/0.0 best=0 ( 0:-129 1:-129 2:-129 3:-129 4:-130 5:-129 )
T136 model=2 fit=23.6/0.2/0.0 best=0 ( 0:-129 1:-129 2:-129 3:-129 4:-132 5:-129 )
T137 model=2 fit=16.5/0.2/0.0 best=0 ( 0:-129 1:-129 2:-129 3:-129 4:-129 5:-129 )
T138 model=2 fit=17.6/0.1/0.0 best=0 ( 0:-129 1:-129 2:-129 3:-129 4:-129 5:-129 )
